ENDIAN=BIG,FORMAT=DMCSB1
0000,IMG1,PAL004,Dialog Box,,
0001,IMG1,PAL001,Title,,
0002,IMG1,PAL002,Entrance Left Door,,
0003,IMG1,PAL002,Entrance Right Door,,
0004,IMG1,PAL002,Entrance,,
0005,IMG1,PAL003,Credits,,
0006,IMG1,PAL004,'The End' Label,,
0007,IMG1,PAL004,Status Box,,
0008,IMG1,PAL004,Dead Status Box,,
0009,IMG1,PAL004,Menu Spell Area Background,,
0010,IMG1,PAL004,Menu Action Area,,
0011,IMG1,PAL004,Menu Spell Area Lines,,
0012,IMG1,PAL004,Font (Unused),,
0013,IMG1,PAL004,Movement Arrows,,
0014,IMG1,PAL004,Damage To Creature,,
0015,IMG1,PAL004,Damage To Champion (Small),,
0016,IMG1,PAL004,Damage To Champion (Big),,
0017,IMG1,PAL004,Inventory,,
0018,IMG1,PAL004,Arrow For Chest Content,,
0019,IMG1,PAL004,Eye For Object Description,,
0020,IMG1,PAL004,Panel - Empty,,
0021,COD1,PAL004,Copy protection code hidden as an IMG1 image of 16x12 pixels,,
0022,IMG1,PAL004,Empty image 16x4,,
0023,IMG1,PAL004,Panel - Open Scroll,,
0024,IMG1,PAL004,Empty image 16x4,,
0025,IMG1,PAL004,Panel - Open Container,,
0026,IMG1,PAL004,Champion Portraits,,
0027,IMG1,PAL004,Panel - Rename Champion,,
0028,IMG1,PAL004,Champion Icons,,
0029,IMG1,PAL004,Object Description Circle,,
0030,IMG1,PAL004,'Food' Label,,
0031,IMG1,PAL004,'Water' Label,,
0032,IMG1,PAL004,'Poisoned' Label,,
0033,IMG1,PAL004,Slot Box Normal,,
0034,IMG1,PAL004,Slot Box Wounded,,
0035,IMG1,PAL004,Slot Box Acting Hand,,
0036,IMG1,PAL004,Slot Box Unused,,
0037,IMG1,PAL004,Status Box Border - Party Shield,,
0038,IMG1,PAL004,Status Box Border - Party Fireshield,,
0039,IMG1,PAL004,Status Box Border - Spellshield,,
0040,IMG1,PAL004,Panel - Resurrect Reincarnate,,
0041,IMG1,PAL004,Hole In Wall,,
0042,IMG1,PAL004,Icons 000-031,,
0043,IMG1,PAL004,Icons 032-063,,
0044,IMG1,PAL004,Icons 064-095,,
0045,IMG1,PAL004,Icons 096-127,,
0046,IMG1,PAL004,Icons 128-159,,
0047,IMG1,PAL004,Icons 160-191,,
0048,IMG1,PAL004,Icons 192-223,,
0049,IMG1,PAL004,Floor Pit D3L,,
0050,IMG1,PAL004,Floor Pit D3C,,
0051,IMG1,PAL004,Floor Pit D2L,,
0052,IMG1,PAL004,Floor Pit D2C,,
0053,IMG1,PAL004,Floor Pit D1L,,
0054,IMG1,PAL004,Floor Pit D1C,,
0055,IMG1,PAL004,Floor Pit D0L,,
0056,IMG1,PAL004,Floor Pit D0C,,
0057,IMG1,PAL004,Floor Pit Invisible D2L,,
0058,IMG1,PAL004,Floor Pit Invisible D2C,,
0059,IMG1,PAL004,Floor Pit Invisible D1L,,
0060,IMG1,PAL004,Floor Pit Invisible D1C,,
0061,IMG1,PAL004,Floor Pit Invisible D0L,,
0062,IMG1,PAL004,Floor Pit Invisible D0C,,
0063,IMG1,PAL004,Ceiling Pit D2L,,
0064,IMG1,PAL004,Ceiling Pit D2C,,
0065,IMG1,PAL004,Ceiling Pit D1L,,
0066,IMG1,PAL004,Ceiling Pit D1C,,
0067,IMG1,PAL004,Ceiling Pit D0L,,
0068,IMG1,PAL004,Ceiling Pit D0C,,
0069,IMG1,PAL004,Field Mask D3R,,
0070,IMG1,PAL004,Field Mask D2R,,
0071,IMG1,PAL004,Field Mask D1R,,
0072,IMG1,PAL004,Field Mask D0R,,
0073,IMG1,PAL004,Field 0 - Teleporter,,
0074,IMG1,PAL004,Field 1 - Fluxcage,,
0075,IMG1,PAL004,Floor Set 0 - Floor,,
0076,IMG1,PAL004,Floor Set 0 - Ceiling,,
0077,IMG1,PAL004,Wall Set 0 - Door Frame Front D0C,,
0078,IMG1,PAL004,Wall Set 0 - Door Frame Left D1C,,
0079,IMG1,PAL004,Wall Set 0 - Door Frame Left D2C,,
0080,IMG1,PAL004,Wall Set 0 - Door Frame Left D3C,,
0081,IMG1,PAL004,Wall Set 0 - Door Frame Left D3L,,
0082,IMG1,PAL004,Wall Set 0 - Door Frame Top D1LCR,,
0083,IMG1,PAL004,Wall Set 0 - Door Frame Top D2LCR,,
0084,IMG1,PAL004,Wall Set 0 - Wall D0R,,
0085,IMG1,PAL004,Wall Set 0 - Wall D0L,,
0086,IMG1,PAL004,Wall Set 0 - Wall D1LCR,,
0087,IMG1,PAL004,Wall Set 0 - Wall D2LCR,,
0088,IMG1,PAL004,Wall Set 0 - Wall D3LCR,,
0089,IMG1,PAL004,Wall Set 0 - Wall D3L2,,
0090,IMG1,PAL004,Wall Set 0 - Stairs Up Front D3L,,
0091,IMG1,PAL004,Wall Set 0 - Stairs Up Front D3C,,
0092,IMG1,PAL004,Wall Set 0 - Stairs Up Front D2L,,
0093,IMG1,PAL004,Wall Set 0 - Stairs Up Front D2C,,
0094,IMG1,PAL004,Wall Set 0 - Stairs Up Front D1L,,
0095,IMG1,PAL004,Wall Set 0 - Stairs Up Front D1C,,
0096,IMG1,PAL004,Wall Set 0 - Stairs Up Front D0C Left,,
0097,IMG1,PAL004,Wall Set 0 - Stairs Down Front D3L,,
0098,IMG1,PAL004,Wall Set 0 - Stairs Down Front D3C,,
0099,IMG1,PAL004,Wall Set 0 - Stairs Down Front D2L,,
0100,IMG1,PAL004,Wall Set 0 - Stairs Down Front D2C,,
0101,IMG1,PAL004,Wall Set 0 - Stairs Down Front D1L,,
0102,IMG1,PAL004,Wall Set 0 - Stairs Down Front D1C,,
0103,IMG1,PAL004,Wall Set 0 - Stairs Down Front D0C Left,,
0104,IMG1,PAL004,Wall Set 0 - Stairs Side D2L,,
0105,IMG1,PAL004,Wall Set 0 - Stairs Up Side D1L,,
0106,IMG1,PAL004,Wall Set 0 - Stairs Down Side D1L,,
0107,IMG1,PAL004,Wall Set 0 - Stairs Side D0L,,
0108,IMG1,PAL004,Door Set 0 - Front D3,Portcullis,
0109,IMG1,PAL004,Door Set 0 - Front D2,Portcullis,
0110,IMG1,PAL004,Door Set 0 - Front D1,Portcullis,
0111,IMG1,PAL004,Door Set 1 - Front D3,Wooden Door,
0112,IMG1,PAL004,Door Set 1 - Front D2,Wooden Door,
0113,IMG1,PAL004,Door Set 1 - Front D1,Wooden Door,
0114,IMG1,PAL004,Door Set 2 - Front D3,Iron Door,
0115,IMG1,PAL004,Door Set 2 - Front D2,Iron Door,
0116,IMG1,PAL004,Door Set 2 - Front D1,Iron Door,
0117,IMG1,PAL004,Door Set 3 - Front D3,Ra Door,
0118,IMG1,PAL004,Door Set 3 - Front D2,Ra Door,
0119,IMG1,PAL004,Door Set 3 - Front D1,Ra Door,
0120,IMG1,PAL004,Inscription Font,,
0121,IMG1,PAL004,Wall Ornament 00 D1L,Unreadable Inscription,
0122,IMG1,PAL004,Wall Ornament 00 D1C,Unreadable Inscription,
0123,IMG1,PAL004,Wall Ornament 01 D1L,Square Alcove,
0124,IMG1,PAL004,Wall Ornament 01 D1C,Square Alcove,
0125,IMG1,PAL004,Wall Ornament 02 D1L,Vi Altar,
0126,IMG1,PAL004,Wall Ornament 02 D1C,Vi Altar,
0127,IMG1,PAL004,Wall Ornament 03 D1L,Arched Alcove,
0128,IMG1,PAL004,Wall Ornament 03 D1C,Arched Alcove,
0129,IMG1,PAL004,Wall Ornament 04 D1L,Hook,
0130,IMG1,PAL004,Wall Ornament 04 D1C,Hook,
0131,IMG1,PAL004,Wall Ornament 05 D1L,Iron Lock,
0132,IMG1,PAL004,Wall Ornament 05 D1C,Iron Lock,
0133,IMG1,PAL004,Wall Ornament 06 D1L,Wood Ring,
0134,IMG1,PAL004,Wall Ornament 06 D1C,Wood Ring,
0135,IMG1,PAL004,Wall Ornament 07 D1L,Small Switch,
0136,IMG1,PAL004,Wall Ornament 07 D1C,Small Switch,
0137,IMG1,PAL004,Wall Ornament 08 D1L,Dent 1,
0138,IMG1,PAL004,Wall Ornament 08 D1C,Dent 1,
0139,IMG1,PAL004,Wall Ornament 09 D1L,Dent 2,
0140,IMG1,PAL004,Wall Ornament 09 D1C,Dent 2,
0141,IMG1,PAL004,Wall Ornament 10 D1L,Iron Ring,
0142,IMG1,PAL004,Wall Ornament 10 D1C,Iron Ring,
0143,IMG1,PAL004,Wall Ornament 11 D1L,Crack,
0144,IMG1,PAL004,Wall Ornament 11 D1C,Crack,
0145,IMG1,PAL004,Wall Ornament 12 D1L,Slime Outlet,
0146,IMG1,PAL004,Wall Ornament 12 D1C,Slime Outlet,
0147,IMG1,PAL004,Wall Ornament 13 D1L,Dent 3,
0148,IMG1,PAL004,Wall Ornament 13 D1C,Dent 3,
0149,IMG1,PAL004,Wall Ornament 14 D1L,Tiny Switch,
0150,IMG1,PAL004,Wall Ornament 14 D1C,Tiny Switch,
0151,IMG1,PAL004,Wall Ornament 15 D1L,Green Switch Out,
0152,IMG1,PAL004,Wall Ornament 15 D1C,Green Switch Out,
0153,IMG1,PAL004,Wall Ornament 16 D1L,Blue Switch Out,
0154,IMG1,PAL004,Wall Ornament 16 D1C,Blue Switch Out,
0155,IMG1,PAL004,Wall Ornament 17 D1L,Coin Slot,
0156,IMG1,PAL004,Wall Ornament 17 D1C,Coin Slot,
0157,IMG1,PAL004,Wall Ornament 18 D1L,Double Iron Lock,
0158,IMG1,PAL004,Wall Ornament 18 D1C,Double Iron Lock,
0159,IMG1,PAL004,Wall Ornament 19 D1L,Square Lock,
0160,IMG1,PAL004,Wall Ornament 19 D1C,Square Lock,
0161,IMG1,PAL004,Wall Ornament 20 D1L,Winged Lock,
0162,IMG1,PAL004,Wall Ornament 20 D1C,Winged Lock,
0163,IMG1,PAL004,Wall Ornament 21 D1L,Onyx Lock,
0164,IMG1,PAL004,Wall Ornament 21 D1C,Onyx Lock,
0165,IMG1,PAL004,Wall Ornament 22 D1L,Stone Lock,
0166,IMG1,PAL004,Wall Ornament 22 D1C,Stone Lock,
0167,IMG1,PAL004,Wall Ornament 23 D1L,Cross Lock,
0168,IMG1,PAL004,Wall Ornament 23 D1C,Cross Lock,
0169,IMG1,PAL004,Wall Ornament 24 D1L,Topaz Lock,
0170,IMG1,PAL004,Wall Ornament 24 D1C,Topaz Lock,
0171,IMG1,PAL004,Wall Ornament 25 D1L,Skeleton Lock,
0172,IMG1,PAL004,Wall Ornament 25 D1C,Skeleton Lock,
0173,IMG1,PAL004,Wall Ornament 26 D1L,Gold Lock,
0174,IMG1,PAL004,Wall Ornament 26 D1C,Gold Lock,
0175,IMG1,PAL004,Wall Ornament 27 D1L,Tourquoise Lock,
0176,IMG1,PAL004,Wall Ornament 27 D1C,Tourquoise Lock,
0177,IMG1,PAL004,Wall Ornament 28 D1L,Emerald Lock,
0178,IMG1,PAL004,Wall Ornament 28 D1C,Emerald Lock,
0179,IMG1,PAL004,Wall Ornament 29 D1L,Ruby Lock,
0180,IMG1,PAL004,Wall Ornament 29 D1C,Ruby Lock,
0181,IMG1,PAL004,Wall Ornament 30 D1L,Ra Lock,
0182,IMG1,PAL004,Wall Ornament 30 D1C,Ra Lock,
0183,IMG1,PAL004,Wall Ornament 31 D1L,Master Lock,
0184,IMG1,PAL004,Wall Ornament 31 D1C,Master Lock,
0185,IMG1,PAL004,Wall Ornament 32 D1L,Gem Hole,
0186,IMG1,PAL004,Wall Ornament 32 D1C,Gem Hole,
0187,IMG1,PAL004,Wall Ornament 33 D1L,Slime,
0188,IMG1,PAL004,Wall Ornament 33 D1C,Slime,
0189,IMG1,PAL004,Wall Ornament 34 D1L,Grate,
0190,IMG1,PAL004,Wall Ornament 34 D1C,Grate,
0191,IMG1,PAL004,Wall Ornament 35 D1L,Fountain,
0192,IMG1,PAL004,Wall Ornament 35 D1C,Fountain,
0193,IMG1,PAL004,Wall Ornament 36 D1L,Manacles,
0194,IMG1,PAL004,Wall Ornament 36 D1C,Manacles,
0195,IMG1,PAL004,Wall Ornament 37 D1L,Ghoul's Head,
0196,IMG1,PAL004,Wall Ornament 37 D1C,Ghoul's Head,
0197,IMG1,PAL004,Wall Ornament 38 D1L,Empty Torch Holder,
0198,IMG1,PAL004,Wall Ornament 38 D1C,Empty Torch Holder,
0199,IMG1,PAL004,Wall Ornament 39 D1L,Scratches,
0200,IMG1,PAL004,Wall Ornament 39 D1C,Scratches,
0201,IMG1,PAL004,Wall Ornament 40 D1L,Poison Holes,
0202,IMG1,PAL004,Wall Ornament 40 D1C,Poison Holes,
0203,IMG1,PAL004,Wall Ornament 41 D1L,Fireball Holes,
0204,IMG1,PAL004,Wall Ornament 41 D1C,Fireball Holes,
0205,IMG1,PAL004,Wall Ornament 42 D1L,Dagger Holes,
0206,IMG1,PAL004,Wall Ornament 42 D1C,Dagger Holes,
0207,IMG1,PAL004,Wall Ornament 43 D1L,Champion Mirror,
0208,IMG1,PAL004,Wall Ornament 43 D1C,Champion Mirror,
0209,IMG1,PAL004,Wall Ornament 44 D1L,Lever Up,
0210,IMG1,PAL004,Wall Ornament 44 D1C,Lever Up,
0211,IMG1,PAL004,Wall Ornament 45 D1L,Lever Down,
0212,IMG1,PAL004,Wall Ornament 45 D1C,Lever Down,
0213,IMG1,PAL004,Wall Ornament 46 D1L,Full Torch Holder,
0214,IMG1,PAL004,Wall Ornament 46 D1C,Full Torch Holder,
0215,IMG1,PAL004,Wall Ornament 47 D1L,Red Switch Out,
0216,IMG1,PAL004,Wall Ornament 47 D1C,Red Switch Out,
0217,IMG1,PAL004,Wall Ornament 48 D1L,Eye Switch,
0218,IMG1,PAL004,Wall Ornament 48 D1C,Eye Switch,
0219,IMG1,PAL004,Wall Ornament 49 D1L,Big Switch Out,
0220,IMG1,PAL004,Wall Ornament 49 D1C,Big Switch Out,
0221,IMG1,PAL004,Wall Ornament 50 D1L,Crack Switch Out,
0222,IMG1,PAL004,Wall Ornament 50 D1C,Crack Switch Out,
0223,IMG1,PAL004,Wall Ornament 51 D1L,Green Switch In,
0224,IMG1,PAL004,Wall Ornament 51 D1C,Green Switch In,
0225,IMG1,PAL004,Wall Ornament 52 D1L,Blue Switch In,
0226,IMG1,PAL004,Wall Ornament 52 D1C,Blue Switch In,
0227,IMG1,PAL004,Wall Ornament 53 D1L,Red Switch In,
0228,IMG1,PAL004,Wall Ornament 53 D1C,Red Switch In,
0229,IMG1,PAL004,Wall Ornament 54 D1L,Big Switch In,
0230,IMG1,PAL004,Wall Ornament 54 D1C,Big Switch In,
0231,IMG1,PAL004,Wall Ornament 55 D1L,Crack Switch In,
0232,IMG1,PAL004,Wall Ornament 55 D1C,Crack Switch In,
0233,IMG1,PAL004,Wall Ornament 56 D1L,Amalgam (Encased Gem),
0234,IMG1,PAL004,Wall Ornament 56 D1C,Amalgam (Encased Gem),
0235,IMG1,PAL004,Wall Ornament 57 D1L,Amalgam (Free Gem),
0236,IMG1,PAL004,Wall Ornament 57 D1C,Amalgam (Free Gem),
0237,IMG1,PAL004,Wall Ornament 58 D1L,Amalgam (Without Gem),
0238,IMG1,PAL004,Wall Ornament 58 D1C,Amalgam (Without Gem),
0239,IMG1,PAL004,Wall Ornament 59 D1L,Lord Order (Outside),
0240,IMG1,PAL004,Wall Ornament 59 D1C,Lord Order (Outside),
0241,IMG1,PAL004,Floor Ornament 15 D3L,Footprints,
0242,IMG1,PAL004,Floor Ornament 15 D3C,Footprints,
0243,IMG1,PAL004,Floor Ornament 15 D2L,Footprints,
0244,IMG1,PAL004,Floor Ornament 15 D2C,Footprints,
0245,IMG1,PAL004,Floor Ornament 15 D1L,Footprints,
0246,IMG1,PAL004,Floor Ornament 15 D1C,Footprints,
0247,IMG1,PAL004,Floor Ornament 00 D3L,Square Grate,
0248,IMG1,PAL004,Floor Ornament 00 D3C,Square Grate,
0249,IMG1,PAL004,Floor Ornament 00 D2L,Square Grate,
0250,IMG1,PAL004,Floor Ornament 00 D2C,Square Grate,
0251,IMG1,PAL004,Floor Ornament 00 D1L,Square Grate,
0252,IMG1,PAL004,Floor Ornament 00 D1C,Square Grate,
0253,IMG1,PAL004,Floor Ornament 01 D3L,Square Pressure Pad,
0254,IMG1,PAL004,Floor Ornament 01 D3C,Square Pressure Pad,
0255,IMG1,PAL004,Floor Ornament 01 D2L,Square Pressure Pad,
0256,IMG1,PAL004,Floor Ornament 01 D2C,Square Pressure Pad,
0257,IMG1,PAL004,Floor Ornament 01 D1L,Square Pressure Pad,
0258,IMG1,PAL004,Floor Ornament 01 D1C,Square Pressure Pad,
0259,IMG1,PAL004,Floor Ornament 02 D3L,Moss,
0260,IMG1,PAL004,Floor Ornament 02 D3C,Moss,
0261,IMG1,PAL004,Floor Ornament 02 D2L,Moss,
0262,IMG1,PAL004,Floor Ornament 02 D2C,Moss,
0263,IMG1,PAL004,Floor Ornament 02 D1L,Moss,
0264,IMG1,PAL004,Floor Ornament 02 D1C,Moss,
0265,IMG1,PAL004,Floor Ornament 03 D3L,Round Grate,
0266,IMG1,PAL004,Floor Ornament 03 D3C,Round Grate,
0267,IMG1,PAL004,Floor Ornament 03 D2L,Round Grate,
0268,IMG1,PAL004,Floor Ornament 03 D2C,Round Grate,
0269,IMG1,PAL004,Floor Ornament 03 D1L,Round Grate,
0270,IMG1,PAL004,Floor Ornament 03 D1C,Round Grate,
0271,IMG1,PAL004,Floor Ornament 04 D3L,Round Pressure Plate,
0272,IMG1,PAL004,Floor Ornament 04 D3C,Round Pressure Plate,
0273,IMG1,PAL004,Floor Ornament 04 D2L,Round Pressure Plate,
0274,IMG1,PAL004,Floor Ornament 04 D2C,Round Pressure Plate,
0275,IMG1,PAL004,Floor Ornament 04 D1L,Round Pressure Plate,
0276,IMG1,PAL004,Floor Ornament 04 D1C,Round Pressure Plate,
0277,IMG1,PAL004,Floor Ornament 05 D3L,Black Flame Pit,
0278,IMG1,PAL004,Floor Ornament 05 D3C,Black Flame Pit,
0279,IMG1,PAL004,Floor Ornament 05 D2L,Black Flame Pit,
0280,IMG1,PAL004,Floor Ornament 05 D2C,Black Flame Pit,
0281,IMG1,PAL004,Floor Ornament 05 D1L,Black Flame Pit,
0282,IMG1,PAL004,Floor Ornament 05 D1C,Black Flame Pit,
0283,IMG1,PAL004,Floor Ornament 06 D3L,Crack,
0284,IMG1,PAL004,Floor Ornament 06 D3C,Crack,
0285,IMG1,PAL004,Floor Ornament 06 D2L,Crack,
0286,IMG1,PAL004,Floor Ornament 06 D2C,Crack,
0287,IMG1,PAL004,Floor Ornament 06 D1L,Crack,
0288,IMG1,PAL004,Floor Ornament 06 D1C,Crack,
0289,IMG1,PAL004,Floor Ornament 07 D3L,Tiny Pressure Pad,
0290,IMG1,PAL004,Floor Ornament 07 D3C,Tiny Pressure Pad,
0291,IMG1,PAL004,Floor Ornament 07 D2L,Tiny Pressure Pad,
0292,IMG1,PAL004,Floor Ornament 07 D2C,Tiny Pressure Pad,
0293,IMG1,PAL004,Floor Ornament 07 D1L,Tiny Pressure Pad,
0294,IMG1,PAL004,Floor Ornament 07 D1C,Tiny Pressure Pad,
0295,IMG1,PAL004,Floor Ornament 08 D3L,Puddle,
0296,IMG1,PAL004,Floor Ornament 08 D3C,Puddle,
0297,IMG1,PAL004,Floor Ornament 08 D2L,Puddle,
0298,IMG1,PAL004,Floor Ornament 08 D2C,Puddle,
0299,IMG1,PAL004,Floor Ornament 08 D1L,Puddle,
0300,IMG1,PAL004,Floor Ornament 08 D1C,Puddle,
0301,IMG1,PAL004,Door Mask 0,Destroyed,
0302,IMG1,PAL004,Door Mask 1,Thieve's Eye,
0303,IMG1,PAL004,Door Ornament 00,Square Grid,
0304,IMG1,PAL004,Door Ornament 01,Iron Bars,
0305,IMG1,PAL004,Door Ornament 02,Jewels,
0306,IMG1,PAL004,Door Ornament 03,Wooden Bars,
0307,IMG1,PAL004,Door Ornament 04,Arched Grid,
0308,IMG1,PAL004,Door Ornament 05,Block Lock,
0309,IMG1,PAL004,Door Ornament 06,Corner Lock,
0310,IMG1,PAL004,Door Ornament 07,Black door,
0311,IMG1,PAL004,Door Ornament 08,Red Triangle Lock,
0312,IMG1,PAL004,Door Ornament 09,Triangle Lock,
0313,IMG1,PAL004,Door Ornament 10,Ra Door,
0314,IMG1,PAL004,Door Ornament 11,Iron Door Damages,
0315,IMG1,PAL004,Door Button 0,,
0316,IMG1,PAL004,Projectile 00 (Front),Arrow,
0317,IMG1,PAL004,Projectile 00 (Back),Arrow,
0318,IMG1,PAL004,Projectile 00 (Side),Arrow,
0319,IMG1,PAL004,Projectile 01 (Front),Dagger,
0320,IMG1,PAL004,Projectile 01 (Back),Dagger,
0321,IMG1,PAL004,Projectile 01 (Side),Dagger,
0322,IMG1,PAL004,Projectile 02 (Front),Axe - Hardcleave,
0323,IMG1,PAL004,Projectile 02 (Back),Axe - Hardcleave,
0324,IMG1,PAL004,Projectile 02 (Side),Axe - Hardcleave,
0325,IMG1,PAL004,Projectile 03 (Front),Lightning bolt,
0326,IMG1,PAL004,Projectile 03 (Side),Lightning bolt,
0327,IMG1,PAL004,Projectile 04 (Front),Slayer,
0328,IMG1,PAL004,Projectile 04 (Back),Slayer,
0329,IMG1,PAL004,Projectile 04 (Side),Slayer,
0330,IMG1,PAL004,Projectile 05 (Front),Stone Club,
0331,IMG1,PAL004,Projectile 05 (Back),Stone Club,
0332,IMG1,PAL004,Projectile 05 (Side),Stone Club,
0333,IMG1,PAL004,Projectile 06 (Front),Club,
0334,IMG1,PAL004,Projectile 06 (Back),Club,
0335,IMG1,PAL004,Projectile 06 (Side),Club,
0336,IMG1,PAL004,Projectile 07 (Front),Poison Dart,
0337,IMG1,PAL004,Projectile 07 (Back),Poison Dart,
0338,IMG1,PAL004,Projectile 07 (Side),Poison Dart,
0339,IMG1,PAL004,Projectile 08 (Front),Bolt Blade - Delta - Diamond Edge - Falchion - Fury - Rapier - Sabre - Samurai Sword - Sword - The Inquisitor,
0340,IMG1,PAL004,Projectile 08 (Back),Bolt Blade - Delta - Diamond Edge - Falchion - Fury - Rapier - Sabre - Samurai Sword - Sword - The Inquisitor,
0341,IMG1,PAL004,Projectile 08 (Side),Bolt Blade - Delta - Diamond Edge - Falchion - Fury - Rapier - Sabre - Samurai Sword - Sword - The Inquisitor,
0342,IMG1,PAL004,Projectile 09 (Front),Throwing Star,
0343,IMG1,PAL004,Projectile 09 (Side),Throwing Star,
0344,IMG1,PAL004,Projectile 10 (Front),Fireball,
0345,IMG1,PAL004,Projectile 11 (Front),Spell,
0346,IMG1,PAL004,Projectile 12 (Front),Slime,
0347,IMG1,PAL004,Projectile 13 (Front),Poison,
0348,IMG1,PAL004,Explosion 0 Fire,Fireball - Lightning Bolt - Rebirth Step 2,
0349,IMG1,PAL004,Explosion 1 Spell,Slime - Harm Nonmaterial - Zo Spell,
0350,IMG1,PAL004,Explosion 2 Poison,Poison Bolt - Poison Cloud - Death Cloud,
0351,IMG1,PAL004,Explosion Pattern 0 (Light),Fire,
0352,IMG1,PAL004,Explosion Pattern 0 (Medium),Fire,
0353,IMG1,PAL004,Explosion Pattern 0 (Strong),Fire,
0354,IMG1,PAL004,Explosion Pattern 1 (Light),Spell,
0355,IMG1,PAL004,Explosion Pattern 1 (Medium),Spell,
0356,IMG1,PAL004,Explosion Pattern 1 (Strong),Spell,
0357,IMG1,PAL004,Explosion Pattern 2 (Light),Poison,
0358,IMG1,PAL004,Explosion Pattern 2 (Medium),Poison,
0359,IMG1,PAL004,Explosion Pattern 2 (Strong),Poison,
0360,IMG1,PAL004,Object 00,Chest On Floor,
0361,IMG1,PAL004,Object 01,Chest In Alcove,
0362,IMG1,PAL004,Object 02,Scroll,
0363,IMG1,PAL004,Object 03,Bro Potion - Dane Potion - Ee Potion - Ku Potion - Ma Potion - Neta Potion - Ros Potion - Vi Potion - Water Flask - Ya Potion,
0364,IMG1,PAL004,Object 04,Blue Gem,
0365,IMG1,PAL004,Object 05,Copper Coin - Gold Coin,
0366,IMG1,PAL004,Object 06,Drumstick,
0367,IMG1,PAL004,Object 07,Waterskin (Full),
0368,IMG1,PAL004,Object 08,Elven Doublet - Elven Huke,
0369,IMG1,PAL004,Object 09,Leather Boots,
0370,IMG1,PAL004,Object 10,Basinet - Bezerker Helm - Casque 'n Coif - Dexhelm - Helm Of Darc - Helmet,
0371,IMG1,PAL004,Object 11,Large Shield - Shield Of Darc - Shield Of Lyte - Wooden Shield,
0372,IMG1,PAL004,Object 12,Sling - Snake Staff - Staff - Staff Of Claws - Staff Of Manar - Yew Staff,
0373,IMG1,PAL004,Object 13,Bolt Blade - Delta - Diamond Edge - Falchion - Fury - Rapier - Sabre - Samurai Sword - Sword - The Inquisitor,
0374,IMG1,PAL004,Object 14,Axe - Hardcleave,
0375,IMG1,PAL004,Object 15,Bow,
0376,IMG1,PAL004,Object 16,Ekkhard Cross - Gem Of Ages - Illumulet - Jewel Symal,
0377,IMG1,PAL004,Object 17,Arrow,
0378,IMG1,PAL004,Object 18,Dagger,
0379,IMG1,PAL004,Object 19,Cross Key - Iron Key - Key Of B - Onyx Key - Skeleton Key - Solid Key - Square Key - Tourquoise Key,
0380,IMG1,PAL004,Object 20,Flamebain - Hosen - Leg Mail - Mail Aketon - Mithral Aketon - Mithral Mail,
0381,IMG1,PAL004,Object 21,Plate Of Darc - Plate Of Lyte - Torso Plate,
0382,IMG1,PAL004,Object 22,Mace - Mace Of Order,
0383,IMG1,PAL004,Object 23,Leg Plate - Poleyn Of Darc - Poleyn Of Lyte - Powertowers,
0384,IMG1,PAL004,Object 24,Barbarian Hide - Cape - Cloak Of Night - Leather Jerkin - Leather Pants,
0385,IMG1,PAL004,Object 25,Fine Robe (Body) - Fine robe (Legs) - Ghi - Ghi Trousers - Robe (Body) - Robe (Legs) - Silk Shirt - Tabard,
0386,IMG1,PAL004,Object 26,Bread,
0387,IMG1,PAL004,Object 27,Cheese,
0388,IMG1,PAL004,Object 28,Apple,
0389,IMG1,PAL004,Object 29,Corn,
0390,IMG1,PAL004,Object 30,Suede Boots,
0391,IMG1,PAL004,Object 31,Sceptre of Lyf,
0392,IMG1,PAL004,Object 32,Teowand - Wand,
0393,IMG1,PAL004,Object 33,Dragon Spit,
0394,IMG1,PAL004,Object 34,Morningstar,
0395,IMG1,PAL004,Object 35,Compass,
0396,IMG1,PAL004,Object 36,Torch,
0397,IMG1,PAL004,Object 37,Waterskin (Empty),
0398,IMG1,PAL004,Object 38,Flamitt,
0399,IMG1,PAL004,Object 39,Eye Of Time - Stormring,
0400,IMG1,PAL004,Object 40,The Firestaff,
0401,IMG1,PAL004,Object 41,Ashes,
0402,IMG1,PAL004,Object 42,Bones - Champion Bones,
0403,IMG1,PAL004,Object 43,Vorpal Blade,
0404,IMG1,PAL004,Object 44,Club,
0405,IMG1,PAL004,Object 45,Stone Club,
0406,IMG1,PAL004,Object 46,Crossbow - Speedbow,
0407,IMG1,PAL004,Object 47,Slayer,
0408,IMG1,PAL004,Object 48,Rock,
0409,IMG1,PAL004,Object 49,Poison Dart,
0410,IMG1,PAL004,Object 50,Throwing Star,
0411,IMG1,PAL004,Object 51,Stick,
0412,IMG1,PAL004,Object 52,The Conduit,
0413,IMG1,PAL004,Object 53,Armet - Helm Of Lyte,
0414,IMG1,PAL004,Object 54,Calista - Crown Of Nerra,
0415,IMG1,PAL004,Object 55,Buckler - Hide Shield - Small Shield,
0416,IMG1,PAL004,Object 56,Sandals,
0417,IMG1,PAL004,Object 57,Foot Plate - Greave Of Darc - Greave Of Lyte,
0418,IMG1,PAL004,Object 58,Elven Boots,
0419,IMG1,PAL004,Object 59,Moonstone,
0420,IMG1,PAL004,Object 60,Pendant Feral - The Hellion,
0421,IMG1,PAL004,Object 61,Orange Gem,
0422,IMG1,PAL004,Object 62,Green Gem,
0423,IMG1,PAL004,Object 63,Emerald Key - Gold Key - Master Key - Ra Key - Ruby Key - Sapphire Key - Topaz Key - Winged Key,
0424,IMG1,PAL004,Object 64,Magical Box (Green),
0425,IMG1,PAL004,Object 65,Mirror of Dawn,
0426,IMG1,PAL004,Object 66,Horn of Fear,
0427,IMG1,PAL004,Object 67,Dragon Steack,
0428,IMG1,PAL004,Object 68,Des Potion - Mon Potion - Sar Potion - Um Potion - Ven Potion - Zo Potion,
0429,IMG1,PAL004,Object 69,Ful Bomb - Kath Bomb - Pew Bomb - Ra Bomb,
0430,IMG1,PAL004,Object 70,Blue Pants - Gunna - Kirtle - Tunic,
0431,IMG1,PAL004,Object 71,Worm Round,
0432,IMG1,PAL004,Object 72,Screamer Slice,
0433,IMG1,PAL004,Object 73,Rope,
0434,IMG1,PAL004,Object 74,Rabbit's Foot,
0435,IMG1,PAL004,Object 75,Corbamite - Zokathra Spell,
0436,IMG1,PAL004,Object 76,Choker,
0437,IMG1,PAL004,Object 77,Boulder,
0438,IMG1,PAL004,Object 78,Lock Picks,
0439,IMG1,PAL004,Object 79,Magnifier,
0440,IMG1,PAL004,Object 80,Magical Box (Blue),
0441,IMG1,PAL004,Object 81,Empty Flask,
0442,IMG1,PAL004,Object 82,Boots of Speed,
0443,IMG1,PAL004,Object 83,The Firestaff (Complete),
0444,IMG1,PAL004,Object 84,Silver Coin,
0445,IMG1,PAL004,Object 85,Halter,
0446,IMG1,PAL004_1,Creature 00 (Front),Giant Scorpion,
0447,IMG1,PAL004_1,Creature 00 (Side),Giant Scorpion,
0448,IMG1,PAL004_1,Creature 00 (Back),Giant Scorpion,
0449,IMG1,PAL004_1,Creature 00 (Attack),Giant Scorpion,
0450,IMG1,PAL004_2,Creature 01 (Front),Swamp Slime,
0451,IMG1,PAL004_2,Creature 01 (Attack),Swamp Slime,
0452,IMG1,PAL004,Creature 02 (Front),Giggler,
0453,IMG1,PAL004,Creature 02 (Side),Giggler,
0454,IMG1,PAL004,Creature 02 (Back),Giggler,
0455,IMG1,PAL004,Creature 02 (Attack),Giggler,
0456,IMG1,PAL004_3,Creature 03 (Front),Wizard Eye,
0457,IMG1,PAL004_3,Creature 03 (Attack),Wizard Eye,
0458,IMG1,PAL004_4,Creature 04 (Front),Pain Rat,
0459,IMG1,PAL004_4,Creature 04 (Side),Pain Rat,
0460,IMG1,PAL004_4,Creature 04 (Back),Pain Rat,
0461,IMG1,PAL004_4,Creature 04 (Attack),Pain Rat,
0462,IMG1,PAL004_4,Creature 05 (Front),Ruster,
0463,IMG1,PAL004_4,Creature 05 (Side),Ruster,
0464,IMG1,PAL004_4,Creature 05 (Back),Ruster,
0465,IMG1,PAL004,Creature 06 (Front),Screamer,
0466,IMG1,PAL004,Creature 06 (Attack),Screamer,
0467,IMG1,PAL004,Creature 07 (Front),Rockpile,
0468,IMG1,PAL004,Creature 07 (Attack),Rockpile,
0469,IMG1,PAL004,Creature 08 (Front),Ghost,
0470,IMG1,PAL004,Creature 08 (Attack),Ghost,
0471,IMG1,PAL004,Creature 09 (Front),Stone Golem,
0472,IMG1,PAL004,Creature 09 (Side),Stone Golem,
0473,IMG1,PAL004,Creature 09 (Back),Stone Golem,
0474,IMG1,PAL004,Creature 09 (Attack),Stone Golem,
0475,IMG1,PAL004,Creature 10 (Front),Mummy,
0476,IMG1,PAL004,Creature 10 (Side),Mummy,
0477,IMG1,PAL004,Creature 10 (Back),Mummy,
0478,IMG1,PAL004,Creature 10 (Attack),Mummy,
0479,IMG1,PAL004,Creature 11 (Front),Black Flame,
0480,IMG1,PAL004,Creature 11 (Attack),Black Flame,
0481,IMG1,PAL004,Creature 12 (Front),Skeleton,
0482,IMG1,PAL004,Creature 12 (Side),Skeleton,
0483,IMG1,PAL004,Creature 12 (Back),Skeleton,
0484,IMG1,PAL004,Creature 12 (Attack),Skeleton,
0485,IMG1,PAL004_2,Creature 13 (Front),Couatl,
0486,IMG1,PAL004_2,Creature 13 (Side),Couatl,
0487,IMG1,PAL004_2,Creature 13 (Back),Couatl,
0488,IMG1,PAL004_2,Creature 13 (Attack),Couatl,
0489,IMG1,PAL004_3,Creature 14 (Front),Vexirk,
0490,IMG1,PAL004_3,Creature 14 (Side),Vexirk,
0491,IMG1,PAL004_3,Creature 14 (Back),Vexirk,
0492,IMG1,PAL004_3,Creature 14 (Attack),Vexirk,
0493,IMG1,PAL004_5,Creature 15 (Front),Magenta Worm,
0494,IMG1,PAL004_5,Creature 15 (Side),Magenta Worm,
0495,IMG1,PAL004_5,Creature 15 (Back),Magenta Worm,
0496,IMG1,PAL004_5,Creature 15 (Attack),Magenta Worm,
0497,IMG1,PAL004_6,Creature 16 (Front),Trolin,
0498,IMG1,PAL004_6,Creature 16 (Side),Trolin,
0499,IMG1,PAL004_6,Creature 16 (Back),Trolin,
0500,IMG1,PAL004_6,Creature 16 (Attack),Trolin,
0501,IMG1,PAL004_3,Creature 17 (Front),Giant Wasp,
0502,IMG1,PAL004_3,Creature 17 (Side),Giant Wasp,
0503,IMG1,PAL004_3,Creature 17 (Back),Giant Wasp,
0504,IMG1,PAL004_3,Creature 17 (Attack),Giant Wasp,
0505,IMG1,PAL004,Creature 18 (Front),Animated Armour,
0506,IMG1,PAL004,Creature 18 (Side),Animated Armour,
0507,IMG1,PAL004,Creature 18 (Back),Animated Armour,
0508,IMG1,PAL004,Creature 18 (Attack),Animated Armour,
0509,IMG1,PAL004_7,Creature 19 (Front),Materializer,
0510,IMG1,PAL004_7,Creature 19 (Side),Materializer,
0511,IMG1,PAL004_7,Creature 19 (Back),Materializer,
0512,IMG1,PAL004_7,Creature 19 (Attack),Materializer,
0513,IMG1,PAL004_6,Creature 20 (Front),Water Elemental,
0514,IMG1,PAL004_6,Creature 20 (Attack),Water Elemental,
0515,IMG1,PAL004_7,Creature 21 (Front),Oitu,
0516,IMG1,PAL004_7,Creature 21 (Side),Oitu,
0517,IMG1,PAL004_7,Creature 21 (Back),Oitu,
0518,IMG1,PAL004_7,Creature 21 (Attack),Oitu,
0519,IMG1,PAL004_8,Creature 22 (Front),Demon,
0520,IMG1,PAL004_8,Creature 22 (Side),Demon,
0521,IMG1,PAL004_8,Creature 22 (Back),Demon,
0522,IMG1,PAL004_8,Creature 22 (Attack),Demon,
0523,IMG1,PAL004_8,Creature 23 (Front),Lord Chaos,
0524,IMG1,PAL004_8,Creature 23 (Side),Lord Chaos,
0525,IMG1,PAL004_8,Creature 23 (Back),Lord Chaos,
0526,IMG1,PAL004_8,Creature 23 (Attack),Lord Chaos,
0527,IMG1,PAL004_8,Creature 24 (Front),Red Dragon,
0528,IMG1,PAL004_8,Creature 24 (Side),Red Dragon,
0529,IMG1,PAL004_8,Creature 24 (Back),Red Dragon,
0530,IMG1,PAL004_8,Creature 24 (Attack),Red Dragon,
0531,IMG1,PAL004_8,Creature 25 (Front),Lord Order,
0532,IMG1,PAL004_8,Creature 26 (Front),Grey Lord,
0533,SND1,SPR6,Sound 00,Metallic Thud,
0534,SND1,SPR6,Sound 01,Switch,
0535,SND1,SPR6,Sound 02,Door Rattle,
0536,SND1,SPR6,Sound 03,Wooden Thud - Attack (Trolin - Stone Golem),
0537,SND1,SPR6,Sound 04,Explosion,
0538,COD1,PAL004,Copy protection code hidden as an IMG1 image of 16x19 pixels,,
0539,SND1,SPR6,Sound 05,Scream,
0540,SND1,SPR6,Sound 06,Swallow,
0541,SND1,SPR6,Sound 07,Champion Damaged 1,
0542,SND1,SPR6,Sound 08,Champion Damaged 2,
0543,SND1,SPR6,Sound 09,Champion Damaged 3,
0544,SND1,SPR6,Sound 10,Champion Damaged 4,
0545,SND1,SPR6,Sound 11,Spell,
0546,SND1,SPR6,Sound 12,Combat - Attack (Skeleton - Animated Armour),
0547,SND1,SPR6,Sound 13,Buzz,
0548,COD1,PAL004,Copy protection code hidden as an IMG1 image of 16x6 pixels,,
0549,SND1,SPR6,Sound 14,Party Damaged,
0550,SND1,SPR6,Sound 15,Attack (Pain Rat - Red Dragon),
0551,SND1,SPR6,Sound 16,Attack (Mummy - Ghost),
0552,SND1,SPR6,Sound 17,Attack (Screamer - Oitu),
0553,SND1,SPR6,Sound 18,Attack (Giant Scorpion),
0554,SND1,SPR6,Sound 19,Attack (Magenta Worm),
0555,SND1,SPR6,Sound 20,Attack (Giggler),
0556,TXT1,NULL,Object Names,,
0557,FNT1,NULL,Font,,
0558,I558,NULL,Binary Data,,
0559,I559,NULL,Binary Data,,
0560,I560,NULL,Binary Data,,
0561,I561,NULL,Binary Data,,
0562,I562,NULL,Binary Data,,