ENDIAN=BIG,FORMAT=DMII
0000,ENT1,NULL,,,
0001,TY13,NULL,,,
0002,TXT2,NULL,Copyright Information,,
0003,IMG4,PAL1,,,
0004,TXT3,NULL,,,
0005,TXT3,NULL,,,
0006,TXT3,NULL,,,
0007,IMG4,NULL,,,
0008,TXT3,NULL,,,
0009,IMG4,NULL,,,
0010,IMG4,NULL,,,
0011,IMG4,NULL,,,
0012,TXT3,NULL,,,
0013,TXT3,NULL,,,
0014,TXT3,NULL,,,
0015,TXT3,NULL,,,
0016,TXT3,NULL,,,
0017,TXT3,NULL,,,
0018,TXT3,NULL,,,
0019,TXT3,NULL,,,
0020,TXT3,NULL,,,
0021,TXT3,NULL,,,
0022,TXT3,NULL,,,
0023,TXT3,NULL,,,
0024,TXT3,NULL,,,
0025,TXT3,NULL,,,
0026,TXT3,NULL,,,
0027,IMG4,NULL,,,
0028,TXT3,NULL,,,
0029,TXT3,NULL,,,
0030,TXT3,NULL,,,
0031,TXT3,NULL,,,
0032,IMG4,NULL,,,
0033,TXT3,NULL,,,
0034,TXT3,NULL,,,
0035,TXT3,NULL,,,
0036,TXT3,NULL,,,
0037,TXT3,NULL,,,
0038,TXT3,NULL,,,
0039,TXT3,NULL,,,
0040,TXT3,NULL,,,
0041,TXT3,NULL,,,
0042,TXT3,NULL,,,
0043,TXT3,NULL,,,
0044,TXT3,NULL,,,
0045,TXT3,NULL,,,
0046,IMG4,NULL,,,
0047,TXT3,NULL,,,
0048,TXT3,NULL,,,
0049,TXT3,NULL,,,
0050,IMG4,NULL,,,
0051,TXT3,NULL,,,
0052,TXT3,NULL,,,
0053,IMG4,NULL,,,
0054,TXT3,NULL,,,
0055,TXT3,NULL,,,
0056,TXT3,NULL,,,
0057,IMG4,NULL,,,
0058,IMG4,NULL,,,
0059,TXT3,NULL,,,
0060,TXT3,NULL,,,
0061,TXT3,NULL,,,
0062,TXT3,NULL,,,
0063,TXT3,NULL,,,
0064,TXT3,NULL,,,
0065,TXT3,NULL,,,
0066,TXT3,NULL,,,
0067,TXT3,NULL,,,
0068,TXT3,NULL,,,
0069,TXT3,NULL,,,
0070,TXT3,NULL,,,
0071,TXT3,NULL,,,
0072,TXT3,NULL,,,
0073,TXT3,NULL,,,
0074,TXT3,NULL,,,
0075,TXT3,NULL,,,
0076,SND5,SPR5,,,
0077,SND5,SPR5,,,
0078,SND5,SPR5,,,
0079,SND5,SPR5,,,
0080,SND5,SPR5,,,
0081,SND5,SPR5,,,
0082,SND5,SPR5,,,
0083,IMGA,NULL,,,
0084,IMGA,NULL,,,
0085,IMGA,NULL,,,
0086,IMG4,NULL,,,
0087,IMG4,NULL,,,
0088,IMG4,NULL,,,
0089,IMG4,NULL,,,
0090,IMG4,NULL,,,
0091,IMG4,NULL,,,
0092,IMG4,NULL,,,
0093,IMG4,NULL,,,
0094,IMG4,NULL,,,
0095,IMG4,NULL,,,
0096,IMG4,NULL,,,
0097,IMG4,NULL,,,
0098,IMG4,NULL,,,
0099,IMG4,NULL,,,
0100,IMG4,NULL,,,
0101,IMG4,NULL,,,
0102,IMG4,NULL,,,
0103,IMG4,NULL,,,
0104,IMG4,NULL,,,
0105,IMG4,NULL,,,
0106,IMG4,NULL,,,
0107,IMG4,NULL,,,
0108,IMG4,NULL,,,
0109,IMG4,NULL,,,
0110,IMG4,NULL,,,
0111,IMGA,NULL,,,
0112,LAY1,NULL,,,
0113,TY07,NULL,,,
0114,IMGA,NULL,,,
0115,TY07,NULL,,,
0116,TY07,NULL,,,
0117,IMGA,NULL,,,
0118,IMGA,NULL,,,
0119,TY07,NULL,,,
0120,TY06,NULL,Macintosh normal layout background,,
0121,TY09,NULL,,,
0122,TXT3,NULL,,,
0123,TXT3,NULL,,,
0124,TXT3,NULL,,,
0125,TXT3,NULL,,,
0126,TXT3,NULL,,,
0127,TXT3,NULL,,,
0128,TXT3,NULL,,,
0129,IMGA,NULL,,,
0130,TXT3,NULL,,,
0131,TXT3,NULL,,,
0132,TXT3,NULL,,,
0133,IMG4,NULL,,,
0134,IMG4,NULL,,,
0135,IMG4,NULL,,,
0136,IMG4,NULL,,,
0137,IMG4,NULL,,,
0138,IMG4,NULL,,,
0139,IMG4,NULL,,,
0140,IMG4,NULL,,,
0141,IMG4,NULL,,,
0142,IMG4,NULL,,,
0143,IMG4,NULL,,,
0144,IMG4,NULL,,,
0145,IMG4,NULL,,,
0146,IMG4,NULL,,,
0147,IMG4,NULL,,,
0148,IMG4,NULL,,,
0149,IMG4,NULL,,,
0150,IMG4,NULL,,,
0151,IMG4,NULL,,,
0152,IMG4,NULL,,,
0153,IMG4,NULL,,,
0154,IMG4,NULL,,,
0155,IMG4,NULL,,,
0156,IMG4,NULL,,,
0157,IMG4,NULL,,,
0158,IMG4,NULL,,,
0159,IMG4,NULL,,,
0160,IMG4,NULL,,,
0161,IMG4,NULL,,,
0162,IMG4,NULL,,,
0163,IMG4,NULL,,,
0164,IMG4,NULL,,,
0165,IMG4,NULL,,,
0166,IMG4,NULL,,,
0167,IMG4,NULL,,,
0168,IMG4,NULL,,,
0169,IMG4,NULL,,,
0170,IMG4,NULL,,,
0171,IMG4,NULL,,,
0172,IMG4,NULL,,,
0173,IMG4,NULL,,,
0174,IMG4,NULL,,,
0175,IMG4,NULL,,,
0176,IMG4,NULL,,,
0177,IMG4,NULL,,,
0178,IMG4,NULL,,,
0179,IMG4,NULL,,,
0180,IMG4,NULL,,,
0181,IMG4,NULL,,,
0182,IMG4,NULL,,,
0183,IMG4,NULL,,,
0184,IMG4,NULL,,,
0185,IMG4,NULL,,,
0186,IMG4,NULL,,,
0187,IMG4,NULL,,,
0188,IMG4,NULL,,,
0189,IMG4,NULL,,,
0190,IMG4,NULL,,,
0191,IMG4,NULL,,,
0192,IMG4,NULL,,,
0193,IMG4,NULL,,,
0194,IMG4,NULL,,,
0195,IMG4,NULL,,,
0196,IMGA,NULL,,,
0197,IMGA,NULL,,,
0198,IMG4,NULL,,,
0199,IMG4,NULL,,,
0200,IMG4,NULL,,,
0201,IMGA,NULL,,,
0202,IMG4,NULL,,,
0203,IMG4,NULL,,,
0204,IMG4,NULL,,,
0205,IMG4,NULL,,,
0206,IMG4,NULL,,,
0207,IMG4,NULL,,,
0208,IMG4,NULL,,,
0209,IMGA,NULL,,,
0210,IMGA,NULL,,,
0211,IMGA,NULL,,,
0212,IMG4,NULL,,,
0213,IMG4,NULL,,,
0214,IMG4,NULL,,,
0215,IMG4,NULL,,,
0216,IMG4,NULL,,,
0217,IMGA,NULL,,,
0218,IMG4,NULL,,,
0219,IMG4,NULL,,,
0220,IMG4,NULL,,,
0221,IMG4,NULL,,,
0222,IMG4,NULL,,,
0223,IMG4,NULL,,,
0224,TXT3,NULL,,,
0225,TXT3,NULL,,,
0226,TXT3,NULL,,,
0227,TXT3,NULL,,,
0228,TXT3,NULL,,,
0229,TXT3,NULL,,,
0230,TXT3,NULL,,,
0231,TXT3,NULL,,,
0232,TXT3,NULL,,,
0233,TXT3,NULL,,,
0234,TXT3,NULL,,,
0235,TXT3,NULL,,,
0236,TXT3,NULL,,,
0237,TXT3,NULL,,,
0238,TXT3,NULL,,,
0239,TXT3,NULL,,,
0240,TXT3,NULL,,,
0241,TXT3,NULL,,,
0242,TXT3,NULL,,,
0243,TXT3,NULL,,,
0244,TXT3,NULL,,,
0245,TXT3,NULL,,,
0246,TXT3,NULL,,,
0247,TXT3,NULL,,,
0248,TXT3,NULL,,,
0249,TXT3,NULL,,,
0250,TXT3,NULL,,,
0251,TXT3,NULL,,,
0252,TXT3,NULL,,,
0253,TXT3,NULL,,,
0254,IMG4,NULL,,,
0255,IMG4,NULL,,,
0256,IMGA,NULL,,,
0257,IMG4,NULL,,,
0258,IMG4,NULL,,,
0259,IMG4,NULL,,,
0260,IMG4,NULL,,,
0261,IMG4,NULL,,,
0262,IMG4,NULL,,,
0263,IMG4,NULL,,,
0264,IMG4,NULL,,,
0265,IMG4,NULL,,,
0266,IMG4,NULL,,,
0267,IMG4,NULL,,,
0268,IMG4,NULL,,,
0269,IMG4,NULL,,,
0270,IMG4,NULL,,,
0271,SND5,SPR5,,,
0272,IMG4,NULL,,,
0273,IMG4,NULL,,,
0274,IMG4,NULL,,,
0275,IMG4,NULL,,,
0276,IMG4,NULL,,,
0277,IMG4,NULL,,,
0278,IMG4,NULL,,,
0279,IMGA,NULL,,,
0280,IMG4,NULL,,,
0281,IMG4,NULL,,,
0282,IMG4,NULL,,,
0283,IMG4,NULL,,,
0284,IMG4,NULL,,,
0285,IMG4,NULL,,,
0286,IMG4,NULL,,,
0287,IMG4,NULL,,,
0288,IMG4,NULL,,,
0289,IMG4,NULL,,,
0290,IMG4,NULL,,,
0291,IMG4,NULL,,,
0292,IMG4,NULL,,,
0293,IMG4,NULL,,,
0294,IMG4,NULL,,,
0295,IMG4,NULL,,,
0296,IMG4,NULL,,,
0297,IMG4,NULL,,,
0298,SND5,SPR5,,,
0299,IMG4,NULL,,,
0300,IMG4,NULL,,,
0301,IMG4,NULL,,,
0302,IMG4,NULL,,,
0303,IMG4,NULL,,,
0304,SND5,SPR5,,,
0305,IMG4,NULL,,,
0306,IMG4,NULL,,,
0307,IMG4,NULL,,,
0308,IMG4,NULL,,,
0309,IMG4,NULL,,,
0310,IMG4,NULL,,,
0311,SND5,SPR5,,,
0312,IMG4,NULL,,,
0313,SND5,SPR5,,,
0314,IMG4,NULL,,,
0315,IMG4,NULL,,,
0316,IMG4,NULL,,,
0317,IMG4,NULL,,,
0318,IMG4,NULL,,,
0319,IMG4,NULL,,,
0320,IMG4,NULL,,,
0321,IMG4,NULL,,,
0322,IMG4,NULL,,,
0323,IMG4,NULL,,,
0324,IMG4,NULL,,,
0325,IMG4,NULL,,,
0326,IMG4,NULL,,,
0327,IMG4,NULL,,,
0328,IMG4,NULL,,,
0329,IMG4,NULL,,,
0330,IMG4,NULL,,,
0331,IMG4,NULL,,,
0332,IMG4,NULL,,,
0333,IMG4,NULL,,,
0334,IMG4,NULL,,,
0335,IMG4,NULL,,,
0336,IMG4,NULL,,,
0337,IMG4,NULL,,,
0338,IMGA,NULL,,,
0339,IMG4,NULL,,,
0340,IMGA,NULL,,,
0341,IMGA,NULL,,,
0342,IMGA,NULL,,,
0343,TXT3,NULL,,,
0344,TXT3,NULL,,,
0345,TXT3,NULL,,,
0346,IMG4,NULL,,,
0347,IMGA,NULL,,,
0348,IMGA,NULL,,,
0349,IMGA,NULL,,,
0350,IMGA,NULL,,,
0351,TXT3,NULL,,,
0352,TXT3,NULL,,,
0353,TXT3,NULL,,,
0354,TXT3,NULL,,,
0355,IMG4,NULL,,,
0356,IMGA,NULL,,,
0357,TXT3,NULL,,,
0358,TXT3,NULL,,,
0359,TXT3,NULL,,,
0360,IMG4,NULL,,,
0361,IMGA,NULL,,,
0362,IMGA,NULL,,,
0363,IMGA,NULL,,,
0364,IMGA,NULL,,,
0365,TXT3,NULL,,,
0366,TXT3,NULL,,,
0367,TXT3,NULL,,,
0368,TXT3,NULL,,,
0369,IMG4,NULL,,,
0370,IMGA,NULL,,,
0371,SND5,SPR5,,,
0372,TXT3,NULL,,,
0373,TXT3,NULL,,,
0374,IMG4,NULL,,,
0375,IMGA,NULL,,,
0376,IMGA,NULL,,,
0377,IMGA,NULL,,,
0378,IMGA,NULL,,,
0379,TXT3,NULL,,,
0380,TXT3,NULL,,,
0381,IMG4,NULL,,,
0382,IMGA,NULL,,,
0383,TXT3,NULL,,,
0384,TXT3,NULL,,,
0385,TXT3,NULL,,,
0386,TXT3,NULL,,,
0387,IMG4,NULL,,,
0388,IMGA,NULL,,,
0389,TXT3,NULL,,,
0390,TXT3,NULL,,,
0391,IMG4,NULL,,,
0392,IMGA,NULL,,,
0393,IMGA,NULL,,,
0394,IMGA,NULL,,,
0395,IMGA,NULL,,,
0396,TXT3,NULL,,,
0397,TXT3,NULL,,,
0398,TXT3,NULL,,,
0399,IMG4,NULL,,,
0400,IMGA,NULL,,,
0401,IMGA,NULL,,,
0402,IMGA,NULL,,,
0403,IMGA,NULL,,,
0404,TXT3,NULL,,,
0405,TXT3,NULL,,,
0406,IMG4,NULL,,,
0407,IMGA,NULL,,,
0408,TXT3,NULL,,,
0409,TXT3,NULL,,,
0410,TXT3,NULL,,,
0411,TXT3,NULL,,,
0412,IMG4,NULL,,,
0413,IMGA,NULL,,,
0414,IMGA,NULL,,,
0415,IMGA,NULL,,,
0416,IMGA,NULL,,,
0417,TXT3,NULL,,,
0418,TXT3,NULL,,,
0419,TXT3,NULL,,,
0420,TXT3,NULL,,,
0421,IMG4,NULL,,,
0422,IMG4,NULL,,,
0423,IMGC,NULL,,,
0424,TXT3,NULL,,,
0425,TXT3,NULL,,,
0426,TXT3,NULL,,,
0427,IMG4,NULL,,,
0428,IMG4,NULL,,,
0429,IMG4,NULL,,,
0430,IMG4,NULL,,,
0431,IMG4,NULL,,,
0432,IMGA,NULL,,,
0433,IMGA,NULL,,,
0434,IMGA,NULL,,,
0435,IMGA,NULL,,,
0436,TXT3,NULL,,,
0437,TXT3,NULL,,,
0438,TXT3,NULL,,,
0439,TXT3,NULL,,,
0440,IMG4,NULL,,,
0441,IMG4,NULL,,,
0442,IMGA,NULL,,,
0443,TXT3,NULL,,,
0444,TXT3,NULL,,,
0445,TXT3,NULL,,,
0446,TXT3,NULL,,,
0447,IMG4,NULL,,,
0448,IMGA,NULL,,,
0449,IMGA,NULL,,,
0450,IMGA,NULL,,,
0451,IMGA,NULL,,,
0452,TXT3,NULL,,,
0453,TXT3,NULL,,,
0454,TXT3,NULL,,,
0455,TXT3,NULL,,,
0456,IMG4,NULL,,,
0457,IMGA,NULL,,,
0458,IMGA,NULL,,,
0459,IMGA,NULL,,,
0460,IMGA,NULL,,,
0461,TXT3,NULL,,,
0462,TXT3,NULL,,,
0463,TXT3,NULL,,,
0464,TXT3,NULL,,,
0465,IMG4,NULL,,,
0466,IMGA,NULL,,,
0467,IMGA,NULL,,,
0468,IMGA,NULL,,,
0469,IMGA,NULL,,,
0470,TXT3,NULL,,,
0471,TXT3,NULL,,,
0472,TXT3,NULL,,,
0473,IMG4,NULL,,,
0474,IMGA,NULL,,,
0475,IMGA,NULL,,,
0476,IMGA,NULL,,,
0477,IMGA,NULL,,,
0478,TXT3,NULL,,,
0479,TXT3,NULL,,,
0480,TXT3,NULL,,,
0481,IMG4,NULL,,,
0482,IMGA,NULL,,,
0483,IMGA,NULL,,,
0484,IMGA,NULL,,,
0485,IMGA,NULL,,,
0486,TXT3,NULL,,,
0487,TXT3,NULL,,,
0488,TXT3,NULL,,,
0489,TXT3,NULL,,,
0490,IMG4,NULL,,,
0491,IMGA,NULL,,,
0492,TXT3,NULL,,,
0493,TXT3,NULL,,,
0494,TXT3,NULL,,,
0495,TXT3,NULL,,,
0496,IMG4,NULL,,,
0497,IMGA,NULL,,,
0498,TXT3,NULL,,,
0499,TXT3,NULL,,,
0500,TXT3,NULL,,,
0501,TXT3,NULL,,,
0502,IMG4,NULL,,,
0503,IMG4,NULL,,,
0504,IMG4,NULL,,,
0505,IMG4,NULL,,,
0506,IMG4,NULL,,,
0507,IMG4,NULL,,,
0508,IMGA,NULL,,,
0509,TXT3,NULL,,,
0510,TXT3,NULL,,,
0511,TXT3,NULL,,,
0512,TXT3,NULL,,,
0513,IMG4,NULL,,,
0514,IMGA,NULL,,,
0515,IMGA,NULL,,,
0516,IMGA,NULL,,,
0517,IMGA,NULL,,,
0518,TXT3,NULL,,,
0519,TXT3,NULL,,,
0520,TXT3,NULL,,,
0521,TXT3,NULL,,,
0522,IMG4,NULL,,,
0523,IMGA,NULL,,,
0524,TXT3,NULL,,,
0525,IMG4,NULL,,,
0526,IMGA,NULL,,,
0527,TXT3,NULL,,,
0528,TXT3,NULL,,,
0529,TXT3,NULL,,,
0530,TXT3,NULL,,,
0531,IMG4,NULL,,,
0532,IMGA,NULL,,,
0533,IMGA,NULL,,,
0534,IMGA,NULL,,,
0535,IMGA,NULL,,,
0536,TXT3,NULL,,,
0537,TXT3,NULL,,,
0538,TXT3,NULL,,,
0539,TXT3,NULL,,,
0540,IMG4,NULL,,,
0541,IMGA,NULL,,,
0542,TXT3,NULL,,,
0543,TXT3,NULL,,,
0544,IMG4,NULL,,,
0545,IMGA,NULL,,,
0546,TXT3,NULL,,,
0547,TXT3,NULL,,,
0548,IMG4,NULL,,,
0549,IMGA,NULL,,,
0550,IMGA,NULL,,,
0551,IMGA,NULL,,,
0552,IMGA,NULL,,,
0553,TXT3,NULL,,,
0554,TXT3,NULL,,,
0555,TXT3,NULL,,,
0556,IMG4,NULL,,,
0557,IMGA,NULL,,,
0558,TXT3,NULL,,,
0559,TXT3,NULL,,,
0560,IMG4,NULL,,,
0561,IMGA,NULL,,,
0562,IMG4,NULL,,,
0563,IMGA,NULL,,,
0564,IMGA,NULL,,,
0565,IMGA,NULL,,,
0566,TXT3,NULL,,,
0567,TXT3,NULL,,,
0568,IMG4,NULL,,,
0569,IMGA,NULL,,,
0570,TXT3,NULL,,,
0571,TXT3,NULL,,,
0572,IMG4,NULL,,,
0573,IMGA,NULL,,,
0574,TXT3,NULL,,,
0575,TXT3,NULL,,,
0576,TXT3,NULL,,,
0577,TXT3,NULL,,,
0578,IMG4,NULL,,,
0579,IMGA,NULL,,,
0580,TXT3,NULL,,,
0581,TXT3,NULL,,,
0582,TXT3,NULL,,,
0583,TXT3,NULL,,,
0584,IMG4,NULL,,,
0585,IMGA,NULL,,,
0586,TXT3,NULL,,,
0587,TXT3,NULL,,,
0588,TXT3,NULL,,,
0589,TXT3,NULL,,,
0590,IMG4,NULL,,,
0591,IMGA,NULL,,,
0592,TXT3,NULL,,,
0593,TXT3,NULL,,,
0594,TXT3,NULL,,,
0595,IMG4,NULL,,,
0596,IMG4,NULL,,,
0597,IMGA,NULL,,,
0598,TXT3,NULL,,,
0599,TXT3,NULL,,,
0600,TXT3,NULL,,,
0601,IMG4,NULL,,,
0602,IMGA,NULL,,,
0603,IMGA,NULL,,,
0604,IMGA,NULL,,,
0605,IMGA,NULL,,,
0606,TXT3,NULL,,,
0607,TXT3,NULL,,,
0608,TXT3,NULL,,,
0609,TXT3,NULL,,,
0610,IMG4,NULL,,,
0611,IMG4,NULL,,,
0612,IMG4,NULL,,,
0613,IMG4,NULL,,,
0614,IMG4,NULL,,,
0615,IMGA,NULL,,,
0616,IMGA,NULL,,,
0617,IMGA,NULL,,,
0618,IMGA,NULL,,,
0619,TXT3,NULL,,,
0620,TXT3,NULL,,,
0621,TXT3,NULL,,,
0622,TXT3,NULL,,,
0623,IMG4,NULL,,,
0624,IMG4,NULL,,,
0625,IMG4,NULL,,,
0626,IMG4,NULL,,,
0627,IMG4,NULL,,,
0628,IMGA,NULL,,,
0629,IMGA,NULL,,,
0630,IMGA,NULL,,,
0631,IMGA,NULL,,,
0632,TXT3,NULL,,,
0633,TXT3,NULL,,,
0634,TXT3,NULL,,,
0635,TXT3,NULL,,,
0636,IMG4,NULL,,,
0637,IMGA,NULL,,,
0638,IMGA,NULL,,,
0639,IMGA,NULL,,,
0640,IMGA,NULL,,,
0641,TXT3,NULL,,,
0642,TXT3,NULL,,,
0643,IMG4,NULL,,,
0644,IMG4,NULL,,,
0645,IMG4,NULL,,,
0646,IMG4,NULL,,,
0647,IMG4,NULL,,,
0648,IMG4,NULL,,,
0649,IMG4,NULL,,,
0650,IMG4,NULL,,,
0651,IMG4,NULL,,,
0652,IMG4,NULL,,,
0653,IMG4,NULL,,,
0654,IMGA,NULL,,,
0655,TXT3,NULL,,,
0656,TXT3,NULL,,,
0657,TXT3,NULL,,,
0658,IMG4,NULL,,,
0659,IMGA,NULL,,,
0660,IMGA,NULL,,,
0661,IMGA,NULL,,,
0662,IMGA,NULL,,,
0663,TXT3,NULL,,,
0664,TXT3,NULL,,,
0665,TXT3,NULL,,,
0666,TXT3,NULL,,,
0667,IMG4,NULL,,,
0668,IMGA,NULL,,,
0669,IMGA,NULL,,,
0670,IMGA,NULL,,,
0671,IMGA,NULL,,,
0672,TXT3,NULL,,,
0673,TXT3,NULL,,,
0674,TXT3,NULL,,,
0675,TXT3,NULL,,,
0676,SND5,SPR5,,,
0677,SND5,SPR5,,,
0678,IMG4,NULL,,,
0679,IMG4,NULL,,,
0680,IMG4,NULL,,,
0681,IMG4,NULL,,,
0682,IMG4,NULL,,,
0683,IMGA,NULL,,,
0684,TXT3,NULL,,,
0685,TXT3,NULL,,,
0686,TXT3,NULL,,,
0687,TXT3,NULL,,,
0688,IMG4,NULL,,,
0689,IMGA,NULL,,,
0690,TXT3,NULL,,,
0691,IMG4,NULL,,,
0692,IMGA,NULL,,,
0693,TXT3,NULL,,,
0694,IMG4,NULL,,,
0695,IMGA,NULL,,,
0696,TXT3,NULL,,,
0697,IMG4,NULL,,,
0698,IMGA,NULL,,,
0699,TXT3,NULL,,,
0700,IMG4,NULL,,,
0701,IMGA,NULL,,,
0702,TXT3,NULL,,,
0703,IMG4,NULL,,,
0704,IMGA,NULL,,,
0705,TXT3,NULL,,,
0706,IMG4,NULL,,,
0707,IMGA,NULL,,,
0708,TXT3,NULL,,,
0709,IMG4,NULL,,,
0710,IMGA,NULL,,,
0711,TXT3,NULL,,,
0712,IMG4,NULL,,,
0713,IMGA,NULL,,,
0714,TXT3,NULL,,,
0715,IMG4,NULL,,,
0716,IMGA,NULL,,,
0717,TXT3,NULL,,,
0718,IMG4,NULL,,,
0719,IMGA,NULL,,,
0720,TXT3,NULL,,,
0721,IMG4,NULL,,,
0722,IMGA,NULL,,,
0723,TXT3,NULL,,,
0724,IMG4,NULL,,,
0725,IMGA,NULL,,,
0726,TXT3,NULL,,,
0727,IMG4,NULL,,,
0728,IMG4,NULL,,,
0729,IMG4,NULL,,,
0730,IMGA,NULL,,,
0731,TXT3,NULL,,,
0732,TXT3,NULL,,,
0733,TXT3,NULL,,,
0734,TXT3,NULL,,,
0735,IMG4,NULL,,,
0736,IMGA,NULL,,,
0737,TXT3,NULL,,,
0738,IMG4,NULL,,,
0739,IMGA,NULL,,,
0740,TXT3,NULL,,,
0741,IMG4,NULL,,,
0742,IMGA,NULL,,,
0743,TXT3,NULL,,,
0744,IMG4,NULL,,,
0745,IMGA,NULL,,,
0746,TXT3,NULL,,,
0747,IMG4,NULL,,,
0748,IMGA,NULL,,,
0749,TXT3,NULL,,,
0750,IMG4,NULL,,,
0751,IMGA,NULL,,,
0752,TXT3,NULL,,,
0753,IMG4,NULL,,,
0754,IMGA,NULL,,,
0755,IMG4,NULL,,,
0756,IMG4,NULL,,,
0757,IMG4,NULL,,,
0758,IMG4,NULL,,,
0759,IMG4,NULL,,,
0760,IMGA,NULL,,,
0761,TXT3,NULL,,,
0762,TXT3,NULL,,,
0763,TXT3,NULL,,,
0764,TXT3,NULL,,,
0765,IMG4,NULL,,,
0766,IMGA,NULL,,,
0767,TXT3,NULL,,,
0768,IMG4,NULL,,,
0769,IMGA,NULL,,,
0770,TXT3,NULL,,,
0771,IMG4,NULL,,,
0772,IMGA,NULL,,,
0773,TXT3,NULL,,,
0774,IMG4,NULL,,,
0775,IMGA,NULL,,,
0776,TXT3,NULL,,,
0777,IMG4,NULL,,,
0778,IMGA,NULL,,,
0779,TXT3,NULL,,,
0780,IMG4,NULL,,,
0781,IMGA,NULL,,,
0782,TXT3,NULL,,,
0783,IMG4,NULL,,,
0784,IMGA,NULL,,,
0785,TXT3,NULL,,,
0786,IMG4,NULL,,,
0787,IMGA,NULL,,,
0788,TXT3,NULL,,,
0789,IMG4,NULL,,,
0790,IMGA,NULL,,,
0791,TXT3,NULL,,,
0792,IMG4,NULL,,,
0793,IMGA,NULL,,,
0794,TXT3,NULL,,,
0795,IMG4,NULL,,,
0796,IMGA,NULL,,,
0797,TXT3,NULL,,,
0798,IMG4,NULL,,,
0799,IMGA,NULL,,,
0800,TXT3,NULL,,,
0801,IMG4,NULL,,,
0802,IMGA,NULL,,,
0803,TXT3,NULL,,,
0804,IMG4,NULL,,,
0805,IMGA,NULL,,,
0806,TXT3,NULL,,,
0807,IMG4,NULL,,,
0808,IMGA,NULL,,,
0809,TXT3,NULL,,,
0810,IMG4,NULL,,,
0811,IMGA,NULL,,,
0812,TXT3,NULL,,,
0813,IMG4,NULL,,,
0814,IMGA,NULL,,,
0815,TXT3,NULL,,,
0816,IMG4,NULL,,,
0817,IMGA,NULL,,,
0818,TXT3,NULL,,,
0819,IMG4,NULL,,,
0820,IMGA,NULL,,,
0821,TXT3,NULL,,,
0822,IMG4,NULL,,,
0823,IMGA,NULL,,,
0824,TXT3,NULL,,,
0825,TXT3,NULL,,,
0826,TXT3,NULL,,,
0827,TXT3,NULL,,,
0828,IMG4,NULL,,,
0829,IMGA,NULL,,,
0830,TXT3,NULL,,,
0831,IMG4,NULL,,,
0832,IMGA,NULL,,,
0833,TXT3,NULL,,,
0834,TXT3,NULL,,,
0835,TXT3,NULL,,,
0836,TXT3,NULL,,,
0837,IMG4,NULL,,,
0838,IMGA,NULL,,,
0839,TXT3,NULL,,,
0840,IMG4,NULL,,,
0841,IMGA,NULL,,,
0842,TXT3,NULL,,,
0843,IMG4,NULL,,,
0844,IMGA,NULL,,,
0845,TXT3,NULL,,,
0846,TXT3,NULL,,,
0847,TXT3,NULL,,,
0848,IMG4,NULL,,,
0849,IMGA,NULL,,,
0850,TXT3,NULL,,,
0851,IMG4,NULL,,,
0852,IMGA,NULL,,,
0853,TXT3,NULL,,,
0854,IMG4,NULL,,,
0855,IMGA,NULL,,,
0856,TXT3,NULL,,,
0857,IMG4,NULL,,,
0858,IMG4,NULL,,,
0859,IMG4,NULL,,,
0860,IMG4,NULL,,,
0861,IMG4,NULL,,,
0862,IMGA,NULL,,,
0863,TXT3,NULL,,,
0864,IMG4,NULL,,,
0865,IMG4,NULL,,,
0866,IMG4,NULL,,,
0867,IMG4,NULL,,,
0868,IMG4,NULL,,,
0869,IMGA,NULL,,,
0870,TXT3,NULL,,,
0871,IMG4,NULL,,,
0872,IMG4,NULL,,,
0873,IMG4,NULL,,,
0874,IMG4,NULL,,,
0875,IMG4,NULL,,,
0876,IMGA,NULL,,,
0877,TXT3,NULL,,,
0878,TXT3,NULL,,,
0879,TXT3,NULL,,,
0880,TXT3,NULL,,,
0881,IMG4,NULL,,,
0882,IMGA,NULL,,,
0883,TXT3,NULL,,,
0884,IMG4,NULL,,,
0885,IMGA,NULL,,,
0886,TXT3,NULL,,,
0887,IMG4,NULL,,,
0888,IMGA,NULL,,,
0889,TXT3,NULL,,,
0890,IMG4,NULL,,,
0891,IMGA,NULL,,,
0892,TXT3,NULL,,,
0893,TXT3,NULL,,,
0894,TXT3,NULL,,,
0895,IMG4,NULL,,,
0896,IMG4,NULL,,,
0897,IMG4,NULL,,,
0898,IMGA,NULL,,,
0899,TXT3,NULL,,,
0900,IMG4,NULL,,,
0901,IMG4,NULL,,,
0902,IMG4,NULL,,,
0903,IMG4,NULL,,,
0904,IMGA,NULL,,,
0905,TXT3,NULL,,,
0906,TXT3,NULL,,,
0907,IMG4,NULL,,,
0908,IMGA,NULL,,,
0909,TXT3,NULL,,,
0910,IMG4,NULL,,,
0911,IMGA,NULL,,,
0912,TXT3,NULL,,,
0913,IMG4,NULL,,,
0914,IMG4,NULL,,,
0915,IMG4,NULL,,,
0916,IMG4,NULL,,,
0917,IMGA,NULL,,,
0918,TXT3,NULL,,,
0919,IMG4,NULL,,,
0920,IMG4,NULL,,,
0921,IMG4,NULL,,,
0922,IMG4,NULL,,,
0923,IMGA,NULL,,,
0924,TXT3,NULL,,,
0925,IMG4,NULL,,,
0926,IMGA,NULL,,,
0927,TXT3,NULL,,,
0928,IMG4,NULL,,,
0929,IMG4,NULL,,,
0930,IMG4,NULL,,,
0931,IMGA,NULL,,,
0932,TXT3,NULL,,,
0933,IMG4,NULL,,,
0934,IMG4,NULL,,,
0935,IMG4,NULL,,,
0936,IMG4,NULL,,,
0937,IMGA,NULL,,,
0938,TXT3,NULL,,,
0939,IMG4,NULL,,,
0940,IMG4,NULL,,,
0941,IMG4,NULL,,,
0942,IMG4,NULL,,,
0943,IMGA,NULL,,,
0944,TXT3,NULL,,,
0945,IMG4,NULL,,,
0946,IMGA,NULL,,,
0947,TXT3,NULL,,,
0948,IMG4,NULL,,,
0949,IMG4,NULL,,,
0950,IMG4,NULL,,,
0951,IMG4,NULL,,,
0952,IMGA,NULL,,,
0953,TXT3,NULL,,,
0954,IMG4,NULL,,,
0955,IMGA,NULL,,,
0956,TXT3,NULL,,,
0957,IMG4,NULL,,,
0958,IMG4,NULL,,,
0959,IMG4,NULL,,,
0960,IMG4,NULL,,,
0961,IMGA,NULL,,,
0962,TXT3,NULL,,,
0963,IMG4,NULL,,,
0964,IMG4,NULL,,,
0965,IMGA,NULL,,,
0966,IMG4,NULL,,,
0967,IMG4,NULL,,,
0968,IMGA,NULL,,,
0969,IMGA,NULL,,,
0970,IMGA,NULL,,,
0971,TXT3,NULL,,,
0972,IMG4,NULL,,,
0973,IMG4,NULL,,,
0974,IMG4,NULL,,,
0975,IMGA,NULL,,,
0976,IMG4,NULL,,,
0977,IMG4,NULL,,,
0978,IMGA,NULL,,,
0979,IMGA,NULL,,,
0980,IMGA,NULL,,,
0981,TXT3,NULL,,,
0982,IMGA,NULL,,,
0983,IMG4,NULL,,,
0984,IMG4,NULL,,,
0985,IMGA,NULL,,,
0986,IMGA,NULL,,,
0987,IMGA,NULL,,,
0988,TXT3,NULL,,,
0989,TXT3,NULL,,,
0990,TXT3,NULL,,,
0991,IMGA,NULL,,,
0992,IMG4,NULL,,,
0993,IMGA,NULL,,,
0994,IMG4,NULL,,,
0995,IMG4,NULL,,,
0996,IMG4,NULL,,,
0997,IMG4,NULL,,,
0998,IMG4,NULL,,,
0999,IMG4,NULL,,,
1000,IMG4,NULL,,,
1001,IMG4,NULL,,,
1002,IMG4,NULL,,,
1003,IMG4,NULL,,,
1004,IMGA,NULL,,,
1005,TXT3,NULL,,,
1006,TXT3,NULL,,,
1007,TXT3,NULL,,,
1008,TXT3,NULL,,,
1009,IMG4,NULL,,,
1010,IMG4,NULL,,,
1011,IMG4,NULL,,,
1012,IMG4,NULL,,,
1013,IMG4,NULL,,,
1014,IMG4,NULL,,,
1015,IMG4,NULL,,,
1016,IMGA,NULL,,,
1017,TXT3,NULL,,,
1018,TXT3,NULL,,,
1019,TXT3,NULL,,,
1020,IMGA,NULL,,,
1021,IMGA,NULL,,,
1022,IMGA,NULL,,,
1023,IMGA,NULL,,,
1024,IMGA,NULL,,,
1025,IMG4,NULL,,,
1026,IMGA,NULL,,,
1027,TXT3,NULL,,,
1028,IMGA,NULL,,,
1029,IMGA,NULL,,,
1030,IMG4,NULL,,,
1031,IMG4,NULL,,,
1032,IMGA,NULL,,,
1033,TXT3,NULL,,,
1034,TXT3,NULL,,,
1035,IMG4,NULL,,,
1036,IMGA,NULL,,,
1037,IMGA,NULL,,,
1038,TXT3,NULL,,,
1039,IMG4,NULL,,,
1040,IMGA,NULL,,,
1041,TXT3,NULL,,,
1042,TXT3,NULL,,,
1043,IMG4,NULL,,,
1044,IMGA,NULL,,,
1045,TXT3,NULL,,,
1046,TXT3,NULL,,,
1047,IMG4,NULL,,,
1048,IMGA,NULL,,,
1049,TXT3,NULL,,,
1050,IMG4,NULL,,,
1051,IMGA,NULL,,,
1052,TXT3,NULL,,,
1053,IMG4,NULL,,,
1054,IMGA,NULL,,,
1055,TXT3,NULL,,,
1056,IMG4,NULL,,,
1057,IMGA,NULL,,,
1058,TXT3,NULL,,,
1059,IMG4,NULL,,,
1060,IMGA,NULL,,,
1061,TXT3,NULL,,,
1062,IMG4,NULL,,,
1063,IMGA,NULL,,,
1064,TXT3,NULL,,,
1065,IMG4,NULL,,,
1066,IMGA,NULL,,,
1067,TXT3,NULL,,,
1068,IMG4,NULL,,,
1069,IMGA,NULL,,,
1070,TXT3,NULL,,,
1071,IMG4,NULL,,,
1072,IMG4,NULL,,,
1073,TXT3,NULL,,,
1074,IMG4,NULL,,,
1075,IMGA,NULL,,,
1076,TXT3,NULL,,,
1077,IMG4,NULL,,,
1078,IMGA,NULL,,,
1079,TXT3,NULL,,,
1080,IMG4,NULL,,,
1081,IMG4,NULL,,,
1082,IMG4,NULL,,,
1083,IMG4,NULL,,,
1084,IMG4,NULL,,,
1085,TXT3,NULL,,,
1086,IMG4,NULL,,,
1087,IMG4,NULL,,,
1088,TXT3,NULL,,,
1089,IMG4,NULL,,,
1090,IMGA,NULL,,,
1091,TXT3,NULL,,,
1092,IMG4,NULL,,,
1093,IMGA,NULL,,,
1094,TXT3,NULL,,,
1095,IMG4,NULL,,,
1096,IMGA,NULL,,,
1097,IMG4,NULL,,,
1098,TXT3,NULL,,,
1099,IMG4,NULL,,,
1100,IMGA,NULL,,,
1101,TXT3,NULL,,,
1102,IMG4,NULL,,,
1103,IMG4,NULL,,,
1104,TXT3,NULL,,,
1105,IMG4,NULL,,,
1106,IMG4,NULL,,,
1107,IMG4,NULL,,,
1108,IMG4,NULL,,,
1109,IMGA,NULL,,,
1110,TXT3,NULL,,,
1111,TXT3,NULL,,,
1112,IMG4,NULL,,,
1113,IMGA,NULL,,,
1114,TXT3,NULL,,,
1115,IMG4,NULL,,,
1116,IMG4,NULL,,,
1117,TXT3,NULL,,,
1118,IMG4,NULL,,,
1119,IMG4,NULL,,,
1120,TXT3,NULL,,,
1121,IMG4,NULL,,,
1122,IMGA,NULL,,,
1123,TXT3,NULL,,,
1124,IMG4,NULL,,,
1125,IMGA,NULL,,,
1126,TXT3,NULL,,,
1127,TXT3,NULL,,,
1128,TXT3,NULL,,,
1129,IMG4,NULL,,,
1130,IMGA,NULL,,,
1131,TXT3,NULL,,,
1132,IMG4,NULL,,,
1133,IMG4,NULL,,,
1134,IMG4,NULL,,,
1135,TXT3,NULL,,,
1136,IMG4,NULL,,,
1137,IMGA,NULL,,,
1138,TXT3,NULL,,,
1139,IMG4,NULL,,,
1140,IMGA,NULL,,,
1141,TXT3,NULL,,,
1142,IMG4,NULL,,,
1143,IMG4,NULL,,,
1144,IMGA,NULL,,,
1145,TXT3,NULL,,,
1146,IMG4,NULL,,,
1147,IMGA,NULL,,,
1148,TXT3,NULL,,,
1149,IMG4,NULL,,,
1150,IMG4,NULL,,,
1151,TXT3,NULL,,,
1152,IMG4,NULL,,,
1153,IMG4,NULL,,,
1154,IMG4,NULL,,,
1155,IMG4,NULL,,,
1156,IMG4,NULL,,,
1157,IMGA,NULL,,,
1158,TXT3,NULL,,,
1159,IMG4,NULL,,,
1160,IMGA,NULL,,,
1161,TXT3,NULL,,,
1162,IMG4,NULL,,,
1163,IMGA,NULL,,,
1164,TXT3,NULL,,,
1165,IMG4,NULL,,,
1166,IMGA,NULL,,,
1167,TXT3,NULL,,,
1168,IMG4,NULL,,,
1169,IMGA,NULL,,,
1170,IMG4,NULL,,,
1171,TXT3,NULL,,,
1172,IMG4,NULL,,,
1173,IMGA,NULL,,,
1174,TXT3,NULL,,,
1175,IMG4,NULL,,,
1176,IMGA,NULL,,,
1177,TXT3,NULL,,,
1178,IMG4,NULL,,,
1179,IMGA,NULL,,,
1180,TXT3,NULL,,,
1181,IMGA,NULL,,,
1182,TXT3,NULL,,,
1183,IMG4,NULL,,,
1184,IMGA,NULL,,,
1185,TXT3,NULL,,,
1186,IMG4,NULL,,,
1187,IMGA,NULL,,,
1188,IMG4,NULL,,,
1189,IMGA,NULL,,,
1190,TXT3,NULL,,,
1191,IMG4,NULL,,,
1192,IMGA,NULL,,,
1193,TXT3,NULL,,,
1194,IMG4,NULL,,,
1195,IMGA,NULL,,,
1196,TXT3,NULL,,,
1197,TXT3,NULL,,,
1198,IMG4,NULL,,,
1199,IMGA,NULL,,,
1200,TXT3,NULL,,,
1201,IMG4,NULL,,,
1202,IMGA,NULL,,,
1203,TXT3,NULL,,,
1204,TXT3,NULL,,,
1205,IMG4,NULL,,,
1206,IMGA,NULL,,,
1207,TXT3,NULL,,,
1208,IMG4,NULL,,,
1209,IMGA,NULL,,,
1210,TXT3,NULL,,,
1211,IMG4,NULL,,,
1212,IMGA,NULL,,,
1213,TXT3,NULL,,,
1214,IMG4,NULL,,,
1215,IMGA,NULL,,,
1216,TXT3,NULL,,,
1217,IMG4,NULL,,,
1218,IMGA,NULL,,,
1219,TXT3,NULL,,,
1220,IMG4,NULL,,,
1221,IMGA,NULL,,,
1222,TXT3,NULL,,,
1223,IMG4,NULL,,,
1224,IMG4,NULL,,,
1225,TXT3,NULL,,,
1226,IMG4,NULL,,,
1227,IMGA,NULL,,,
1228,TXT3,NULL,,,
1229,IMG4,NULL,,,
1230,IMGA,NULL,,,
1231,TXT3,NULL,,,
1232,IMG4,NULL,,,
1233,IMG4,NULL,,,
1234,IMG4,NULL,,,
1235,IMGA,NULL,,,
1236,TXT3,NULL,,,
1237,IMG4,NULL,,,
1238,IMGA,NULL,,,
1239,TXT3,NULL,,,
1240,IMG4,NULL,,,
1241,IMGA,NULL,,,
1242,TXT3,NULL,,,
1243,IMG4,NULL,,,
1244,IMGA,NULL,,,
1245,TXT3,NULL,,,
1246,IMG4,NULL,,,
1247,IMGA,NULL,,,
1248,TXT3,NULL,,,
1249,IMG4,NULL,,,
1250,IMG4,NULL,,,
1251,TXT3,NULL,,,
1252,IMGA,NULL,,,
1253,CHA1,NULL,ALIAI MON,,
1254,IMGA,NULL,,,
1255,SND5,SPR5,,,
1256,TXT3,NULL,,,
1257,TXT3,NULL,,,
1258,TXT3,NULL,,,
1259,TXT3,NULL,,,
1260,TXT3,NULL,,,
1261,IMGA,NULL,,,
1262,CHA1,NULL,ANDERS LIGHT WIELDER,,
1263,IMGA,NULL,,,
1264,SND5,SPR5,,,
1265,TXT3,NULL,,,
1266,IMGA,NULL,,,
1267,CHA1,NULL,BANE BLADE CLEAVER,,
1268,IMGA,NULL,,,
1269,SND5,SPR5,,,
1270,TXT3,NULL,,,
1271,SND5,SPR5,,,
1272,SND5,SPR5,,,
1273,SND5,SPR5,,,
1274,IMGA,NULL,,,
1275,CHA1,NULL,CLETUS,,
1276,IMGA,NULL,,,
1277,TXT3,NULL,,,
1278,TXT3,NULL,,,
1279,TXT3,NULL,,,
1280,IMGA,NULL,,,
1281,CHA1,NULL,CORDAIN DAWNKEEPER,,
1282,IMGA,NULL,,,
1283,TXT3,NULL,,,
1284,IMGA,NULL,,,
1285,CHA1,NULL,EQUUS,,
1286,IMGA,NULL,,,
1287,TXT3,NULL,,,
1288,TXT3,NULL,,,
1289,IMGA,NULL,,,
1290,CHA1,NULL,GRAEN OZBOR,,
1291,IMGA,NULL,,,
1292,SND5,SPR5,,,
1293,TXT3,NULL,,,
1294,IMGA,NULL,,,
1295,CHA1,NULL,HET FARVIL,,
1296,IMGA,NULL,,,
1297,SND5,SPR5,,,
1298,TXT3,NULL,,,
1299,IMGA,NULL,,,
1300,CHA1,NULL,JAROD NIGHTWIELDER,,
1301,IMGA,NULL,,,
1302,TXT3,NULL,,,
1303,IMGA,NULL,,,
1304,CHA1,NULL,KOL DEL TAC,,
1305,IMGA,NULL,,,
1306,TXT3,NULL,,,
1307,IMGA,NULL,,,
1308,CHA1,NULL,ODO ALU KAILO,,
1309,IMGA,NULL,,,
1310,TXT3,NULL,,,
1311,IMGA,NULL,,,
1312,CHA1,NULL,SAROS SHADOW FOLLOWER,,
1313,IMGA,NULL,,,
1314,TXT3,NULL,,,
1315,IMGA,NULL,,,
1316,CHA1,NULL,SERI FLAMEHAIR,,
1317,IMGA,NULL,,,
1318,SND5,SPR5,,,
1319,TXT3,NULL,,,
1320,IMGA,NULL,,,
1321,CHA1,NULL,TRESA VULPES,,
1322,IMGA,NULL,,,
1323,SND5,SPR5,,,
1324,TXT3,NULL,,,
1325,IMGA,NULL,,,
1326,CHA1,NULL,UGGO THE MAD,,
1327,IMGA,NULL,,,
1328,TXT3,NULL,,,
1329,IMGA,NULL,,,
1330,CHA1,NULL,TORHAM ZED,,
1331,IMGA,NULL,,,
1332,TXT3,NULL,,,
1333,IMG4,NULL,,,
1334,IMG4,NULL,,,
1335,IMG4,NULL,,,
1336,IMG4,NULL,,,
1337,IMG4,NULL,,,
1338,IMG4,NULL,,,
1339,IMG4,NULL,,,
1340,IMG4,NULL,,,
1341,IMGA,NULL,,,
1342,IMGA,NULL,,,
1343,IMGA,NULL,,,
1344,IMG4,NULL,,,
1345,IMG4,NULL,,,
1346,IMG4,NULL,,,
1347,IMG4,NULL,,,
1348,IMGA,NULL,,,
1349,IMGA,NULL,,,
1350,IMGA,NULL,,,
1351,IMG4,NULL,,,
1352,IMG4,NULL,,,
1353,IMG4,NULL,,,
1354,IMG4,NULL,,,
1355,IMGA,NULL,,,
1356,IMGA,NULL,,,
1357,IMGA,NULL,,,
1358,TXT3,NULL,,,
1359,TXT3,NULL,,,
1360,TXT3,NULL,,,
1361,TXT3,NULL,,,
1362,TXT3,NULL,,,
1363,SND5,SPR5,,,
1364,IMG4,NULL,,,
1365,IMGA,NULL,,,
1366,IMGA,NULL,,,
1367,IMGA,NULL,,,
1368,IMGA,NULL,,,
1369,IMGA,NULL,,,
1370,IMG4,NULL,,,
1371,IMG4,NULL,,,
1372,IMGA,NULL,,,
1373,IMGA,NULL,,,
1374,IMGA,NULL,,,
1375,TXT3,NULL,,,
1376,TXT3,NULL,,,
1377,TXT3,NULL,,,
1378,TXT3,NULL,,,
1379,TXT3,NULL,,,
1380,TXT3,NULL,,,
1381,IMGA,NULL,,,
1382,IMG4,NULL,,,
1383,IMG4,NULL,,,
1384,IMGA,NULL,,,
1385,IMGA,NULL,,,
1386,IMGA,NULL,,,
1387,IMG4,NULL,,,
1388,IMG4,NULL,,,
1389,IMG4,NULL,,,
1390,IMG4,NULL,,,
1391,IMG4,NULL,,,
1392,IMGA,NULL,,,
1393,IMGA,NULL,,,
1394,IMGA,NULL,,,
1395,IMGA,NULL,,,
1396,IMGA,NULL,,,
1397,IMGA,NULL,,,
1398,IMGA,NULL,,,
1399,IMGA,NULL,,,
1400,IMG4,NULL,,,
1401,IMGA,NULL,,,
1402,IMGA,NULL,,,
1403,IMGA,NULL,,,
1404,IMGA,NULL,,,
1405,IMGA,NULL,,,
1406,IMGA,NULL,,,
1407,IMGA,NULL,,,
1408,IMGA,NULL,,,
1409,IMGA,NULL,,,
1410,IMGA,NULL,,,
1411,IMGA,NULL,,,
1412,IMGA,NULL,,,
1413,IMGA,NULL,,,
1414,IMGA,NULL,,,
1415,IMGA,NULL,,,
1416,IMGA,NULL,,,
1417,IMGA,NULL,,,
1418,IMGA,NULL,,,
1419,IMG4,NULL,,,
1420,IMGA,NULL,,,
1421,IMG4,NULL,,,
1422,IMG4,NULL,,,
1423,IMG4,NULL,,,
1424,IMG4,NULL,,,
1425,IMG4,NULL,,,
1426,IMG4,NULL,,,
1427,IMG4,NULL,,,
1428,IMGA,NULL,,,
1429,IMGA,NULL,,,
1430,IMGA,NULL,,,
1431,IMGA,NULL,,,
1432,IMGA,NULL,,,
1433,IMGA,NULL,,,
1434,IMGA,NULL,,,
1435,IMGA,NULL,,,
1436,IMGA,NULL,,,
1437,IMGA,NULL,,,
1438,IMGA,NULL,,,
1439,IMGA,NULL,,,
1440,IMGA,NULL,,,
1441,IMGA,NULL,,,
1442,IMGA,NULL,,,
1443,IMGA,NULL,,,
1444,IMGA,NULL,,,
1445,IMGA,NULL,,,
1446,IMGA,NULL,,,
1447,IMG4,NULL,,,
1448,IMGA,NULL,,,
1449,IMGA,NULL,,,
1450,IMGA,NULL,,,
1451,IMGA,NULL,,,
1452,IMGA,NULL,,,
1453,IMGA,NULL,,,
1454,IMGA,NULL,,,
1455,IMGA,NULL,,,
1456,IMGA,NULL,,,
1457,IMGA,NULL,,,
1458,IMGA,NULL,,,
1459,IMGA,NULL,,,
1460,IMGA,NULL,,,
1461,IMGA,NULL,,,
1462,IMGA,NULL,,,
1463,IMGA,NULL,,,
1464,IMGA,NULL,,,
1465,IMGA,NULL,,,
1466,IMG4,NULL,,,
1467,IMG4,NULL,,,
1468,IMGA,NULL,,,
1469,IMGA,NULL,,,
1470,IMGA,NULL,,,
1471,IMGA,NULL,,,
1472,IMGA,NULL,,,
1473,IMGA,NULL,,,
1474,IMGA,NULL,,,
1475,IMGA,NULL,,,
1476,IMGA,NULL,,,
1477,IMGA,NULL,,,
1478,IMGA,NULL,,,
1479,IMGA,NULL,,,
1480,IMGA,NULL,,,
1481,IMGA,NULL,,,
1482,IMGA,NULL,,,
1483,IMGA,NULL,,,
1484,IMG4,NULL,,,
1485,IMG4,NULL,,,
1486,IMG4,NULL,,,
1487,IMG4,NULL,,,
1488,IMG4,NULL,,,
1489,IMG4,NULL,,,
1490,IMG4,NULL,,,
1491,IMG4,NULL,,,
1492,IMG4,NULL,,,
1493,IMGA,NULL,,,
1494,IMGA,NULL,,,
1495,IMGA,NULL,,,
1496,IMGA,NULL,,,
1497,IMGA,NULL,,,
1498,IMGA,NULL,,,
1499,IMGA,NULL,,,
1500,IMGA,NULL,,,
1501,IMGA,NULL,,,
1502,IMGA,NULL,,,
1503,IMGA,NULL,,,
1504,IMGA,NULL,,,
1505,IMGA,NULL,,,
1506,IMGA,NULL,,,
1507,IMGA,NULL,,,
1508,IMGA,NULL,,,
1509,IMGA,NULL,,,
1510,IMGA,NULL,,,
1511,IMGA,NULL,,,
1512,IMGA,NULL,,,
1513,IMGA,NULL,,,
1514,IMG4,NULL,,,
1515,IMG4,NULL,,,
1516,IMGA,NULL,,,
1517,IMGA,NULL,,,
1518,IMGA,NULL,,,
1519,IMGA,NULL,,,
1520,IMGA,NULL,,,
1521,IMGA,NULL,,,
1522,IMGA,NULL,,,
1523,IMGA,NULL,,,
1524,IMG4,NULL,,,
1525,IMG4,NULL,,,
1526,IMG4,NULL,,,
1527,IMGA,NULL,,,
1528,IMGA,NULL,,,
1529,IMGA,NULL,,,
1530,IMGA,NULL,,,
1531,IMGA,NULL,,,
1532,IMG4,NULL,,,
1533,IMG4,NULL,,,
1534,IMG4,NULL,,,
1535,IMG4,NULL,,,
1536,IMG4,NULL,,,
1537,IMG4,NULL,,,
1538,IMG4,NULL,,,
1539,IMG4,NULL,,,
1540,IMG4,NULL,,,
1541,IMG4,NULL,,,
1542,IMG4,NULL,,,
1543,IMG4,NULL,,,
1544,IMG4,NULL,,,
1545,IMG4,NULL,,,
1546,IMG4,NULL,,,
1547,IMG4,NULL,,,
1548,IMG4,NULL,,,
1549,IMG4,NULL,,,
1550,IMG4,NULL,,,
1551,IMG4,NULL,,,
1552,IMG4,NULL,,,
1553,IMG4,NULL,,,
1554,IMG4,NULL,,,
1555,IMGA,NULL,,,
1556,TY07,NULL,,,
1557,TY07,NULL,,,
1558,TY07,NULL,,,
1559,TY07,NULL,,,
1560,TY07,NULL,,,
1561,TY07,NULL,,,
1562,TY07,NULL,,,
1563,TY07,NULL,,,
1564,IMGA,NULL,,,
1565,IMGA,NULL,,,
1566,IMGA,NULL,,,
1567,IMGA,NULL,,,
1568,IMGA,NULL,,,
1569,IMG4,NULL,,,
1570,IMG4,NULL,,,
1571,IMGA,NULL,,,
1572,IMG4,NULL,,,
1573,IMGA,NULL,,,
1574,IMGA,NULL,,,
1575,IMGA,NULL,,,
1576,IMGA,NULL,,,
1577,IMGA,NULL,,,
1578,IMGA,NULL,,,
1579,IMGA,NULL,,,
1580,IMGA,NULL,,,
1581,IMGA,NULL,,,
1582,IMGA,NULL,,,
1583,IMGA,NULL,,,
1584,IMGA,NULL,,,
1585,IMG4,NULL,,,
1586,IMG4,NULL,,,
1587,IMG4,NULL,,,
1588,IMG4,NULL,,,
1589,IMG4,NULL,,,
1590,IMG4,NULL,,,
1591,IMG4,NULL,,,
1592,IMG4,NULL,,,
1593,IMG4,NULL,,,
1594,IMG4,NULL,,,
1595,IMG4,NULL,,,
1596,IMG4,NULL,,,
1597,IMG4,NULL,,,
1598,IMG4,NULL,,,
1599,IMG4,NULL,,,
1600,IMG4,NULL,,,
1601,IMG4,NULL,,,
1602,IMG4,NULL,,,
1603,IMG4,NULL,,,
1604,IMGA,NULL,,,
1605,IMGA,NULL,,,
1606,IMGA,NULL,,,
1607,IMGA,NULL,,,
1608,IMGA,NULL,,,
1609,IMGA,NULL,,,
1610,IMGA,NULL,,,
1611,IMGA,NULL,,,
1612,IMGA,NULL,,,
1613,IMGA,NULL,,,
1614,IMGA,NULL,,,
1615,IMG4,NULL,,,
1616,IMGA,NULL,,,
1617,IMGA,NULL,,,
1618,IMGA,NULL,,,
1619,IMGA,NULL,,,
1620,IMGA,NULL,,,
1621,IMGA,NULL,,,
1622,IMGA,NULL,,,
1623,IMGA,NULL,,,
1624,IMGA,NULL,,,
1625,IMGA,NULL,,,
1626,IMGA,NULL,,,
1627,IMGA,NULL,,,
1628,IMGA,NULL,,,
1629,IMGA,NULL,,,
1630,IMGA,NULL,,,
1631,IMGA,NULL,,,
1632,IMGA,NULL,,,
1633,IMGA,NULL,,,
1634,IMGA,NULL,,,
1635,IMGA,NULL,,,
1636,IMGA,NULL,,,
1637,IMGA,NULL,,,
1638,IMGA,NULL,,,
1639,IMGA,NULL,,,
1640,IMGA,NULL,,,
1641,IMGA,NULL,,,
1642,IMGA,NULL,,,
1643,IMGA,NULL,,,
1644,IMGA,NULL,,,
1645,IMGA,NULL,,,
1646,IMGA,NULL,,,
1647,IMGA,NULL,,,
1648,IMGA,NULL,,,
1649,IMGA,NULL,,,
1650,IMGA,NULL,,,
1651,IMGA,NULL,,,
1652,IMGA,NULL,,,
1653,IMGA,NULL,,,
1654,IMGA,NULL,,,
1655,IMG4,NULL,,,
1656,IMG4,NULL,,,
1657,IMG4,NULL,,,
1658,IMG4,NULL,,,
1659,IMG4,NULL,,,
1660,IMG4,NULL,,,
1661,TY14,NULL,,,
1662,IMG4,NULL,,,
1663,IMG4,NULL,,,
1664,IMG4,NULL,,,
1665,IMG4,NULL,,,
1666,IMG4,NULL,,,
1667,IMG4,NULL,,,
1668,IMG4,NULL,,,
1669,IMG4,NULL,,,
1670,IMG4,NULL,,,
1671,IMG4,NULL,,,
1672,IMGA,NULL,,,
1673,IMGA,NULL,,,
1674,IMG4,NULL,,,
1675,IMGA,NULL,,,
1676,IMGA,NULL,,,
1677,IMGA,NULL,,,
1678,IMG4,NULL,,,
1679,IMG4,NULL,,,
1680,IMGA,NULL,,,
1681,IMGA,NULL,,,
1682,IMG4,NULL,,,
1683,IMGA,NULL,,,
1684,IMGA,NULL,,,
1685,IMGA,NULL,,,
1686,IMGA,NULL,,,
1687,IMG4,NULL,,,
1688,IMGA,NULL,,,
1689,IMGA,NULL,,,
1690,IMGA,NULL,,,
1691,SND5,SPR5,,,
1692,IMGA,NULL,,,
1693,IMGA,NULL,,,
1694,IMGA,NULL,,,
1695,IMG4,NULL,,,
1696,IMGA,NULL,,,
1697,IMGA,NULL,,,
1698,IMGA,NULL,,,
1699,IMGA,NULL,,,
1700,IMG4,NULL,,,
1701,IMG4,NULL,,,
1702,IMGA,NULL,,,
1703,SND5,SPR5,,,
1704,IMG4,NULL,,,
1705,IMGA,NULL,,,
1706,IMG4,NULL,,,
1707,IMGA,NULL,,,
1708,IMGA,NULL,,,
1709,SND5,SPR5,,,
1710,IMGA,NULL,,,
1711,IMGA,NULL,,,
1712,IMG4,NULL,,,
1713,IMG4,NULL,,,
1714,IMG4,NULL,,,
1715,IMGA,NULL,,,
1716,IMGA,NULL,,,
1717,IMGA,NULL,,,
1718,IMGA,NULL,,,
1719,IMGA,NULL,,,
1720,IMGA,NULL,,,
1721,IMGA,NULL,,,
1722,IMGA,NULL,,,
1723,IMGA,NULL,,,
1724,IMGA,NULL,,,
1725,IMGA,NULL,,,
1726,IMGA,NULL,,,
1727,IMGA,NULL,,,
1728,IMGA,NULL,,,
1729,IMGA,NULL,,,
1730,IMGA,NULL,,,
1731,IMGA,NULL,,,
1732,IMGA,NULL,,,
1733,IMG4,NULL,,,
1734,IMG4,NULL,,,
1735,IMG4,NULL,,,
1736,IMG4,NULL,,,
1737,IMG4,NULL,,,
1738,IMG4,NULL,,,
1739,IMG4,NULL,,,
1740,IMG4,NULL,,,
1741,IMGA,NULL,,,
1742,IMGA,NULL,,,
1743,IMGA,NULL,,,
1744,IMGA,NULL,,,
1745,IMGA,NULL,,,
1746,IMGA,NULL,,,
1747,IMGA,NULL,,,
1748,IMGA,NULL,,,
1749,IMGA,NULL,,,
1750,IMGA,NULL,,,
1751,IMG4,NULL,,,
1752,IMGA,NULL,,,
1753,IMGA,NULL,,,
1754,IMGA,NULL,,,
1755,IMGA,NULL,,,
1756,IMGA,NULL,,,
1757,IMGA,NULL,,,
1758,IMGA,NULL,,,
1759,IMGA,NULL,,,
1760,IMGA,NULL,,,
1761,IMGA,NULL,,,
1762,IMGA,NULL,,,
1763,IMGA,NULL,,,
1764,IMGA,NULL,,,
1765,IMGA,NULL,,,
1766,IMGA,NULL,,,
1767,IMGA,NULL,,,
1768,IMGA,NULL,,,
1769,IMGA,NULL,,,
1770,IMGA,NULL,,,
1771,IMGA,NULL,,,
1772,IMGA,NULL,,,
1773,IMGA,NULL,,,
1774,IMGA,NULL,,,
1775,IMGA,NULL,,,
1776,IMGA,NULL,,,
1777,IMGA,NULL,,,
1778,IMGA,NULL,,,
1779,IMGA,NULL,,,
1780,IMGA,NULL,,,
1781,IMGA,NULL,,,
1782,IMGA,NULL,,,
1783,SND5,SPR5,,,
1784,IMGA,NULL,,,
1785,IMGA,NULL,,,
1786,IMGA,NULL,,,
1787,IMGA,NULL,,,
1788,IMG4,NULL,,,
1789,IMGA,NULL,,,
1790,IMGA,NULL,,,
1791,IMGA,NULL,,,
1792,IMGA,NULL,,,
1793,IMGA,NULL,,,
1794,IMGA,NULL,,,
1795,IMGA,NULL,,,
1796,IMGA,NULL,,,
1797,IMGA,NULL,,,
1798,IMGA,NULL,,,
1799,IMGA,NULL,,,
1800,IMGA,NULL,,,
1801,IMGA,NULL,,,
1802,IMGA,NULL,,,
1803,IMGA,NULL,,,
1804,IMGA,NULL,,,
1805,IMGA,NULL,,,
1806,IMGA,NULL,,,
1807,IMG4,NULL,,,
1808,IMGA,NULL,,,
1809,IMGA,NULL,,,
1810,IMGA,NULL,,,
1811,IMGA,NULL,,,
1812,IMGA,NULL,,,
1813,IMGA,NULL,,,
1814,SND5,SPR5,,,
1815,IMGA,NULL,,,
1816,IMGA,NULL,,,
1817,IMGA,NULL,,,
1818,IMGA,NULL,,,
1819,IMGA,NULL,,,
1820,IMGA,NULL,,,
1821,IMGA,NULL,,,
1822,IMG4,NULL,,,
1823,IMGA,NULL,,,
1824,IMGA,NULL,,,
1825,IMG4,NULL,,,
1826,IMGA,NULL,,,
1827,IMGA,NULL,,,
1828,IMGA,NULL,,,
1829,IMGA,NULL,,,
1830,IMG4,NULL,,,
1831,IMGA,NULL,,,
1832,IMGA,NULL,,,
1833,IMGA,NULL,,,
1834,IMGA,NULL,,,
1835,IMGA,NULL,,,
1836,IMGA,NULL,,,
1837,IMGA,NULL,,,
1838,IMGA,NULL,,,
1839,IMGA,NULL,,,
1840,IMGA,NULL,,,
1841,IMGA,NULL,,,
1842,IMGA,NULL,,,
1843,IMGA,NULL,,,
1844,IMGA,NULL,,,
1845,IMG4,NULL,,,
1846,IMGA,NULL,,,
1847,IMGA,NULL,,,
1848,IMGA,NULL,,,
1849,IMGA,NULL,,,
1850,IMGA,NULL,,,
1851,IMGA,NULL,,,
1852,IMGA,NULL,,,
1853,IMGA,NULL,,,
1854,IMG4,NULL,,,
1855,IMGA,NULL,,,
1856,IMGA,NULL,,,
1857,IMGA,NULL,,,
1858,IMGA,NULL,,,
1859,IMGA,NULL,,,
1860,IMGA,NULL,,,
1861,IMGA,NULL,,,
1862,IMGA,NULL,,,
1863,IMGA,NULL,,,
1864,IMGA,NULL,,,
1865,IMGA,NULL,,,
1866,IMGA,NULL,,,
1867,IMGA,NULL,,,
1868,IMGA,NULL,,,
1869,IMGA,NULL,,,
1870,TXT3,NULL,,,
1871,IMG4,NULL,,,
1872,IMGA,NULL,,,
1873,IMGA,NULL,,,
1874,IMG4,NULL,,,
1875,IMGA,NULL,,,
1876,IMGA,NULL,,,
1877,IMGA,NULL,,,
1878,IMGA,NULL,,,
1879,IMGA,NULL,,,
1880,IMGA,NULL,,,
1881,IMGA,NULL,,,
1882,IMGA,NULL,,,
1883,IMGA,NULL,,,
1884,IMGA,NULL,,,
1885,IMG4,NULL,,,
1886,IMGA,NULL,,,
1887,IMG4,NULL,,,
1888,IMG4,NULL,,,
1889,IMGA,NULL,,,
1890,IMGA,NULL,,,
1891,IMGA,NULL,,,
1892,IMGA,NULL,,,
1893,IMGA,NULL,,,
1894,IMGA,NULL,,,
1895,IMGA,NULL,,,
1896,IMGA,NULL,,,
1897,IMG4,NULL,,,
1898,IMGA,NULL,,,
1899,IMGA,NULL,,,
1900,IMG4,NULL,,,
1901,IMGA,NULL,,,
1902,IMG4,NULL,,,
1903,IMG4,NULL,,,
1904,IMGA,NULL,,,
1905,IMGA,NULL,,,
1906,IMGA,NULL,,,
1907,IMGA,NULL,,,
1908,IMGA,NULL,,,
1909,IMGA,NULL,,,
1910,IMGA,NULL,,,
1911,IMG4,NULL,,,
1912,IMGA,NULL,,,
1913,IMGA,NULL,,,
1914,IMGA,NULL,,,
1915,IMGA,NULL,,,
1916,IMGA,NULL,,,
1917,IMGA,NULL,,,
1918,SND5,SPR5,,,
1919,IMGA,NULL,,,
1920,TXT3,NULL,,,
1921,IMG4,NULL,,,
1922,IMGA,NULL,,,
1923,IMGA,NULL,,,
1924,IMGA,NULL,,,
1925,IMGA,NULL,,,
1926,IMGA,NULL,,,
1927,IMGA,NULL,,,
1928,IMGA,NULL,,,
1929,IMGA,NULL,,,
1930,IMGA,NULL,,,
1931,IMGA,NULL,,,
1932,IMGA,NULL,,,
1933,IMGA,NULL,,,
1934,IMGA,NULL,,,
1935,IMGA,NULL,,,
1936,TXT3,NULL,,,
1937,IMG4,NULL,,,
1938,IMGA,NULL,,,
1939,IMGA,NULL,,,
1940,IMGA,NULL,,,
1941,IMGA,NULL,,,
1942,IMGA,NULL,,,
1943,IMGA,NULL,,,
1944,IMGA,NULL,,,
1945,IMGA,NULL,,,
1946,IMGA,NULL,,,
1947,IMGA,NULL,,,
1948,IMG4,NULL,,,
1949,IMGA,NULL,,,
1950,IMGA,NULL,,,
1951,IMGA,NULL,,,
1952,IMGA,NULL,,,
1953,IMGA,NULL,,,
1954,IMGA,NULL,,,
1955,IMGA,NULL,,,
1956,IMGA,NULL,,,
1957,IMGA,NULL,,,
1958,IMGA,NULL,,,
1959,IMG4,NULL,,,
1960,IMG4,NULL,,,
1961,IMG4,NULL,,,
1962,IMG4,NULL,,,
1963,IMG4,NULL,,,
1964,IMG4,NULL,,,
1965,IMGA,NULL,,,
1966,IMGA,NULL,,,
1967,IMGA,NULL,,,
1968,IMGA,NULL,,,
1969,IMGA,NULL,,,
1970,IMGA,NULL,,,
1971,IMGA,NULL,,,
1972,IMGA,NULL,,,
1973,IMG4,NULL,,,
1974,IMGA,NULL,,,
1975,IMGA,NULL,,,
1976,IMGA,NULL,,,
1977,IMGA,NULL,,,
1978,IMGA,NULL,,,
1979,IMGA,NULL,,,
1980,IMGA,NULL,,,
1981,IMGA,NULL,,,
1982,IMG4,NULL,,,
1983,IMGA,NULL,,,
1984,IMGA,NULL,,,
1985,IMGA,NULL,,,
1986,IMG4,NULL,,,
1987,IMGA,NULL,,,
1988,IMGA,NULL,,,
1989,IMGA,NULL,,,
1990,IMGA,NULL,,,
1991,IMG4,NULL,,,
1992,IMGA,NULL,,,
1993,IMGA,NULL,,,
1994,IMG4,NULL,,,
1995,IMGA,NULL,,,
1996,IMGA,NULL,,,
1997,IMGA,NULL,,,
1998,IMGC,NULL,,,
1999,IMG4,NULL,,,
2000,IMGA,NULL,,,
2001,IMGA,NULL,,,
2002,IMGA,NULL,,,
2003,IMGA,NULL,,,
2004,IMGA,NULL,,,
2005,IMGA,NULL,,,
2006,IMGA,NULL,,,
2007,IMGA,NULL,,,
2008,IMGA,NULL,,,
2009,IMGA,NULL,,,
2010,IMGA,NULL,,,
2011,IMGA,NULL,,,
2012,IMG4,NULL,,,
2013,IMGA,NULL,,,
2014,IMGA,NULL,,,
2015,IMGA,NULL,,,
2016,IMGA,NULL,,,
2017,IMG4,NULL,,,
2018,IMGA,NULL,,,
2019,IMGA,NULL,,,
2020,IMGA,NULL,,,
2021,IMGA,NULL,,,
2022,IMG4,NULL,,,
2023,IMGA,NULL,,,
2024,IMGA,NULL,,,
2025,IMGA,NULL,,,
2026,IMGA,NULL,,,
2027,IMGA,NULL,,,
2028,IMGA,NULL,,,
2029,IMGA,NULL,,,
2030,IMGA,NULL,,,
2031,IMGA,NULL,,,
2032,IMGA,NULL,,,
2033,IMG4,NULL,,,
2034,IMGA,NULL,,,
2035,IMGA,NULL,,,
2036,IMGA,NULL,,,
2037,IMGA,NULL,,,
2038,IMG4,NULL,,,
2039,IMGA,NULL,,,
2040,IMGA,NULL,,,
2041,IMGA,NULL,,,
2042,IMGA,NULL,,,
2043,IMGA,NULL,,,
2044,SND5,SPR5,,,
2045,IMGA,NULL,,,
2046,IMGA,NULL,,,
2047,IMGA,NULL,,,
2048,IMGA,NULL,,,
2049,IMGA,NULL,,,
2050,IMG4,NULL,,,
2051,IMG4,NULL,,,
2052,IMG4,NULL,,,
2053,IMG4,NULL,,,
2054,IMG4,NULL,,,
2055,IMG4,NULL,,,
2056,IMG4,NULL,,,
2057,IMG4,NULL,,,
2058,IMGA,NULL,,,
2059,IMGA,NULL,,,
2060,IMGA,NULL,,,
2061,IMGA,NULL,,,
2062,IMGA,NULL,,,
2063,IMGA,NULL,,,
2064,IMGA,NULL,,,
2065,IMG4,NULL,,,
2066,IMG4,NULL,,,
2067,IMG4,NULL,,,
2068,IMG4,NULL,,,
2069,IMG4,NULL,,,
2070,IMG4,NULL,,,
2071,IMGA,NULL,,,
2072,IMGA,NULL,,,
2073,IMG4,NULL,,,
2074,IMGA,NULL,,,
2075,IMGA,NULL,,,
2076,IMGA,NULL,,,
2077,IMGA,NULL,,,
2078,IMGA,NULL,,,
2079,TY08,NULL,Shop data,,
2080,IMGA,NULL,,,
2081,IMGA,NULL,,,
2082,IMGA,NULL,,,
2083,IMG4,NULL,,,
2084,IMG4,NULL,,,
2085,IMGA,NULL,,,
2086,IMGA,NULL,,,
2087,IMGA,NULL,,,
2088,IMGC,NULL,,,
2089,IMGA,NULL,,,
2090,IMGA,NULL,,,
2091,IMGA,NULL,,,
2092,IMGA,NULL,,,
2093,IMGA,NULL,,,
2094,IMGA,NULL,,,
2095,IMGA,NULL,,,
2096,IMGA,NULL,,,
2097,IMGA,NULL,,,
2098,IMGA,NULL,,,
2099,IMGA,NULL,,,
2100,IMGA,NULL,,,
2101,IMGA,NULL,,,
2102,IMG4,NULL,,,
2103,IMGA,NULL,,,
2104,IMGA,NULL,,,
2105,IMGA,NULL,,,
2106,IMGA,NULL,,,
2107,IMGA,NULL,,,
2108,IMG4,NULL,,,
2109,IMGA,NULL,,,
2110,IMGA,NULL,,,
2111,IMGA,NULL,,,
2112,IMG4,NULL,,,
2113,IMGA,NULL,,,
2114,IMGA,NULL,,,
2115,IMGA,NULL,,,
2116,IMG4,NULL,,,
2117,IMGA,NULL,,,
2118,IMGA,NULL,,,
2119,IMGA,NULL,,,
2120,IMGA,NULL,,,
2121,IMG4,NULL,,,
2122,IMGA,NULL,,,
2123,IMGA,NULL,,,
2124,IMGA,NULL,,,
2125,IMGA,NULL,,,
2126,IMGA,NULL,,,
2127,IMGA,NULL,,,
2128,IMGA,NULL,,,
2129,IMGA,NULL,,,
2130,IMGA,NULL,,,
2131,IMGA,NULL,,,
2132,IMGA,NULL,,,
2133,TXT3,NULL,,,
2134,IMGA,NULL,,,
2135,IMGA,NULL,,,
2136,IMGA,NULL,,,
2137,IMGA,NULL,,,
2138,IMGA,NULL,,,
2139,IMGA,NULL,,,
2140,IMGA,NULL,,,
2141,IMGA,NULL,,,
2142,IMGA,NULL,,,
2143,IMGA,NULL,,,
2144,IMGA,NULL,,,
2145,IMGA,NULL,,,
2146,IMGA,NULL,,,
2147,IMGA,NULL,,,
2148,IMGA,NULL,,,
2149,IMGA,NULL,,,
2150,IMGA,NULL,,,
2151,IMGA,NULL,,,
2152,IMGA,NULL,,,
2153,IMGA,NULL,,,
2154,IMGA,NULL,,,
2155,IMGA,NULL,,,
2156,IMG4,NULL,,,
2157,IMGA,NULL,,,
2158,IMGA,NULL,,,
2159,IMG4,NULL,,,
2160,IMGA,NULL,,,
2161,IMGA,NULL,,,
2162,IMGA,NULL,,,
2163,IMGA,NULL,,,
2164,IMGA,NULL,,,
2165,IMGA,NULL,,,
2166,IMGA,NULL,,,
2167,IMGA,NULL,,,
2168,IMGA,NULL,,,
2169,IMGA,NULL,,,
2170,IMGA,NULL,,,
2171,IMGA,NULL,,,
2172,IMG4,NULL,,,
2173,IMGA,NULL,,,
2174,IMGA,NULL,,,
2175,IMGA,NULL,,,
2176,IMGA,NULL,,,
2177,IMG4,NULL,,,
2178,IMGA,NULL,,,
2179,IMGA,NULL,,,
2180,SND5,SPR5,,,
2181,IMGA,NULL,,,
2182,IMGA,NULL,,,
2183,IMGA,NULL,,,
2184,IMGA,NULL,,,
2185,IMG4,NULL,,,
2186,IMG4,NULL,,,
2187,IMG4,NULL,,,
2188,IMG4,NULL,,,
2189,IMG4,NULL,,,
2190,IMG4,NULL,,,
2191,IMGA,NULL,,,
2192,IMGA,NULL,,,
2193,IMGA,NULL,,,
2194,IMGA,NULL,,,
2195,IMGA,NULL,,,
2196,IMGA,NULL,,,
2197,IMGA,NULL,,,
2198,IMGA,NULL,,,
2199,IMGA,NULL,,,
2200,IMGA,NULL,,,
2201,IMGC,NULL,,,
2202,IMGA,NULL,,,
2203,IMGA,NULL,,,
2204,IMG4,NULL,,,
2205,IMGA,NULL,,,
2206,IMGA,NULL,,,
2207,IMGA,NULL,,,
2208,IMGA,NULL,,,
2209,IMG4,NULL,,,
2210,IMGA,NULL,,,
2211,IMGA,NULL,,,
2212,IMG4,NULL,,,
2213,IMGA,NULL,,,
2214,IMGA,NULL,,,
2215,IMGA,NULL,,,
2216,IMGA,NULL,,,
2217,IMGA,NULL,,,
2218,IMGA,NULL,,,
2219,IMGA,NULL,,,
2220,IMGA,NULL,,,
2221,IMGA,NULL,,,
2222,IMGA,NULL,,,
2223,IMGA,NULL,,,
2224,IMGA,NULL,,,
2225,IMGA,NULL,,,
2226,IMG4,NULL,,,
2227,IMGA,NULL,,,
2228,IMGA,NULL,,,
2229,IMGA,NULL,,,
2230,IMGA,NULL,,,
2231,IMGA,NULL,,,
2232,IMGA,NULL,,,
2233,IMGA,NULL,,,
2234,IMGA,NULL,,,
2235,IMGA,NULL,,,
2236,IMGA,NULL,,,
2237,IMGA,NULL,,,
2238,IMGA,NULL,,,
2239,IMGA,NULL,,,
2240,IMGA,NULL,,,
2241,IMG4,NULL,,,
2242,IMGA,NULL,,,
2243,IMGA,NULL,,,
2244,IMGA,NULL,,,
2245,IMGA,NULL,,,
2246,IMGA,NULL,,,
2247,IMGA,NULL,,,
2248,IMGA,NULL,,,
2249,IMGA,NULL,,,
2250,IMGA,NULL,,,
2251,IMGA,NULL,,,
2252,IMGA,NULL,,,
2253,IMGA,NULL,,,
2254,IMG4,NULL,,,
2255,IMGA,NULL,,,
2256,IMGA,NULL,,,
2257,IMGA,NULL,,,
2258,IMGA,NULL,,,
2259,IMGA,NULL,,,
2260,IMGA,NULL,,,
2261,IMGA,NULL,,,
2262,IMGA,NULL,,,
2263,IMGA,NULL,,,
2264,IMGA,NULL,,,
2265,IMG4,NULL,,,
2266,IMGA,NULL,,,
2267,IMGA,NULL,,,
2268,IMG4,NULL,,,
2269,IMGA,NULL,,,
2270,IMGA,NULL,,,
2271,IMGA,NULL,,,
2272,IMGA,NULL,,,
2273,IMG4,NULL,,,
2274,IMG4,NULL,,,
2275,IMG4,NULL,,,
2276,IMG4,NULL,,,
2277,IMG4,NULL,,,
2278,IMG4,NULL,,,
2279,IMG4,NULL,,,
2280,IMG4,NULL,,,
2281,IMG4,NULL,,,
2282,IMG4,NULL,,,
2283,IMGA,NULL,,,
2284,IMGA,NULL,,,
2285,IMGA,NULL,,,
2286,IMGA,NULL,,,
2287,IMG4,NULL,,,
2288,IMGA,NULL,,,
2289,IMGA,NULL,,,
2290,IMGA,NULL,,,
2291,IMGA,NULL,,,
2292,IMG4,NULL,,,
2293,IMGA,NULL,,,
2294,IMGA,NULL,,,
2295,IMGA,NULL,,,
2296,IMGA,NULL,,,
2297,IMG4,NULL,,,
2298,SND5,SPR5,,,
2299,IMGA,NULL,,,
2300,IMGA,NULL,,,
2301,IMGA,NULL,,,
2302,IMGA,NULL,,,
2303,IMGA,NULL,,,
2304,IMGA,NULL,,,
2305,IMG4,NULL,,,
2306,IMG4,NULL,,,
2307,IMGA,NULL,,,
2308,IMGA,NULL,,,
2309,IMGA,NULL,,,
2310,IMGA,NULL,,,
2311,IMGA,NULL,,,
2312,IMGA,NULL,,,
2313,IMGA,NULL,,,
2314,IMGA,NULL,,,
2315,IMGA,NULL,,,
2316,IMGA,NULL,,,
2317,IMGA,NULL,,,
2318,IMGA,NULL,,,
2319,IMGA,NULL,,,
2320,IMGA,NULL,,,
2321,IMGA,NULL,,,
2322,IMGA,NULL,,,
2323,IMGA,NULL,,,
2324,IMGA,NULL,,,
2325,IMGA,NULL,,,
2326,IMG4,NULL,,,
2327,IMGA,NULL,,,
2328,IMGA,NULL,,,
2329,IMG4,NULL,,,
2330,IMG4,NULL,,,
2331,IMG4,NULL,,,
2332,IMGA,NULL,,,
2333,IMGA,NULL,,,
2334,IMGA,NULL,,,
2335,IMGA,NULL,,,
2336,IMGA,NULL,,,
2337,IMGA,NULL,,,
2338,IMG4,NULL,,,
2339,IMGA,NULL,,,
2340,IMGA,NULL,,,
2341,IMG4,NULL,,,
2342,IMG4,NULL,,,
2343,IMGA,NULL,,,
2344,IMGA,NULL,,,
2345,IMGA,NULL,,,
2346,IMGA,NULL,,,
2347,IMG4,NULL,,,
2348,IMGA,NULL,,,
2349,IMGA,NULL,,,
2350,IMGA,NULL,,,
2351,IMG4,NULL,,,
2352,IMG4,NULL,,,
2353,IMGA,NULL,,,
2354,IMGA,NULL,,,
2355,IMGA,NULL,,,
2356,IMGA,NULL,,,
2357,IMGA,NULL,,,
2358,SND5,SPR5,,,
2359,IMGA,NULL,,,
2360,IMGA,NULL,,,
2361,IMGA,NULL,,,
2362,IMGA,NULL,,,
2363,IMG4,NULL,,,
2364,IMGA,NULL,,,
2365,IMGA,NULL,,,
2366,IMGA,NULL,,,
2367,IMGA,NULL,,,
2368,IMG4,NULL,,,
2369,TXT3,NULL,,,
2370,IMG4,NULL,,,
2371,IMG4,NULL,,,
2372,SND5,SPR5,,,
2373,IMGA,NULL,,,
2374,IMGA,NULL,,,
2375,IMGA,NULL,,,
2376,IMGA,NULL,,,
2377,IMGA,NULL,,,
2378,IMGA,NULL,,,
2379,IMG4,NULL,,,
2380,IMGA,NULL,,,
2381,IMG4,NULL,,,
2382,IMGA,NULL,,,
2383,IMGA,NULL,,,
2384,IMGA,NULL,,,
2385,IMG4,NULL,,,
2386,IMGA,NULL,,,
2387,IMGA,NULL,,,
2388,IMGA,NULL,,,
2389,IMGA,NULL,,,
2390,IMGA,NULL,,,
2391,IMGA,NULL,,,
2392,IMGA,NULL,,,
2393,IMGA,NULL,,,
2394,IMGA,NULL,,,
2395,IMGA,NULL,,,
2396,IMGA,NULL,,,
2397,IMGA,NULL,,,
2398,IMGA,NULL,,,
2399,IMGA,NULL,,,
2400,IMGA,NULL,,,
2401,IMGA,NULL,,,
2402,IMGA,NULL,,,
2403,IMGA,NULL,,,
2404,IMGA,NULL,,,
2405,IMGA,NULL,,,
2406,IMGA,NULL,,,
2407,IMGA,NULL,,,
2408,IMGA,NULL,,,
2409,IMGA,NULL,,,
2410,IMGA,NULL,,,
2411,IMGA,NULL,,,
2412,IMGA,NULL,,,
2413,IMGA,NULL,,,
2414,IMGA,NULL,,,
2415,IMGA,NULL,,,
2416,IMGA,NULL,,,
2417,IMG4,NULL,,,
2418,IMG4,NULL,,,
2419,IMG4,NULL,,,
2420,IMG4,NULL,,,
2421,IMG4,NULL,,,
2422,IMG4,NULL,,,
2423,IMG4,NULL,,,
2424,IMGA,NULL,,,
2425,IMGA,NULL,,,
2426,IMGA,NULL,,,
2427,IMGA,NULL,,,
2428,IMGA,NULL,,,
2429,IMGA,NULL,,,
2430,IMGA,NULL,,,
2431,IMGA,NULL,,,
2432,IMGA,NULL,,,
2433,IMGA,NULL,,,
2434,IMGA,NULL,,,
2435,IMGA,NULL,,,
2436,IMGA,NULL,,,
2437,IMGA,NULL,,,
2438,IMGA,NULL,,,
2439,IMGA,NULL,,,
2440,IMGA,NULL,,,
2441,IMGA,NULL,,,
2442,IMGA,NULL,,,
2443,IMGA,NULL,,,
2444,IMGA,NULL,,,
2445,IMG4,NULL,,,
2446,SND5,SPR5,,,
2447,IMGA,NULL,,,
2448,IMGA,NULL,,,
2449,IMGA,NULL,,,
2450,IMGA,NULL,,,
2451,IMGA,NULL,,,
2452,IMGA,NULL,,,
2453,IMG4,NULL,,,
2454,IMGA,NULL,,,
2455,IMGA,NULL,,,
2456,IMGA,NULL,,,
2457,IMGA,NULL,,,
2458,IMGA,NULL,,,
2459,IMGA,NULL,,,
2460,IMGA,NULL,,,
2461,IMGA,NULL,,,
2462,IMGA,NULL,,,
2463,IMGA,NULL,,,
2464,IMGA,NULL,,,
2465,IMGA,NULL,,,
2466,IMGA,NULL,,,
2467,IMGA,NULL,,,
2468,IMGA,NULL,,,
2469,IMGA,NULL,,,
2470,IMGA,NULL,,,
2471,IMGA,NULL,,,
2472,IMGA,NULL,,,
2473,IMGA,NULL,,,
2474,IMGA,NULL,,,
2475,IMGA,NULL,,,
2476,IMG4,NULL,,,
2477,SND5,SPR5,,,
2478,TXT3,NULL,,,
2479,IMGA,NULL,,,
2480,IMGA,NULL,,,
2481,IMGA,NULL,,,
2482,IMGA,NULL,,,
2483,IMGA,NULL,,,
2484,IMGA,NULL,,,
2485,IMG4,NULL,,,
2486,IMGA,NULL,,,
2487,IMGA,NULL,,,
2488,IMG4,NULL,,,
2489,IMGA,NULL,,,
2490,IMG4,NULL,,,
2491,IMG4,NULL,,,
2492,IMGA,NULL,,,
2493,IMGA,NULL,,,
2494,IMGA,NULL,,,
2495,IMGA,NULL,,,
2496,IMGA,NULL,,,
2497,IMGA,NULL,,,
2498,IMGA,NULL,,,
2499,IMGA,NULL,,,
2500,IMGA,NULL,,,
2501,IMGA,NULL,,,
2502,IMGA,NULL,,,
2503,IMGA,NULL,,,
2504,IMGA,NULL,,,
2505,IMGA,NULL,,,
2506,IMGA,NULL,,,
2507,IMGA,NULL,,,
2508,IMG4,NULL,,,
2509,IMGA,NULL,,,
2510,IMGA,NULL,,,
2511,IMG4,NULL,,,
2512,IMG4,NULL,,,
2513,IMGA,NULL,,,
2514,IMGA,NULL,,,
2515,IMGA,NULL,,,
2516,IMGA,NULL,,,
2517,IMG4,NULL,,,
2518,IMGA,NULL,,,
2519,IMGA,NULL,,,
2520,IMGA,NULL,,,
2521,IMG4,NULL,,,
2522,IMG4,NULL,,,
2523,IMG4,NULL,,,
2524,IMGA,NULL,,,
2525,IMGA,NULL,,,
2526,IMGA,NULL,,,
2527,IMGA,NULL,,,
2528,IMGA,NULL,,,
2529,IMGA,NULL,,,
2530,IMGA,NULL,,,
2531,IMGA,NULL,,,
2532,IMGA,NULL,,,
2533,IMGA,NULL,,,
2534,IMGA,NULL,,,
2535,IMGA,NULL,,,
2536,IMGA,NULL,,,
2537,IMGA,NULL,,,
2538,IMG4,NULL,,,
2539,IMGA,NULL,,,
2540,IMGA,NULL,,,
2541,IMGA,NULL,,,
2542,IMGA,NULL,,,
2543,IMGA,NULL,,,
2544,IMGA,NULL,,,
2545,IMGA,NULL,,,
2546,IMGA,NULL,,,
2547,IMGA,NULL,,,
2548,IMGA,NULL,,,
2549,IMGA,NULL,,,
2550,IMGA,NULL,,,
2551,IMG4,NULL,,,
2552,IMG4,NULL,,,
2553,IMGA,NULL,,,
2554,IMGA,NULL,,,
2555,IMGA,NULL,,,
2556,IMGA,NULL,,,
2557,IMGA,NULL,,,
2558,IMGA,NULL,,,
2559,IMGA,NULL,,,
2560,IMGA,NULL,,,
2561,IMGA,NULL,,,
2562,IMGA,NULL,,,
2563,IMGA,NULL,,,
2564,IMGA,NULL,,,
2565,IMGA,NULL,,,
2566,IMGA,NULL,,,
2567,IMGA,NULL,,,
2568,IMGA,NULL,,,
2569,IMGA,NULL,,,
2570,IMGA,NULL,,,
2571,IMGA,NULL,,,
2572,IMGA,NULL,,,
2573,IMGA,NULL,,,
2574,IMGA,NULL,,,
2575,IMGA,NULL,,,
2576,IMGA,NULL,,,
2577,IMGA,NULL,,,
2578,IMGA,NULL,,,
2579,IMGA,NULL,,,
2580,IMGA,NULL,,,
2581,IMGA,NULL,,,
2582,IMGA,NULL,,,
2583,IMGA,NULL,,,
2584,IMGA,NULL,,,
2585,IMGA,NULL,,,
2586,IMGA,NULL,,,
2587,IMGA,NULL,,,
2588,IMGA,NULL,,,
2589,IMG4,NULL,,,
2590,IMGA,NULL,,,
2591,IMGA,NULL,,,
2592,IMGA,NULL,,,
2593,IMG4,NULL,,,
2594,IMGA,NULL,,,
2595,IMGA,NULL,,,
2596,IMGA,NULL,,,
2597,IMGA,NULL,,,
2598,IMG4,NULL,,,
2599,IMG4,NULL,,,
2600,IMG4,NULL,,,
2601,IMG4,NULL,,,
2602,IMGA,NULL,,,
2603,IMGA,NULL,,,
2604,IMG4,NULL,,,
2605,IMGA,NULL,,,
2606,TY14,NULL,,,
2607,IMGA,NULL,,,
2608,IMGA,NULL,,,
2609,IMGA,NULL,,,
2610,IMGA,NULL,,,
2611,IMGA,NULL,,,
2612,IMGA,NULL,,,
2613,IMGA,NULL,,,
2614,IMGA,NULL,,,
2615,IMG4,NULL,,,
2616,IMG4,NULL,,,
2617,IMGA,NULL,,,
2618,IMGA,NULL,,,
2619,IMGA,NULL,,,
2620,SND5,SPR5,,,
2621,SND5,SPR5,,,
2622,IMGA,NULL,,,
2623,IMGA,NULL,,,
2624,IMGA,NULL,,,
2625,TY14,NULL,,,
2626,IMGA,NULL,,,
2627,IMGA,NULL,,,
2628,IMGA,NULL,,,
2629,IMGA,NULL,,,
2630,IMGA,NULL,,,
2631,IMGA,NULL,,,
2632,IMGA,NULL,,,
2633,IMGA,NULL,,,
2634,IMGA,NULL,,,
2635,IMGA,NULL,,,
2636,IMGA,NULL,,,
2637,IMGA,NULL,,,
2638,IMGA,NULL,,,
2639,IMGA,NULL,,,
2640,IMGA,NULL,,,
2641,IMGA,NULL,,,
2642,IMGA,NULL,,,
2643,IMGA,NULL,,,
2644,IMGA,NULL,,,
2645,IMGA,NULL,,,
2646,IMGA,NULL,,,
2647,IMGA,NULL,,,
2648,IMG4,NULL,,,
2649,IMGA,NULL,,,
2650,IMGA,NULL,,,
2651,IMGA,NULL,,,
2652,SND5,SPR5,,,
2653,IMGA,NULL,,,
2654,IMGA,NULL,,,
2655,IMGA,NULL,,,
2656,IMGA,NULL,,,
2657,IMGA,NULL,,,
2658,IMGA,NULL,,,
2659,IMGA,NULL,,,
2660,IMGA,NULL,,,
2661,IMGA,NULL,,,
2662,IMGA,NULL,,,
2663,IMGA,NULL,,,
2664,IMGA,NULL,,,
2665,IMGA,NULL,,,
2666,IMGA,NULL,,,
2667,IMGA,NULL,,,
2668,IMGA,NULL,,,
2669,IMGA,NULL,,,
2670,IMGA,NULL,,,
2671,IMGA,NULL,,,
2672,IMGA,NULL,,,
2673,IMGA,NULL,,,
2674,IMGA,NULL,,,
2675,IMGA,NULL,,,
2676,IMGA,NULL,,,
2677,IMGA,NULL,,,
2678,IMGA,NULL,,,
2679,IMGA,NULL,,,
2680,IMGA,NULL,,,
2681,IMGA,NULL,,,
2682,IMGA,NULL,,,
2683,IMGA,NULL,,,
2684,IMGA,NULL,,,
2685,IMGA,NULL,,,
2686,IMGA,NULL,,,
2687,IMGA,NULL,,,
2688,IMGA,NULL,,,
2689,IMGA,NULL,,,
2690,IMGA,NULL,,,
2691,IMGA,NULL,,,
2692,IMGA,NULL,,,
2693,IMGA,NULL,,,
2694,IMGA,NULL,,,
2695,IMGA,NULL,,,
2696,IMGA,NULL,,,
2697,IMGA,NULL,,,
2698,IMGA,NULL,,,
2699,IMGA,NULL,,,
2700,IMGA,NULL,,,
2701,IMGA,NULL,,,
2702,IMGA,NULL,,,
2703,IMGA,NULL,,,
2704,IMGA,NULL,,,
2705,IMGA,NULL,,,
2706,IMGA,NULL,,,
2707,IMGA,NULL,,,
2708,IMGA,NULL,,,
2709,IMGA,NULL,,,
2710,IMGA,NULL,,,
2711,IMGA,NULL,,,
2712,IMGA,NULL,,,
2713,IMGA,NULL,,,
2714,IMGA,NULL,,,
2715,IMGA,NULL,,,
2716,IMGA,NULL,,,
2717,IMGA,NULL,,,
2718,IMGA,NULL,,,
2719,IMGA,NULL,,,
2720,IMGA,NULL,,,
2721,IMGA,NULL,,,
2722,IMGA,NULL,,,
2723,IMGA,NULL,,,
2724,IMGA,NULL,,,
2725,IMGA,NULL,,,
2726,SND5,SPR5,,,
2727,SND5,SPR5,,,
2728,TY08,NULL,,,
2729,TY07,NULL,,,
2730,TY07,NULL,,,
2731,TY07,NULL,,,
2732,IMGA,NULL,,,
2733,IMGA,NULL,,,
2734,IMGA,NULL,,,
2735,TXT3,NULL,,,
2736,TXT3,NULL,,,
2737,TXT3,NULL,,,
2738,TXT3,NULL,,,
2739,TXT3,NULL,,,
2740,SND5,SPR5,,,
2741,SND5,SPR5,,,
2742,SND5,SPR5,,,
2743,IMGA,NULL,,,
2744,IMGA,NULL,,,
2745,IMGA,NULL,,,
2746,IMGA,NULL,,,
2747,IMGA,NULL,,,
2748,IMGA,NULL,,,
2749,IMGA,NULL,,,
2750,IMGA,NULL,,,
2751,IMGA,NULL,,,
2752,IMGA,NULL,,,
2753,IMGA,NULL,,,
2754,IMGA,NULL,,,
2755,IMGA,NULL,,,
2756,IMGA,NULL,,,
2757,IMGA,NULL,,,
2758,IMGA,NULL,,,
2759,IMGA,NULL,,,
2760,IMGA,NULL,,,
2761,IMGA,NULL,,,
2762,IMGA,NULL,,,
2763,IMGA,NULL,,,
2764,IMGA,NULL,,,
2765,IMGA,NULL,,,
2766,IMGA,NULL,,,
2767,IMGA,NULL,,,
2768,IMGA,NULL,,,
2769,IMGA,NULL,,,
2770,IMGA,NULL,,,
2771,IMGA,NULL,,,
2772,IMGA,NULL,,,
2773,IMGA,NULL,,,
2774,IMGA,NULL,,,
2775,IMGA,NULL,,,
2776,IMGA,NULL,,,
2777,IMGA,NULL,,,
2778,IMGA,NULL,,,
2779,IMGA,NULL,,,
2780,IMGA,NULL,,,
2781,IMGA,NULL,,,
2782,IMGA,NULL,,,
2783,IMGA,NULL,,,
2784,IMGA,NULL,,,
2785,IMGA,NULL,,,
2786,IMGA,NULL,,,
2787,IMGA,NULL,,,
2788,IMGA,NULL,,,
2789,IMGA,NULL,,,
2790,IMGA,NULL,,,
2791,IMGA,NULL,,,
2792,IMGA,NULL,,,
2793,IMGA,NULL,,,
2794,IMGA,NULL,,,
2795,IMGA,NULL,,,
2796,IMGA,NULL,,,
2797,IMGA,NULL,,,
2798,IMGA,NULL,,,
2799,IMGA,NULL,,,
2800,IMGA,NULL,,,
2801,IMGA,NULL,,,
2802,IMGA,NULL,,,
2803,IMGA,NULL,,,
2804,IMGA,NULL,,,
2805,IMGA,NULL,,,
2806,IMGA,NULL,,,
2807,IMGA,NULL,,,
2808,IMGA,NULL,,,
2809,IMGA,NULL,,,
2810,IMGA,NULL,,,
2811,IMGA,NULL,,,
2812,IMGA,NULL,,,
2813,IMGA,NULL,,,
2814,SND5,SPR5,,,
2815,TY08,NULL,,,
2816,TY07,NULL,,,
2817,TY07,NULL,,,
2818,TY07,NULL,,,
2819,TXT3,NULL,,,
2820,SND5,SPR5,,,
2821,SND5,SPR5,,,
2822,SND5,SPR5,,,
2823,SND5,SPR5,,,
2824,IMGA,NULL,,,
2825,IMGA,NULL,,,
2826,IMGA,NULL,,,
2827,IMGA,NULL,,,
2828,IMGA,NULL,,,
2829,IMGA,NULL,,,
2830,IMGA,NULL,,,
2831,IMGA,NULL,,,
2832,IMGA,NULL,,,
2833,IMGA,NULL,,,
2834,IMGA,NULL,,,
2835,IMGA,NULL,,,
2836,IMGA,NULL,,,
2837,IMGA,NULL,,,
2838,IMGA,NULL,,,
2839,IMGA,NULL,,,
2840,IMGA,NULL,,,
2841,IMGA,NULL,,,
2842,IMGA,NULL,,,
2843,IMGA,NULL,,,
2844,IMGA,NULL,,,
2845,IMGA,NULL,,,
2846,IMGA,NULL,,,
2847,IMGA,NULL,,,
2848,IMGA,NULL,,,
2849,IMGA,NULL,,,
2850,IMGA,NULL,,,
2851,IMGA,NULL,,,
2852,IMGA,NULL,,,
2853,IMGA,NULL,,,
2854,IMGA,NULL,,,
2855,IMGA,NULL,,,
2856,IMGA,NULL,,,
2857,IMGA,NULL,,,
2858,IMGA,NULL,,,
2859,IMGA,NULL,,,
2860,IMGA,NULL,,,
2861,IMGA,NULL,,,
2862,IMGA,NULL,,,
2863,IMGA,NULL,,,
2864,IMGA,NULL,,,
2865,IMGA,NULL,,,
2866,IMGA,NULL,,,
2867,IMGA,NULL,,,
2868,IMGA,NULL,,,
2869,IMGA,NULL,,,
2870,IMGA,NULL,,,
2871,IMGA,NULL,,,
2872,IMGA,NULL,,,
2873,IMGA,NULL,,,
2874,IMGA,NULL,,,
2875,IMGA,NULL,,,
2876,IMGA,NULL,,,
2877,IMGA,NULL,,,
2878,IMGA,NULL,,,
2879,IMGA,NULL,,,
2880,IMGA,NULL,,,
2881,IMGA,NULL,,,
2882,IMGA,NULL,,,
2883,IMGA,NULL,,,
2884,IMGA,NULL,,,
2885,IMGA,NULL,,,
2886,IMGA,NULL,,,
2887,IMGA,NULL,,,
2888,IMGA,NULL,,,
2889,IMGA,NULL,,,
2890,IMGA,NULL,,,
2891,IMGA,NULL,,,
2892,IMGA,NULL,,,
2893,IMGA,NULL,,,
2894,IMGA,NULL,,,
2895,IMGA,NULL,,,
2896,IMGA,NULL,,,
2897,IMGA,NULL,,,
2898,IMGA,NULL,,,
2899,IMGA,NULL,,,
2900,IMGA,NULL,,,
2901,IMGA,NULL,,,
2902,IMGA,NULL,,,
2903,IMGA,NULL,,,
2904,IMGA,NULL,,,
2905,IMGA,NULL,,,
2906,IMGA,NULL,,,
2907,IMGA,NULL,,,
2908,IMGA,NULL,,,
2909,IMGA,NULL,,,
2910,IMGA,NULL,,,
2911,IMGA,NULL,,,
2912,IMGA,NULL,,,
2913,IMGA,NULL,,,
2914,IMGA,NULL,,,
2915,IMGA,NULL,,,
2916,IMGA,NULL,,,
2917,IMGA,NULL,,,
2918,IMGA,NULL,,,
2919,IMGA,NULL,,,
2920,IMGA,NULL,,,
2921,IMGA,NULL,,,
2922,IMGA,NULL,,,
2923,IMGA,NULL,,,
2924,IMGA,NULL,,,
2925,IMGA,NULL,,,
2926,IMGA,NULL,,,
2927,IMGA,NULL,,,
2928,IMGA,NULL,,,
2929,IMGA,NULL,,,
2930,IMGA,NULL,,,
2931,IMGA,NULL,,,
2932,IMGA,NULL,,,
2933,IMGA,NULL,,,
2934,IMGA,NULL,,,
2935,IMGA,NULL,,,
2936,IMGA,NULL,,,
2937,IMGA,NULL,,,
2938,IMGA,NULL,,,
2939,IMGA,NULL,,,
2940,IMGA,NULL,,,
2941,IMGA,NULL,,,
2942,IMGA,NULL,,,
2943,IMGA,NULL,,,
2944,IMGA,NULL,,,
2945,IMGA,NULL,,,
2946,IMGA,NULL,,,
2947,IMGA,NULL,,,
2948,IMGA,NULL,,,
2949,SND5,SPR5,,,
2950,SND5,SPR5,,,
2951,TY08,NULL,,,
2952,TY07,NULL,,,
2953,TY07,NULL,,,
2954,IMG4,NULL,,,
2955,IMG4,NULL,,,
2956,IMG4,NULL,,,
2957,TXT3,NULL,,,
2958,TXT3,NULL,,,
2959,TXT3,NULL,,,
2960,TXT3,NULL,,,
2961,SND5,SPR5,,,
2962,TXT3,NULL,,,
2963,TXT3,NULL,,,
2964,IMGA,NULL,,,
2965,IMGA,NULL,,,
2966,IMGA,NULL,,,
2967,IMGA,NULL,,,
2968,IMGA,NULL,,,
2969,IMGA,NULL,,,
2970,IMGA,NULL,,,
2971,IMGA,NULL,,,
2972,IMGA,NULL,,,
2973,IMGA,NULL,,,
2974,IMGA,NULL,,,
2975,IMGA,NULL,,,
2976,IMGA,NULL,,,
2977,IMGA,NULL,,,
2978,IMGA,NULL,,,
2979,IMGA,NULL,,,
2980,IMGA,NULL,,,
2981,IMGA,NULL,,,
2982,IMGA,NULL,,,
2983,IMGA,NULL,,,
2984,IMGA,NULL,,,
2985,IMGA,NULL,,,
2986,IMGA,NULL,,,
2987,IMGA,NULL,,,
2988,IMGA,NULL,,,
2989,IMGA,NULL,,,
2990,IMGA,NULL,,,
2991,IMGA,NULL,,,
2992,IMGA,NULL,,,
2993,IMGA,NULL,,,
2994,IMGA,NULL,,,
2995,IMGA,NULL,,,
2996,IMGA,NULL,,,
2997,IMGA,NULL,,,
2998,IMGA,NULL,,,
2999,IMGA,NULL,,,
3000,IMGA,NULL,,,
3001,IMGA,NULL,,,
3002,IMGA,NULL,,,
3003,IMGA,NULL,,,
3004,IMGA,NULL,,,
3005,IMGA,NULL,,,
3006,IMGA,NULL,,,
3007,IMGA,NULL,,,
3008,IMGA,NULL,,,
3009,IMGA,NULL,,,
3010,IMGA,NULL,,,
3011,IMGA,NULL,,,
3012,SND5,SPR5,,,
3013,SND5,SPR5,,,
3014,TY08,NULL,,,
3015,TY07,NULL,,,
3016,TY07,NULL,,,
3017,TY07,NULL,,,
3018,TXT3,NULL,,,
3019,TXT3,NULL,,,
3020,TXT3,NULL,,,
3021,TXT3,NULL,,,
3022,TXT3,NULL,,,
3023,TXT3,NULL,,,
3024,TXT3,NULL,,,
3025,TXT3,NULL,,,
3026,TXT3,NULL,,,
3027,TXT3,NULL,,,
3028,TXT3,NULL,,,
3029,TXT3,NULL,,,
3030,TXT3,NULL,,,
3031,TXT3,NULL,,,
3032,TXT3,NULL,,,
3033,SND5,SPR5,,,
3034,TY08,NULL,,,
3035,TY07,NULL,,,
3036,TY07,NULL,,,
3037,TY07,NULL,,,
3038,IMG4,NULL,,,
3039,IMGA,NULL,,,
3040,TXT3,NULL,,,
3041,IMG4,NULL,,,
3042,TY07,NULL,,,
3043,TY07,NULL,,,
3044,IMG4,NULL,,,
3045,IMGA,NULL,,,
3046,IMG4,NULL,,,
3047,TY08,NULL,,,
3048,TY07,NULL,,,
3049,TY07,NULL,,,
3050,IMGA,NULL,,,
3051,IMGA,NULL,,,
3052,IMGA,NULL,,,
3053,IMGA,NULL,,,
3054,TXT3,NULL,,,
3055,IMG4,NULL,,,
3056,TY07,NULL,,,
3057,TY07,NULL,,,
3058,IMG4,NULL,,,
3059,IMG4,NULL,,,
3060,IMG4,NULL,,,
3061,IMG4,NULL,,,
3062,IMG4,NULL,,,
3063,TXT3,NULL,,,
3064,IMG4,NULL,,,
3065,IMGA,NULL,,,
3066,TXT3,NULL,,,
3067,IMG4,NULL,,,
3068,TY07,NULL,,,
3069,IMGA,NULL,,,
3070,IMGA,NULL,,,
3071,TXT3,NULL,,,
3072,IMG4,NULL,,,
3073,TY07,NULL,,,
3074,IMGA,NULL,,,
3075,IMGA,NULL,,,
3076,IMGA,NULL,,,
3077,IMGA,NULL,,,
3078,TXT3,NULL,,,
3079,IMGA,NULL,,,
3080,IMGA,NULL,,,
3081,IMGA,NULL,,,
3082,IMGA,NULL,,,
3083,IMGA,NULL,,,
3084,IMGA,NULL,,,
3085,IMGA,NULL,,,
3086,IMGA,NULL,,,
3087,IMGA,NULL,,,
3088,IMGA,NULL,,,
3089,IMGA,NULL,,,
3090,IMGA,NULL,,,
3091,IMGA,NULL,,,
3092,IMGA,NULL,,,
3093,IMGA,NULL,,,
3094,IMGA,NULL,,,
3095,IMGA,NULL,,,
3096,IMGA,NULL,,,
3097,IMGA,NULL,,,
3098,IMGA,NULL,,,
3099,IMGA,NULL,,,
3100,IMGA,NULL,,,
3101,IMGA,NULL,,,
3102,IMGA,NULL,,,
3103,IMGA,NULL,,,
3104,IMGA,NULL,,,
3105,IMGA,NULL,,,
3106,IMGA,NULL,,,
3107,IMGA,NULL,,,
3108,IMGA,NULL,,,
3109,IMGA,NULL,,,
3110,IMGA,NULL,,,
3111,IMGA,NULL,,,
3112,IMGA,NULL,,,
3113,IMGA,NULL,,,
3114,IMGA,NULL,,,
3115,IMGA,NULL,,,
3116,IMGA,NULL,,,
3117,IMGA,NULL,,,
3118,IMGA,NULL,,,
3119,IMGA,NULL,,,
3120,IMGA,NULL,,,
3121,IMGA,NULL,,,
3122,IMGA,NULL,,,
3123,IMGA,NULL,,,
3124,IMGA,NULL,,,
3125,IMGA,NULL,,,
3126,IMGA,NULL,,,
3127,IMGA,NULL,,,
3128,IMGA,NULL,,,
3129,IMGA,NULL,,,
3130,IMGA,NULL,,,
3131,IMGA,NULL,,,
3132,IMGA,NULL,,,
3133,IMGA,NULL,,,
3134,IMGA,NULL,,,
3135,IMGA,NULL,,,
3136,IMGA,NULL,,,
3137,IMGA,NULL,,,
3138,IMGA,NULL,,,
3139,IMGA,NULL,,,
3140,IMGA,NULL,,,
3141,IMGA,NULL,,,
3142,IMGA,NULL,,,
3143,IMGA,NULL,,,
3144,IMGA,NULL,,,
3145,IMGA,NULL,,,
3146,IMGA,NULL,,,
3147,IMGA,NULL,,,
3148,IMGA,NULL,,,
3149,IMGA,NULL,,,
3150,IMGA,NULL,,,
3151,IMGA,NULL,,,
3152,IMGA,NULL,,,
3153,IMGA,NULL,,,
3154,IMGA,NULL,,,
3155,IMGA,NULL,,,
3156,IMGA,NULL,,,
3157,IMGA,NULL,,,
3158,IMGA,NULL,,,
3159,IMGA,NULL,,,
3160,IMGA,NULL,,,
3161,IMGA,NULL,,,
3162,IMGA,NULL,,,
3163,IMGA,NULL,,,
3164,IMGA,NULL,,,
3165,IMGA,NULL,,,
3166,IMGA,NULL,,,
3167,IMGA,NULL,,,
3168,IMGA,NULL,,,
3169,IMGA,NULL,,,
3170,IMGA,NULL,,,
3171,IMGA,NULL,,,
3172,IMGA,NULL,,,
3173,IMGA,NULL,,,
3174,IMGA,NULL,,,
3175,IMGA,NULL,,,
3176,TY08,NULL,,,
3177,TY07,NULL,,,
3178,TY07,NULL,,,
3179,TXT3,NULL,,,
3180,TXT3,NULL,,,
3181,IMG4,NULL,,,
3182,IMGA,NULL,,,
3183,IMGA,NULL,,,
3184,IMGA,NULL,,,
3185,IMGA,NULL,,,
3186,TXT3,NULL,,,
3187,SND5,SPR5,,,
3188,IMGA,NULL,,,
3189,IMGA,NULL,,,
3190,IMGA,NULL,,,
3191,IMGA,NULL,,,
3192,IMG4,NULL,,,
3193,IMGA,NULL,,,
3194,IMGA,NULL,,,
3195,IMGA,NULL,,,
3196,IMGA,NULL,,,
3197,IMGA,NULL,,,
3198,IMGA,NULL,,,
3199,IMGA,NULL,,,
3200,TY08,NULL,,,
3201,TY07,NULL,,,
3202,TY07,NULL,,,
3203,IMGA,NULL,,,
3204,IMGA,NULL,,,
3205,IMGA,NULL,,,
3206,IMGA,NULL,,,
3207,TXT3,NULL,,,
3208,IMGA,NULL,,,
3209,TXT3,NULL,,,
3210,IMGA,NULL,,,
3211,IMGA,NULL,,,
3212,IMGA,NULL,,,
3213,IMGA,NULL,,,
3214,IMGA,NULL,,,
3215,IMGA,NULL,,,
3216,IMGA,NULL,,,
3217,IMGA,NULL,,,
3218,IMGA,NULL,,,
3219,IMGA,NULL,,,
3220,IMGA,NULL,,,
3221,IMGA,NULL,,,
3222,IMGA,NULL,,,
3223,IMGA,NULL,,,
3224,IMGA,NULL,,,
3225,IMGA,NULL,,,
3226,IMGA,NULL,,,
3227,IMGA,NULL,,,
3228,IMGA,NULL,,,
3229,IMGA,NULL,,,
3230,IMGA,NULL,,,
3231,IMGA,NULL,,,
3232,IMGA,NULL,,,
3233,IMGA,NULL,,,
3234,IMGA,NULL,,,
3235,IMGA,NULL,,,
3236,IMGA,NULL,,,
3237,IMGA,NULL,,,
3238,IMGA,NULL,,,
3239,IMGA,NULL,,,
3240,IMGA,NULL,,,
3241,IMGA,NULL,,,
3242,IMGA,NULL,,,
3243,IMGA,NULL,,,
3244,IMGA,NULL,,,
3245,SND5,SPR5,,,
3246,TY08,NULL,,,
3247,TY07,NULL,,,
3248,TY07,NULL,,,
3249,IMGA,NULL,,,
3250,IMGA,NULL,,,
3251,IMGA,NULL,,,
3252,TXT3,NULL,,,
3253,TXT3,NULL,,,
3254,SND5,SPR5,,,
3255,IMG4,NULL,,,
3256,IMGA,NULL,,,
3257,IMGA,NULL,,,
3258,IMGA,NULL,,,
3259,TXT3,NULL,,,
3260,TY08,NULL,,,
3261,TY07,NULL,,,
3262,TY07,NULL,,,
3263,TY07,NULL,,,
3264,IMG4,NULL,,,
3265,TXT3,NULL,,,
3266,IMGA,NULL,,,
3267,IMGA,NULL,,,
3268,IMGA,NULL,,,
3269,IMGA,NULL,,,
3270,IMGA,NULL,,,
3271,IMGA,NULL,,,
3272,IMGA,NULL,,,
3273,IMGA,NULL,,,
3274,IMGA,NULL,,,
3275,IMGA,NULL,,,
3276,IMGA,NULL,,,
3277,IMGA,NULL,,,
3278,IMGA,NULL,,,
3279,IMGA,NULL,,,
3280,IMGA,NULL,,,
3281,IMGA,NULL,,,
3282,IMGA,NULL,,,
3283,IMGA,NULL,,,
3284,IMGA,NULL,,,
3285,IMGA,NULL,,,
3286,IMGA,NULL,,,
3287,IMGA,NULL,,,
3288,IMGA,NULL,,,
3289,IMGA,NULL,,,
3290,IMGA,NULL,,,
3291,IMGA,NULL,,,
3292,IMGA,NULL,,,
3293,IMGA,NULL,,,
3294,IMGA,NULL,,,
3295,IMGA,NULL,,,
3296,IMGA,NULL,,,
3297,IMGA,NULL,,,
3298,IMGA,NULL,,,
3299,IMGA,NULL,,,
3300,IMGA,NULL,,,
3301,IMGA,NULL,,,
3302,IMGA,NULL,,,
3303,IMGA,NULL,,,
3304,IMGA,NULL,,,
3305,IMGA,NULL,,,
3306,IMGA,NULL,,,
3307,IMGA,NULL,,,
3308,IMGA,NULL,,,
3309,IMGA,NULL,,,
3310,IMGA,NULL,,,
3311,IMGA,NULL,,,
3312,IMGA,NULL,,,
3313,IMGA,NULL,,,
3314,IMGA,NULL,,,
3315,IMGA,NULL,,,
3316,IMGA,NULL,,,
3317,IMGA,NULL,,,
3318,IMGA,NULL,,,
3319,IMGA,NULL,,,
3320,IMGA,NULL,,,
3321,IMGA,NULL,,,
3322,IMGA,NULL,,,
3323,IMGA,NULL,,,
3324,IMGA,NULL,,,
3325,IMGA,NULL,,,
3326,IMGA,NULL,,,
3327,IMGA,NULL,,,
3328,IMGA,NULL,,,
3329,IMGA,NULL,,,
3330,IMGA,NULL,,,
3331,IMGA,NULL,,,
3332,IMGA,NULL,,,
3333,IMGA,NULL,,,
3334,IMGA,NULL,,,
3335,IMGA,NULL,,,
3336,IMGA,NULL,,,
3337,IMGA,NULL,,,
3338,IMGA,NULL,,,
3339,IMGA,NULL,,,
3340,IMGA,NULL,,,
3341,IMGA,NULL,,,
3342,IMGA,NULL,,,
3343,IMGA,NULL,,,
3344,IMGA,NULL,,,
3345,IMGA,NULL,,,
3346,IMGA,NULL,,,
3347,IMGA,NULL,,,
3348,IMGA,NULL,,,
3349,IMGA,NULL,,,
3350,IMGA,NULL,,,
3351,IMGA,NULL,,,
3352,IMGA,NULL,,,
3353,IMGA,NULL,,,
3354,IMGA,NULL,,,
3355,IMGA,NULL,,,
3356,IMGA,NULL,,,
3357,IMGA,NULL,,,
3358,SND5,SPR5,,,
3359,TY08,NULL,,,
3360,TY07,NULL,,,
3361,TY07,NULL,,,
3362,IMGA,NULL,,,
3363,TXT3,NULL,,,
3364,TXT3,NULL,,,
3365,SND5,SPR5,,,
3366,SND5,SPR5,,,
3367,SND5,SPR5,,,
3368,IMGA,NULL,,,
3369,IMGA,NULL,,,
3370,IMGA,NULL,,,
3371,IMGA,NULL,,,
3372,IMGA,NULL,,,
3373,IMGA,NULL,,,
3374,IMGA,NULL,,,
3375,IMGA,NULL,,,
3376,IMGA,NULL,,,
3377,IMGA,NULL,,,
3378,IMGA,NULL,,,
3379,IMGA,NULL,,,
3380,IMGA,NULL,,,
3381,IMGA,NULL,,,
3382,IMGA,NULL,,,
3383,IMGA,NULL,,,
3384,IMGA,NULL,,,
3385,IMGA,NULL,,,
3386,IMGA,NULL,,,
3387,IMGA,NULL,,,
3388,IMGA,NULL,,,
3389,IMGA,NULL,,,
3390,IMGA,NULL,,,
3391,IMGA,NULL,,,
3392,IMGA,NULL,,,
3393,IMGA,NULL,,,
3394,IMGA,NULL,,,
3395,IMGA,NULL,,,
3396,IMGA,NULL,,,
3397,IMGA,NULL,,,
3398,IMGA,NULL,,,
3399,IMGA,NULL,,,
3400,IMGA,NULL,,,
3401,IMGA,NULL,,,
3402,IMGA,NULL,,,
3403,IMGA,NULL,,,
3404,IMGA,NULL,,,
3405,IMGA,NULL,,,
3406,IMGA,NULL,,,
3407,IMGA,NULL,,,
3408,IMGA,NULL,,,
3409,IMGA,NULL,,,
3410,IMGA,NULL,,,
3411,IMGA,NULL,,,
3412,IMGA,NULL,,,
3413,IMGA,NULL,,,
3414,IMGA,NULL,,,
3415,IMGA,NULL,,,
3416,IMGA,NULL,,,
3417,IMGA,NULL,,,
3418,IMGA,NULL,,,
3419,IMGA,NULL,,,
3420,IMGA,NULL,,,
3421,IMGA,NULL,,,
3422,IMGA,NULL,,,
3423,IMGA,NULL,,,
3424,IMGA,NULL,,,
3425,IMGA,NULL,,,
3426,SND5,SPR5,,,
3427,SND5,SPR5,,,
3428,SND5,SPR5,,,
3429,SND5,SPR5,,,
3430,SND5,SPR5,,,
3431,TY08,NULL,,,
3432,TY07,NULL,,,
3433,TY07,NULL,,,
3434,IMGA,NULL,,,
3435,IMGA,NULL,,,
3436,IMGA,NULL,,,
3437,TXT3,NULL,,,
3438,IMGA,NULL,,,
3439,IMGA,NULL,,,
3440,IMGA,NULL,,,
3441,IMGA,NULL,,,
3442,IMGA,NULL,,,
3443,IMGA,NULL,,,
3444,IMGA,NULL,,,
3445,IMGA,NULL,,,
3446,IMGA,NULL,,,
3447,IMGA,NULL,,,
3448,IMGA,NULL,,,
3449,IMGA,NULL,,,
3450,IMGA,NULL,,,
3451,IMGA,NULL,,,
3452,IMGA,NULL,,,
3453,IMGA,NULL,,,
3454,IMGA,NULL,,,
3455,IMGA,NULL,,,
3456,IMGA,NULL,,,
3457,IMGA,NULL,,,
3458,IMGA,NULL,,,
3459,IMGA,NULL,,,
3460,IMGA,NULL,,,
3461,IMGA,NULL,,,
3462,IMGA,NULL,,,
3463,IMGA,NULL,,,
3464,IMGA,NULL,,,
3465,IMGA,NULL,,,
3466,IMGA,NULL,,,
3467,IMGA,NULL,,,
3468,IMGA,NULL,,,
3469,IMGA,NULL,,,
3470,IMGA,NULL,,,
3471,IMGA,NULL,,,
3472,IMGA,NULL,,,
3473,IMGA,NULL,,,
3474,IMGA,NULL,,,
3475,IMGA,NULL,,,
3476,IMGA,NULL,,,
3477,IMGA,NULL,,,
3478,IMGA,NULL,,,
3479,IMGA,NULL,,,
3480,IMGA,NULL,,,
3481,IMGA,NULL,,,
3482,IMGA,NULL,,,
3483,IMGA,NULL,,,
3484,IMGA,NULL,,,
3485,IMGA,NULL,,,
3486,SND5,SPR5,,,
3487,SND5,SPR5,,,
3488,TY08,NULL,,,
3489,TY07,NULL,,,
3490,TY07,NULL,,,
3491,IMGA,NULL,,,
3492,IMGA,NULL,,,
3493,TXT3,NULL,,,
3494,TXT3,NULL,,,
3495,SND5,SPR5,,,
3496,TY07,NULL,,,
3497,TXT3,NULL,,,
3498,TXT3,NULL,,,
3499,TXT3,NULL,,,
3500,IMG4,NULL,,,
3501,IMGA,NULL,,,
3502,IMGA,NULL,,,
3503,TXT3,NULL,,,
3504,IMG4,NULL,,,
3505,IMGA,NULL,,,
3506,IMGA,NULL,,,
3507,IMGA,NULL,,,
3508,IMGA,NULL,,,
3509,TXT3,NULL,,,
3510,IMGA,NULL,,,
3511,IMGA,NULL,,,
3512,IMGA,NULL,,,
3513,IMGA,NULL,,,
3514,IMGA,NULL,,,
3515,IMGA,NULL,,,
3516,IMGA,NULL,,,
3517,IMGA,NULL,,,
3518,IMGA,NULL,,,
3519,IMGA,NULL,,,
3520,IMGA,NULL,,,
3521,IMGA,NULL,,,
3522,IMGA,NULL,,,
3523,IMGA,NULL,,,
3524,IMGA,NULL,,,
3525,IMGA,NULL,,,
3526,IMGA,NULL,,,
3527,IMGA,NULL,,,
3528,IMGA,NULL,,,
3529,IMGA,NULL,,,
3530,IMGA,NULL,,,
3531,IMGA,NULL,,,
3532,IMGA,NULL,,,
3533,IMGA,NULL,,,
3534,IMGA,NULL,,,
3535,IMGA,NULL,,,
3536,IMGA,NULL,,,
3537,IMGA,NULL,,,
3538,IMGA,NULL,,,
3539,IMGA,NULL,,,
3540,IMGA,NULL,,,
3541,IMGA,NULL,,,
3542,IMGA,NULL,,,
3543,IMGA,NULL,,,
3544,IMGA,NULL,,,
3545,IMGA,NULL,,,
3546,IMGA,NULL,,,
3547,IMGA,NULL,,,
3548,IMGA,NULL,,,
3549,IMGA,NULL,,,
3550,IMGA,NULL,,,
3551,IMGA,NULL,,,
3552,IMGA,NULL,,,
3553,IMGA,NULL,,,
3554,TY08,NULL,,,
3555,TY07,NULL,,,
3556,TY07,NULL,,,
3557,TXT3,NULL,,,
3558,TXT3,NULL,,,
3559,IMGA,NULL,,,
3560,IMGA,NULL,,,
3561,IMGA,NULL,,,
3562,IMGA,NULL,,,
3563,IMGA,NULL,,,
3564,IMGA,NULL,,,
3565,IMGA,NULL,,,
3566,IMGA,NULL,,,
3567,IMGA,NULL,,,
3568,IMGA,NULL,,,
3569,IMGA,NULL,,,
3570,IMGA,NULL,,,
3571,IMGA,NULL,,,
3572,IMGA,NULL,,,
3573,IMGA,NULL,,,
3574,IMGA,NULL,,,
3575,IMGA,NULL,,,
3576,IMGA,NULL,,,
3577,IMGA,NULL,,,
3578,IMGA,NULL,,,
3579,IMGA,NULL,,,
3580,IMGA,NULL,,,
3581,IMGA,NULL,,,
3582,IMGA,NULL,,,
3583,IMGA,NULL,,,
3584,IMGA,NULL,,,
3585,IMGA,NULL,,,
3586,IMGA,NULL,,,
3587,IMGA,NULL,,,
3588,TY08,NULL,,,
3589,TY07,NULL,,,
3590,TY07,NULL,,,
3591,TXT3,NULL,,,
3592,IMGA,NULL,,,
3593,IMGA,NULL,,,
3594,IMGA,NULL,,,
3595,IMGA,NULL,,,
3596,IMGA,NULL,,,
3597,IMGA,NULL,,,
3598,IMGA,NULL,,,
3599,IMGA,NULL,,,
3600,IMGA,NULL,,,
3601,IMGA,NULL,,,
3602,IMGA,NULL,,,
3603,IMGA,NULL,,,
3604,IMGA,NULL,,,
3605,IMGA,NULL,,,
3606,IMGA,NULL,,,
3607,IMGA,NULL,,,
3608,IMGA,NULL,,,
3609,IMGA,NULL,,,
3610,IMGA,NULL,,,
3611,IMGA,NULL,,,
3612,IMGA,NULL,,,
3613,IMGA,NULL,,,
3614,IMGA,NULL,,,
3615,IMGA,NULL,,,
3616,IMGA,NULL,,,
3617,IMGA,NULL,,,
3618,IMGA,NULL,,,
3619,IMGA,NULL,,,
3620,IMGA,NULL,,,
3621,SND5,SPR5,,,
3622,SND5,SPR5,,,
3623,TY08,NULL,,,
3624,TY07,NULL,,,
3625,TY07,NULL,,,
3626,IMG4,NULL,,,
3627,SND5,SPR5,,,
3628,TXT3,NULL,,,
3629,IMG4,NULL,,,
3630,IMGA,NULL,,,
3631,IMGA,NULL,,,
3632,IMGA,NULL,,,
3633,IMGA,NULL,,,
3634,TXT3,NULL,,,
3635,IMGA,NULL,,,
3636,IMGA,NULL,,,
3637,IMGA,NULL,,,
3638,IMGA,NULL,,,
3639,IMGA,NULL,,,
3640,IMGA,NULL,,,
3641,IMGA,NULL,,,
3642,IMGA,NULL,,,
3643,IMGA,NULL,,,
3644,IMGA,NULL,,,
3645,IMGA,NULL,,,
3646,IMGA,NULL,,,
3647,IMGA,NULL,,,
3648,IMGA,NULL,,,
3649,IMGA,NULL,,,
3650,IMGA,NULL,,,
3651,IMGA,NULL,,,
3652,IMGA,NULL,,,
3653,IMGA,NULL,,,
3654,IMGA,NULL,,,
3655,IMGA,NULL,,,
3656,IMGA,NULL,,,
3657,IMGA,NULL,,,
3658,IMGA,NULL,,,
3659,IMGA,NULL,,,
3660,IMGA,NULL,,,
3661,IMGA,NULL,,,
3662,IMGA,NULL,,,
3663,IMGA,NULL,,,
3664,IMGA,NULL,,,
3665,IMGA,NULL,,,
3666,IMGA,NULL,,,
3667,IMGA,NULL,,,
3668,IMGA,NULL,,,
3669,IMGA,NULL,,,
3670,IMGA,NULL,,,
3671,IMGA,NULL,,,
3672,IMGA,NULL,,,
3673,IMGA,NULL,,,
3674,IMGA,NULL,,,
3675,IMGA,NULL,,,
3676,IMGA,NULL,,,
3677,IMGA,NULL,,,
3678,IMGA,NULL,,,
3679,IMGA,NULL,,,
3680,IMGA,NULL,,,
3681,IMGA,NULL,,,
3682,IMGA,NULL,,,
3683,IMGA,NULL,,,
3684,IMGA,NULL,,,
3685,SND5,SPR5,,,
3686,SND5,SPR5,,,
3687,TY08,NULL,,,
3688,TY07,NULL,,,
3689,TY07,NULL,,,
3690,IMG4,NULL,,,
3691,IMG4,NULL,,,
3692,IMG4,NULL,,,
3693,TXT3,NULL,,,
3694,TXT3,NULL,,,
3695,TXT3,NULL,,,
3696,SND5,SPR5,,,
3697,IMGA,NULL,,,
3698,IMGA,NULL,,,
3699,IMGA,NULL,,,
3700,IMGA,NULL,,,
3701,IMGA,NULL,,,
3702,IMGA,NULL,,,
3703,IMGA,NULL,,,
3704,IMGA,NULL,,,
3705,IMGA,NULL,,,
3706,IMGA,NULL,,,
3707,IMGA,NULL,,,
3708,IMGA,NULL,,,
3709,IMGA,NULL,,,
3710,IMGA,NULL,,,
3711,IMGA,NULL,,,
3712,IMGA,NULL,,,
3713,IMGA,NULL,,,
3714,IMGA,NULL,,,
3715,IMGA,NULL,,,
3716,IMGA,NULL,,,
3717,IMGA,NULL,,,
3718,IMGA,NULL,,,
3719,IMGA,NULL,,,
3720,IMGA,NULL,,,
3721,IMGA,NULL,,,
3722,IMGA,NULL,,,
3723,IMGA,NULL,,,
3724,IMGA,NULL,,,
3725,IMGA,NULL,,,
3726,IMGA,NULL,,,
3727,IMGA,NULL,,,
3728,IMGA,NULL,,,
3729,IMGA,NULL,,,
3730,IMGA,NULL,,,
3731,IMGA,NULL,,,
3732,IMGA,NULL,,,
3733,IMGA,NULL,,,
3734,IMGA,NULL,,,
3735,IMGA,NULL,,,
3736,IMGA,NULL,,,
3737,IMGA,NULL,,,
3738,IMGA,NULL,,,
3739,IMGA,NULL,,,
3740,IMGA,NULL,,,
3741,IMGA,NULL,,,
3742,IMGA,NULL,,,
3743,IMGA,NULL,,,
3744,TY07,NULL,,,
3745,TY07,NULL,,,
3746,TXT3,NULL,,,
3747,IMGA,NULL,,,
3748,IMGA,NULL,,,
3749,IMGA,NULL,,,
3750,IMGA,NULL,,,
3751,IMGA,NULL,,,
3752,IMGA,NULL,,,
3753,IMGA,NULL,,,
3754,IMGA,NULL,,,
3755,IMGA,NULL,,,
3756,IMGA,NULL,,,
3757,IMGA,NULL,,,
3758,IMGA,NULL,,,
3759,IMGA,NULL,,,
3760,IMGA,NULL,,,
3761,IMGA,NULL,,,
3762,IMGA,NULL,,,
3763,IMGA,NULL,,,
3764,IMGA,NULL,,,
3765,IMGA,NULL,,,
3766,IMGA,NULL,,,
3767,IMGA,NULL,,,
3768,IMGA,NULL,,,
3769,IMGA,NULL,,,
3770,IMGA,NULL,,,
3771,IMGA,NULL,,,
3772,IMGA,NULL,,,
3773,IMGA,NULL,,,
3774,IMGA,NULL,,,
3775,IMGA,NULL,,,
3776,IMGA,NULL,,,
3777,IMGA,NULL,,,
3778,IMGA,NULL,,,
3779,IMGA,NULL,,,
3780,IMGA,NULL,,,
3781,IMGA,NULL,,,
3782,IMGA,NULL,,,
3783,IMGA,NULL,,,
3784,IMGA,NULL,,,
3785,IMGA,NULL,,,
3786,IMGA,NULL,,,
3787,IMGA,NULL,,,
3788,IMGA,NULL,,,
3789,IMGA,NULL,,,
3790,IMGA,NULL,,,
3791,IMGA,NULL,,,
3792,IMGA,NULL,,,
3793,IMGA,NULL,,,
3794,IMGA,NULL,,,
3795,IMGA,NULL,,,
3796,IMGA,NULL,,,
3797,IMGA,NULL,,,
3798,IMGA,NULL,,,
3799,IMGA,NULL,,,
3800,IMGA,NULL,,,
3801,IMGA,NULL,,,
3802,IMGA,NULL,,,
3803,IMGA,NULL,,,
3804,IMGA,NULL,,,
3805,IMGA,NULL,,,
3806,IMGA,NULL,,,
3807,IMGA,NULL,,,
3808,IMGA,NULL,,,
3809,IMGA,NULL,,,
3810,IMGA,NULL,,,
3811,IMGA,NULL,,,
3812,IMGA,NULL,,,
3813,IMGA,NULL,,,
3814,IMGA,NULL,,,
3815,IMGA,NULL,,,
3816,IMGA,NULL,,,
3817,IMGA,NULL,,,
3818,IMGA,NULL,,,
3819,IMGA,NULL,,,
3820,IMGA,NULL,,,
3821,IMGA,NULL,,,
3822,IMGA,NULL,,,
3823,IMGA,NULL,,,
3824,IMGA,NULL,,,
3825,IMGA,NULL,,,
3826,IMGA,NULL,,,
3827,IMGA,NULL,,,
3828,IMGA,NULL,,,
3829,IMGA,NULL,,,
3830,IMGA,NULL,,,
3831,IMGA,NULL,,,
3832,IMGA,NULL,,,
3833,IMGA,NULL,,,
3834,IMGA,NULL,,,
3835,IMGA,NULL,,,
3836,IMGA,NULL,,,
3837,IMGA,NULL,,,
3838,IMGA,NULL,,,
3839,IMGA,NULL,,,
3840,IMGA,NULL,,,
3841,IMGA,NULL,,,
3842,IMGA,NULL,,,
3843,IMGA,NULL,,,
3844,IMGA,NULL,,,
3845,IMGA,NULL,,,
3846,IMGA,NULL,,,
3847,IMGA,NULL,,,
3848,IMGA,NULL,,,
3849,IMGA,NULL,,,
3850,IMGA,NULL,,,
3851,IMGA,NULL,,,
3852,IMGA,NULL,,,
3853,IMGA,NULL,,,
3854,SND5,SPR5,,,
3855,SND5,SPR5,,,
3856,TY08,NULL,,,
3857,TY07,NULL,,,
3858,TY07,NULL,,,
3859,IMGA,NULL,,,
3860,IMGA,NULL,,,
3861,IMGA,NULL,,,
3862,TXT3,NULL,,,
3863,TXT3,NULL,,,
3864,TXT3,NULL,,,
3865,TXT3,NULL,,,
3866,TXT3,NULL,,,
3867,SND5,SPR5,,,
3868,IMGA,NULL,,,
3869,IMGA,NULL,,,
3870,IMGA,NULL,,,
3871,IMGA,NULL,,,
3872,IMGA,NULL,,,
3873,IMGA,NULL,,,
3874,IMGA,NULL,,,
3875,IMGA,NULL,,,
3876,IMGA,NULL,,,
3877,IMGA,NULL,,,
3878,IMGA,NULL,,,
3879,IMGA,NULL,,,
3880,IMGA,NULL,,,
3881,IMGA,NULL,,,
3882,IMGA,NULL,,,
3883,IMGA,NULL,,,
3884,IMGA,NULL,,,
3885,IMGA,NULL,,,
3886,IMGA,NULL,,,
3887,IMGA,NULL,,,
3888,IMGA,NULL,,,
3889,IMGA,NULL,,,
3890,IMGA,NULL,,,
3891,IMGA,NULL,,,
3892,IMGA,NULL,,,
3893,IMGA,NULL,,,
3894,IMGA,NULL,,,
3895,IMGA,NULL,,,
3896,IMGA,NULL,,,
3897,IMGA,NULL,,,
3898,IMGA,NULL,,,
3899,IMGA,NULL,,,
3900,IMGA,NULL,,,
3901,IMGA,NULL,,,
3902,IMGA,NULL,,,
3903,IMGA,NULL,,,
3904,SND5,SPR5,,,
3905,SND5,SPR5,,,
3906,TY08,NULL,,,
3907,TY07,NULL,,,
3908,TY07,NULL,,,
3909,TXT3,NULL,,,
3910,TXT3,NULL,,,
3911,IMG4,NULL,,,
3912,IMGA,NULL,,,
3913,IMGA,NULL,,,
3914,IMGA,NULL,,,
3915,IMGA,NULL,,,
3916,TXT3,NULL,,,
3917,IMGA,NULL,,,
3918,IMGA,NULL,,,
3919,IMGA,NULL,,,
3920,IMGA,NULL,,,
3921,IMGA,NULL,,,
3922,IMGA,NULL,,,
3923,IMGA,NULL,,,
3924,IMGA,NULL,,,
3925,IMGA,NULL,,,
3926,IMGA,NULL,,,
3927,IMGA,NULL,,,
3928,IMGA,NULL,,,
3929,IMGA,NULL,,,
3930,IMGA,NULL,,,
3931,IMGA,NULL,,,
3932,IMGA,NULL,,,
3933,IMGA,NULL,,,
3934,IMGA,NULL,,,
3935,IMGA,NULL,,,
3936,IMGA,NULL,,,
3937,IMGA,NULL,,,
3938,IMGA,NULL,,,
3939,IMGA,NULL,,,
3940,IMGA,NULL,,,
3941,IMGA,NULL,,,
3942,IMGA,NULL,,,
3943,IMGA,NULL,,,
3944,IMGA,NULL,,,
3945,IMGA,NULL,,,
3946,IMGA,NULL,,,
3947,IMGA,NULL,,,
3948,IMGA,NULL,,,
3949,IMGA,NULL,,,
3950,IMGA,NULL,,,
3951,IMGA,NULL,,,
3952,IMGA,NULL,,,
3953,IMGA,NULL,,,
3954,IMGA,NULL,,,
3955,IMGA,NULL,,,
3956,IMGA,NULL,,,
3957,IMGA,NULL,,,
3958,IMGA,NULL,,,
3959,IMGA,NULL,,,
3960,IMGA,NULL,,,
3961,IMGA,NULL,,,
3962,IMGA,NULL,,,
3963,IMGA,NULL,,,
3964,IMGA,NULL,,,
3965,IMGA,NULL,,,
3966,IMGA,NULL,,,
3967,IMGA,NULL,,,
3968,IMGA,NULL,,,
3969,IMGA,NULL,,,
3970,TY07,NULL,,,
3971,TY07,NULL,,,
3972,TXT3,NULL,,,
3973,TXT3,NULL,,,
3974,TXT3,NULL,,,
3975,TXT3,NULL,,,
3976,IMGA,NULL,,,
3977,IMGA,NULL,,,
3978,IMGA,NULL,,,
3979,IMGA,NULL,,,
3980,IMGA,NULL,,,
3981,IMGA,NULL,,,
3982,IMGA,NULL,,,
3983,IMGA,NULL,,,
3984,IMGA,NULL,,,
3985,IMGA,NULL,,,
3986,IMGA,NULL,,,
3987,IMGA,NULL,,,
3988,IMGA,NULL,,,
3989,IMGA,NULL,,,
3990,IMGA,NULL,,,
3991,IMGA,NULL,,,
3992,IMGA,NULL,,,
3993,IMGA,NULL,,,
3994,IMGA,NULL,,,
3995,IMGA,NULL,,,
3996,IMGA,NULL,,,
3997,IMGA,NULL,,,
3998,IMGA,NULL,,,
3999,IMGA,NULL,,,
4000,IMGA,NULL,,,
4001,IMGA,NULL,,,
4002,IMGA,NULL,,,
4003,IMGA,NULL,,,
4004,IMGA,NULL,,,
4005,IMGA,NULL,,,
4006,IMGA,NULL,,,
4007,IMGA,NULL,,,
4008,IMGA,NULL,,,
4009,IMGA,NULL,,,
4010,IMGA,NULL,,,
4011,IMGA,NULL,,,
4012,IMGA,NULL,,,
4013,IMGA,NULL,,,
4014,IMGA,NULL,,,
4015,IMGA,NULL,,,
4016,IMGA,NULL,,,
4017,IMGA,NULL,,,
4018,SND5,SPR5,,,
4019,SND5,SPR5,,,
4020,TY08,NULL,,,
4021,TY07,NULL,,,
4022,TY07,NULL,,,
4023,TY07,NULL,,,
4024,IMGA,NULL,,,
4025,IMGA,NULL,,,
4026,IMGA,NULL,,,
4027,TXT3,NULL,,,
4028,TXT3,NULL,,,
4029,TXT3,NULL,,,
4030,IMG4,NULL,,,
4031,IMGA,NULL,,,
4032,IMGA,NULL,,,
4033,IMGA,NULL,,,
4034,TXT3,NULL,,,
4035,TY07,NULL,,,
4036,TY07,NULL,,,
4037,TXT3,NULL,,,
4038,IMGA,NULL,,,
4039,TY08,NULL,,,
4040,TY07,NULL,,,
4041,TY07,NULL,,,
4042,IMG4,NULL,,,
4043,TXT3,NULL,,,
4044,IMGA,NULL,,,
4045,IMGA,NULL,,,
4046,IMGA,NULL,,,
4047,IMGA,NULL,,,
4048,IMGA,NULL,,,
4049,IMGA,NULL,,,
4050,IMGA,NULL,,,
4051,IMGA,NULL,,,
4052,IMGA,NULL,,,
4053,IMGA,NULL,,,
4054,IMGA,NULL,,,
4055,IMGA,NULL,,,
4056,IMGA,NULL,,,
4057,IMGA,NULL,,,
4058,IMGA,NULL,,,
4059,IMGA,NULL,,,
4060,IMGA,NULL,,,
4061,IMGA,NULL,,,
4062,IMGA,NULL,,,
4063,IMGA,NULL,,,
4064,IMGA,NULL,,,
4065,IMGA,NULL,,,
4066,IMGA,NULL,,,
4067,IMGA,NULL,,,
4068,IMGA,NULL,,,
4069,IMGA,NULL,,,
4070,IMGA,NULL,,,
4071,IMGA,NULL,,,
4072,IMGA,NULL,,,
4073,IMGA,NULL,,,
4074,IMGA,NULL,,,
4075,IMGA,NULL,,,
4076,IMGA,NULL,,,
4077,IMGA,NULL,,,
4078,IMGA,NULL,,,
4079,IMGA,NULL,,,
4080,IMGA,NULL,,,
4081,IMGA,NULL,,,
4082,IMGA,NULL,,,
4083,IMGA,NULL,,,
4084,IMGA,NULL,,,
4085,IMGA,NULL,,,
4086,IMGA,NULL,,,
4087,IMGA,NULL,,,
4088,IMGA,NULL,,,
4089,IMGA,NULL,,,
4090,IMGA,NULL,,,
4091,TXT3,NULL,,,
4092,TXT3,NULL,,,
4093,TXT3,NULL,,,
4094,TXT3,NULL,,,
4095,TXT3,NULL,,,
4096,TXT3,NULL,,,
4097,TXT3,NULL,,,
4098,TXT3,NULL,,,
4099,TXT3,NULL,,,
4100,TXT3,NULL,,,
4101,TXT3,NULL,,,
4102,TXT3,NULL,,,
4103,TXT3,NULL,,,
4104,SND5,SPR5,,,
4105,IMGA,NULL,,,
4106,IMGA,NULL,,,
4107,IMGA,NULL,,,
4108,IMGA,NULL,,,
4109,IMGA,NULL,,,
4110,IMGA,NULL,,,
4111,IMGA,NULL,,,
4112,IMGA,NULL,,,
4113,IMGA,NULL,,,
4114,IMGA,NULL,,,
4115,IMGA,NULL,,,
4116,IMGA,NULL,,,
4117,IMGA,NULL,,,
4118,IMGA,NULL,,,
4119,IMGA,NULL,,,
4120,IMGA,NULL,,,
4121,IMGA,NULL,,,
4122,IMGA,NULL,,,
4123,IMGA,NULL,,,
4124,IMGA,NULL,,,
4125,IMGA,NULL,,,
4126,IMGA,NULL,,,
4127,IMGA,NULL,,,
4128,IMGA,NULL,,,
4129,IMGA,NULL,,,
4130,IMGA,NULL,,,
4131,IMGA,NULL,,,
4132,IMGA,NULL,,,
4133,IMGA,NULL,,,
4134,IMGA,NULL,,,
4135,IMGA,NULL,,,
4136,IMGA,NULL,,,
4137,IMGA,NULL,,,
4138,IMGA,NULL,,,
4139,IMGA,NULL,,,
4140,IMGA,NULL,,,
4141,IMGA,NULL,,,
4142,IMGA,NULL,,,
4143,IMGA,NULL,,,
4144,IMGA,NULL,,,
4145,IMGA,NULL,,,
4146,IMGA,NULL,,,
4147,IMGA,NULL,,,
4148,IMGA,NULL,,,
4149,IMGA,NULL,,,
4150,IMGA,NULL,,,
4151,IMGA,NULL,,,
4152,IMGA,NULL,,,
4153,IMGA,NULL,,,
4154,IMGA,NULL,,,
4155,IMGA,NULL,,,
4156,IMGA,NULL,,,
4157,IMGA,NULL,,,
4158,IMGA,NULL,,,
4159,IMGA,NULL,,,
4160,IMGA,NULL,,,
4161,IMGA,NULL,,,
4162,SND5,SPR5,,,
4163,SND5,SPR5,,,
4164,TY08,NULL,,,
4165,TY07,NULL,,,
4166,TY07,NULL,,,
4167,IMGA,NULL,,,
4168,IMGA,NULL,,,
4169,IMGA,NULL,,,
4170,TXT3,NULL,,,
4171,IMGA,NULL,,,
4172,IMGA,NULL,,,
4173,IMGA,NULL,,,
4174,IMGA,NULL,,,
4175,IMGA,NULL,,,
4176,IMGA,NULL,,,
4177,IMGA,NULL,,,
4178,IMGA,NULL,,,
4179,IMGA,NULL,,,
4180,IMGA,NULL,,,
4181,IMGA,NULL,,,
4182,IMGA,NULL,,,
4183,IMGA,NULL,,,
4184,IMGA,NULL,,,
4185,IMGA,NULL,,,
4186,IMGA,NULL,,,
4187,IMGA,NULL,,,
4188,IMGA,NULL,,,
4189,IMGA,NULL,,,
4190,IMGA,NULL,,,
4191,IMGA,NULL,,,
4192,IMGA,NULL,,,
4193,IMGA,NULL,,,
4194,IMGA,NULL,,,
4195,SND5,SPR5,,,
4196,TY08,NULL,,,
4197,TY07,NULL,,,
4198,TY07,NULL,,,
4199,TXT3,NULL,,,
4200,IMG4,NULL,,,
4201,IMGA,NULL,,,
4202,TXT3,NULL,,,
4203,IMG4,NULL,,,
4204,IMG4,NULL,,,
4205,TXT3,NULL,,,
4206,IMG4,NULL,,,
4207,TXT3,NULL,,,
4208,IMG4,NULL,,,
4209,IMGA,NULL,,,
4210,IMGA,NULL,,,
4211,IMGA,NULL,,,
4212,IMGA,NULL,,,
4213,TXT3,NULL,,,
4214,IMG4,NULL,,,
4215,TY07,NULL,,,
4216,TY07,NULL,,,
4217,IMG4,NULL,,,
4218,IMGA,NULL,,,
4219,IMGA,NULL,,,
4220,IMGA,NULL,,,
4221,IMGA,NULL,,,
4222,TXT3,NULL,,,
4223,TXT3,NULL,,,
4224,TXT3,NULL,,,
4225,IMGA,NULL,,,
4226,IMGA,NULL,,,
4227,IMGA,NULL,,,
4228,IMGA,NULL,,,
4229,IMGA,NULL,,,
4230,IMGA,NULL,,,
4231,IMGA,NULL,,,
4232,IMGA,NULL,,,
4233,IMGA,NULL,,,
4234,IMGA,NULL,,,
4235,IMGA,NULL,,,
4236,IMGA,NULL,,,
4237,IMGA,NULL,,,
4238,IMGA,NULL,,,
4239,IMGA,NULL,,,
4240,IMGA,NULL,,,
4241,IMGA,NULL,,,
4242,IMGA,NULL,,,
4243,IMGA,NULL,,,
4244,IMGA,NULL,,,
4245,IMGA,NULL,,,
4246,IMGA,NULL,,,
4247,IMGA,NULL,,,
4248,IMGA,NULL,,,
4249,IMGA,NULL,,,
4250,IMGA,NULL,,,
4251,IMGA,NULL,,,
4252,IMGA,NULL,,,
4253,IMGA,NULL,,,
4254,IMGA,NULL,,,
4255,IMGA,NULL,,,
4256,IMGA,NULL,,,
4257,IMGA,NULL,,,
4258,IMGA,NULL,,,
4259,IMGA,NULL,,,
4260,IMGA,NULL,,,
4261,IMGA,NULL,,,
4262,IMGA,NULL,,,
4263,IMGA,NULL,,,
4264,IMGA,NULL,,,
4265,IMGA,NULL,,,
4266,IMGA,NULL,,,
4267,IMGA,NULL,,,
4268,IMGA,NULL,,,
4269,IMGA,NULL,,,
4270,IMGA,NULL,,,
4271,IMGA,NULL,,,
4272,IMGA,NULL,,,
4273,IMGA,NULL,,,
4274,IMGA,NULL,,,
4275,IMGA,NULL,,,
4276,IMGA,NULL,,,
4277,IMGA,NULL,,,
4278,IMGA,NULL,,,
4279,IMGA,NULL,,,
4280,IMGA,NULL,,,
4281,IMGA,NULL,,,
4282,IMGA,NULL,,,
4283,IMGA,NULL,,,
4284,IMGA,NULL,,,
4285,IMGA,NULL,,,
4286,IMGA,NULL,,,
4287,IMGA,NULL,,,
4288,IMGA,NULL,,,
4289,IMGA,NULL,,,
4290,IMGA,NULL,,,
4291,IMGA,NULL,,,
4292,IMGA,NULL,,,
4293,IMGA,NULL,,,
4294,IMGA,NULL,,,
4295,IMGA,NULL,,,
4296,IMGA,NULL,,,
4297,IMGA,NULL,,,
4298,IMGA,NULL,,,
4299,IMGA,NULL,,,
4300,IMGA,NULL,,,
4301,IMGA,NULL,,,
4302,IMGA,NULL,,,
4303,IMGA,NULL,,,
4304,IMGA,NULL,,,
4305,IMGA,NULL,,,
4306,IMGA,NULL,,,
4307,IMGA,NULL,,,
4308,IMGA,NULL,,,
4309,IMGA,NULL,,,
4310,IMGA,NULL,,,
4311,IMGA,NULL,,,
4312,IMGA,NULL,,,
4313,IMGA,NULL,,,
4314,IMGA,NULL,,,
4315,IMGA,NULL,,,
4316,IMGA,NULL,,,
4317,IMGA,NULL,,,
4318,IMGA,NULL,,,
4319,IMGA,NULL,,,
4320,IMGA,NULL,,,
4321,IMGA,NULL,,,
4322,IMGA,NULL,,,
4323,IMGA,NULL,,,
4324,IMGA,NULL,,,
4325,IMGA,NULL,,,
4326,IMGA,NULL,,,
4327,IMGA,NULL,,,
4328,SND5,SPR5,,,
4329,TY08,NULL,,,
4330,TY07,NULL,,,
4331,TY07,NULL,,,
4332,TY07,NULL,,,
4333,IMGA,NULL,,,
4334,IMGA,NULL,,,
4335,IMGA,NULL,,,
4336,TXT3,NULL,,,
4337,TXT3,NULL,,,
4338,IMGA,NULL,,,
4339,IMGA,NULL,,,
4340,IMGA,NULL,,,
4341,IMGA,NULL,,,
4342,IMGA,NULL,,,
4343,IMGA,NULL,,,
4344,IMGA,NULL,,,
4345,IMGA,NULL,,,
4346,IMGA,NULL,,,
4347,IMGA,NULL,,,
4348,IMGA,NULL,,,
4349,IMGA,NULL,,,
4350,IMGA,NULL,,,
4351,IMGA,NULL,,,
4352,IMGA,NULL,,,
4353,IMGA,NULL,,,
4354,IMGA,NULL,,,
4355,IMGA,NULL,,,
4356,IMGA,NULL,,,
4357,IMGA,NULL,,,
4358,IMGA,NULL,,,
4359,IMGA,NULL,,,
4360,IMGA,NULL,,,
4361,IMGA,NULL,,,
4362,IMGA,NULL,,,
4363,IMGA,NULL,,,
4364,IMGA,NULL,,,
4365,IMGA,NULL,,,
4366,IMGA,NULL,,,
4367,IMGA,NULL,,,
4368,IMGA,NULL,,,
4369,IMGA,NULL,,,
4370,IMGA,NULL,,,
4371,IMGA,NULL,,,
4372,IMGA,NULL,,,
4373,IMGA,NULL,,,
4374,IMGA,NULL,,,
4375,IMGA,NULL,,,
4376,IMGA,NULL,,,
4377,IMGA,NULL,,,
4378,IMGA,NULL,,,
4379,IMGA,NULL,,,
4380,IMGA,NULL,,,
4381,IMGA,NULL,,,
4382,IMGA,NULL,,,
4383,IMGA,NULL,,,
4384,IMGA,NULL,,,
4385,IMGA,NULL,,,
4386,IMGA,NULL,,,
4387,IMGA,NULL,,,
4388,IMGA,NULL,,,
4389,IMGA,NULL,,,
4390,IMGA,NULL,,,
4391,IMGA,NULL,,,
4392,IMGA,NULL,,,
4393,IMGA,NULL,,,
4394,IMGA,NULL,,,
4395,IMGA,NULL,,,
4396,IMGA,NULL,,,
4397,IMGA,NULL,,,
4398,IMGA,NULL,,,
4399,IMGA,NULL,,,
4400,IMGA,NULL,,,
4401,IMGA,NULL,,,
4402,IMGA,NULL,,,
4403,IMGA,NULL,,,
4404,IMGA,NULL,,,
4405,IMGA,NULL,,,
4406,IMGA,NULL,,,
4407,IMGA,NULL,,,
4408,IMGA,NULL,,,
4409,IMGA,NULL,,,
4410,IMGA,NULL,,,
4411,IMGA,NULL,,,
4412,IMGA,NULL,,,
4413,IMGA,NULL,,,
4414,IMGA,NULL,,,
4415,IMGA,NULL,,,
4416,TY08,NULL,,,
4417,TY07,NULL,,,
4418,TY07,NULL,,,
4419,TXT3,NULL,,,
4420,TXT3,NULL,,,
4421,SND5,SPR5,,,
4422,IMGA,NULL,,,
4423,IMGA,NULL,,,
4424,IMGA,NULL,,,
4425,IMGA,NULL,,,
4426,IMGA,NULL,,,
4427,IMGA,NULL,,,
4428,IMGA,NULL,,,
4429,IMGA,NULL,,,
4430,IMGA,NULL,,,
4431,IMGA,NULL,,,
4432,IMGA,NULL,,,
4433,IMGA,NULL,,,
4434,IMGA,NULL,,,
4435,IMGA,NULL,,,
4436,IMGA,NULL,,,
4437,IMGA,NULL,,,
4438,IMGA,NULL,,,
4439,IMGA,NULL,,,
4440,IMGA,NULL,,,
4441,IMGA,NULL,,,
4442,IMGA,NULL,,,
4443,IMGA,NULL,,,
4444,IMGA,NULL,,,
4445,IMGA,NULL,,,
4446,IMGA,NULL,,,
4447,IMGA,NULL,,,
4448,IMGA,NULL,,,
4449,IMGA,NULL,,,
4450,IMGA,NULL,,,
4451,IMGA,NULL,,,
4452,IMGA,NULL,,,
4453,IMGA,NULL,,,
4454,IMGA,NULL,,,
4455,IMGA,NULL,,,
4456,IMGA,NULL,,,
4457,IMGA,NULL,,,
4458,IMGA,NULL,,,
4459,IMGA,NULL,,,
4460,IMGA,NULL,,,
4461,IMGA,NULL,,,
4462,IMGA,NULL,,,
4463,IMGA,NULL,,,
4464,IMGA,NULL,,,
4465,IMGA,NULL,,,
4466,IMGA,NULL,,,
4467,IMGA,NULL,,,
4468,IMGA,NULL,,,
4469,IMGA,NULL,,,
4470,IMGA,NULL,,,
4471,IMGA,NULL,,,
4472,IMGA,NULL,,,
4473,IMGA,NULL,,,
4474,IMGA,NULL,,,
4475,IMGA,NULL,,,
4476,IMGA,NULL,,,
4477,IMGA,NULL,,,
4478,IMGA,NULL,,,
4479,IMGA,NULL,,,
4480,IMGA,NULL,,,
4481,TY08,NULL,,,
4482,TY07,NULL,,,
4483,TY07,NULL,,,
4484,IMGA,NULL,,,
4485,IMGA,NULL,,,
4486,IMGA,NULL,,,
4487,TXT3,NULL,,,
4488,SND5,SPR5,,,
4489,IMGA,NULL,,,
4490,IMGA,NULL,,,
4491,IMGA,NULL,,,
4492,IMGA,NULL,,,
4493,IMGA,NULL,,,
4494,IMGA,NULL,,,
4495,IMGA,NULL,,,
4496,IMGA,NULL,,,
4497,IMGA,NULL,,,
4498,IMGA,NULL,,,
4499,IMGA,NULL,,,
4500,IMGA,NULL,,,
4501,IMGA,NULL,,,
4502,IMGA,NULL,,,
4503,IMGA,NULL,,,
4504,IMGA,NULL,,,
4505,IMGA,NULL,,,
4506,IMGA,NULL,,,
4507,IMGA,NULL,,,
4508,IMGA,NULL,,,
4509,IMGA,NULL,,,
4510,IMGA,NULL,,,
4511,IMGA,NULL,,,
4512,IMGA,NULL,,,
4513,IMGA,NULL,,,
4514,IMGA,NULL,,,
4515,IMGA,NULL,,,
4516,IMGA,NULL,,,
4517,IMGA,NULL,,,
4518,IMGA,NULL,,,
4519,IMGA,NULL,,,
4520,IMGA,NULL,,,
4521,IMGA,NULL,,,
4522,IMGA,NULL,,,
4523,IMGA,NULL,,,
4524,IMGA,NULL,,,
4525,IMGA,NULL,,,
4526,IMGA,NULL,,,
4527,IMGA,NULL,,,
4528,IMGA,NULL,,,
4529,IMGA,NULL,,,
4530,SND5,SPR5,,,
4531,SND5,SPR5,,,
4532,TY08,NULL,,,
4533,TY07,NULL,,,
4534,TY07,NULL,,,
4535,IMGA,NULL,,,
4536,IMGA,NULL,,,
4537,IMGA,NULL,,,
4538,TXT3,NULL,,,
4539,IMG4,NULL,,,
4540,TY07,NULL,,,
4541,TY07,NULL,,,
4542,IMG4,NULL,,,
4543,IMGA,NULL,,,
4544,IMGA,NULL,,,
4545,IMGA,NULL,,,
4546,IMGA,NULL,,,
4547,IMGA,NULL,,,
4548,IMGA,NULL,,,
4549,IMGA,NULL,,,
4550,IMGA,NULL,,,
4551,IMGA,NULL,,,
4552,IMGA,NULL,,,
4553,TXT3,NULL,,,
4554,SND5,SPR5,,,
4555,IMGA,NULL,,,
4556,IMGA,NULL,,,
4557,IMGA,NULL,,,
4558,IMGA,NULL,,,
4559,IMGA,NULL,,,
4560,IMGA,NULL,,,
4561,IMGA,NULL,,,
4562,IMGA,NULL,,,
4563,IMGA,NULL,,,
4564,IMGA,NULL,,,
4565,IMGA,NULL,,,
4566,IMGA,NULL,,,
4567,IMGA,NULL,,,
4568,IMGA,NULL,,,
4569,IMGA,NULL,,,
4570,IMGA,NULL,,,
4571,IMGA,NULL,,,
4572,IMGA,NULL,,,
4573,IMGA,NULL,,,
4574,IMGA,NULL,,,
4575,IMGA,NULL,,,
4576,IMGA,NULL,,,
4577,IMGA,NULL,,,
4578,IMGA,NULL,,,
4579,IMGA,NULL,,,
4580,IMGA,NULL,,,
4581,IMGA,NULL,,,
4582,IMGA,NULL,,,
4583,IMGA,NULL,,,
4584,IMGA,NULL,,,
4585,IMGA,NULL,,,
4586,IMGA,NULL,,,
4587,IMGA,NULL,,,
4588,IMGA,NULL,,,
4589,IMGA,NULL,,,
4590,IMGA,NULL,,,
4591,IMGA,NULL,,,
4592,IMGA,NULL,,,
4593,IMGA,NULL,,,
4594,IMGA,NULL,,,
4595,IMGA,NULL,,,
4596,IMGA,NULL,,,
4597,IMGA,NULL,,,
4598,IMGA,NULL,,,
4599,IMGA,NULL,,,
4600,IMGA,NULL,,,
4601,IMGA,NULL,,,
4602,IMGA,NULL,,,
4603,IMGA,NULL,,,
4604,IMGA,NULL,,,
4605,IMGA,NULL,,,
4606,IMGA,NULL,,,
4607,IMGA,NULL,,,
4608,IMGA,NULL,,,
4609,IMGA,NULL,,,
4610,IMGA,NULL,,,
4611,IMGA,NULL,,,
4612,IMGA,NULL,,,
4613,IMGA,NULL,,,
4614,IMGA,NULL,,,
4615,IMGA,NULL,,,
4616,IMGA,NULL,,,
4617,IMGA,NULL,,,
4618,IMGA,NULL,,,
4619,IMGA,NULL,,,
4620,IMGA,NULL,,,
4621,IMGA,NULL,,,
4622,IMGA,NULL,,,
4623,IMGA,NULL,,,
4624,IMGA,NULL,,,
4625,IMGA,NULL,,,
4626,IMGA,NULL,,,
4627,IMGA,NULL,,,
4628,IMGA,NULL,,,
4629,TY08,NULL,,,
4630,TY07,NULL,,,
4631,TY07,NULL,,,
4632,IMG4,NULL,,,
4633,IMG4,NULL,,,
4634,IMG4,NULL,,,
4635,SND5,SPR5,,,
4636,TXT3,NULL,,,
4637,IMGA,NULL,,,
4638,IMGA,NULL,,,
4639,IMGA,NULL,,,
4640,IMGA,NULL,,,
4641,IMGA,NULL,,,
4642,IMGA,NULL,,,
4643,IMGA,NULL,,,
4644,IMGA,NULL,,,
4645,IMGA,NULL,,,
4646,IMGA,NULL,,,
4647,IMGA,NULL,,,
4648,IMGA,NULL,,,
4649,IMGA,NULL,,,
4650,IMGA,NULL,,,
4651,IMGA,NULL,,,
4652,IMGA,NULL,,,
4653,IMGA,NULL,,,
4654,IMGA,NULL,,,
4655,IMGA,NULL,,,
4656,IMGA,NULL,,,
4657,IMGA,NULL,,,
4658,IMGA,NULL,,,
4659,IMGA,NULL,,,
4660,IMGA,NULL,,,
4661,IMGA,NULL,,,
4662,IMGA,NULL,,,
4663,IMGA,NULL,,,
4664,IMGA,NULL,,,
4665,IMGA,NULL,,,
4666,IMGA,NULL,,,
4667,IMGA,NULL,,,
4668,IMGA,NULL,,,
4669,IMGA,NULL,,,
4670,IMGA,NULL,,,
4671,IMGA,NULL,,,
4672,IMGA,NULL,,,
4673,IMGA,NULL,,,
4674,IMGA,NULL,,,
4675,IMGA,NULL,,,
4676,IMGA,NULL,,,
4677,IMGA,NULL,,,
4678,IMGA,NULL,,,
4679,IMGA,NULL,,,
4680,IMGA,NULL,,,
4681,IMGA,NULL,,,
4682,IMGA,NULL,,,
4683,IMGA,NULL,,,
4684,IMGA,NULL,,,
4685,IMGA,NULL,,,
4686,IMGA,NULL,,,
4687,IMGA,NULL,,,
4688,IMGA,NULL,,,
4689,IMGA,NULL,,,
4690,IMGA,NULL,,,
4691,IMGA,NULL,,,
4692,IMGA,NULL,,,
4693,IMGA,NULL,,,
4694,IMGA,NULL,,,
4695,IMGA,NULL,,,
4696,IMGA,NULL,,,
4697,IMGA,NULL,,,
4698,IMGA,NULL,,,
4699,SND5,SPR5,,,
4700,SND5,SPR5,,,
4701,SND5,SPR5,,,
4702,TY08,NULL,,,
4703,TY07,NULL,,,
4704,TY07,NULL,,,
4705,IMGA,NULL,,,
4706,IMGA,NULL,,,
4707,IMGA,NULL,,,
4708,TXT3,NULL,,,
4709,TXT3,NULL,,,
4710,IMG4,NULL,,,
4711,IMGA,NULL,,,
4712,IMGA,NULL,,,
4713,IMGA,NULL,,,
4714,TXT3,NULL,,,
4715,IMGA,NULL,,,
4716,IMGA,NULL,,,
4717,IMG4,NULL,,,
4718,TY07,NULL,,,
4719,IMGA,NULL,,,
4720,TXT3,NULL,,,
4721,IMGA,NULL,,,
4722,IMGA,NULL,,,
4723,IMGA,NULL,,,
4724,IMGA,NULL,,,
4725,IMG4,NULL,,,
4726,IMGA,NULL,,,
4727,IMGA,NULL,,,
4728,IMGA,NULL,,,
4729,IMGA,NULL,,,
4730,SND5,SPR5,,,
4731,SND5,SPR5,,,
4732,TY08,NULL,,,
4733,TY07,NULL,,,
4734,TY07,NULL,,,
4735,IMGA,NULL,,,
4736,IMGA,NULL,,,
4737,IMGA,NULL,,,
4738,TXT3,NULL,,,
4739,IMGA,NULL,,,
4740,IMGA,NULL,,,
4741,SND5,SPR5,,,
4742,TY07,NULL,,,
4743,TXT3,NULL,,,
4744,IMGA,NULL,,,
4745,IMGA,NULL,,,
4746,IMGA,NULL,,,
4747,IMGA,NULL,,,
4748,IMGA,NULL,,,
4749,IMGA,NULL,,,
4750,IMGA,NULL,,,
4751,IMGA,NULL,,,
4752,IMGA,NULL,,,
4753,IMGA,NULL,,,
4754,IMGA,NULL,,,
4755,IMGA,NULL,,,
4756,IMGA,NULL,,,
4757,IMGA,NULL,,,
4758,IMGA,NULL,,,
4759,IMGA,NULL,,,
4760,IMGA,NULL,,,
4761,IMGA,NULL,,,
4762,IMGA,NULL,,,
4763,IMGA,NULL,,,
4764,IMGA,NULL,,,
4765,IMGA,NULL,,,
4766,IMGA,NULL,,,
4767,IMGA,NULL,,,
4768,IMGA,NULL,,,
4769,IMGA,NULL,,,
4770,IMGA,NULL,,,
4771,IMGA,NULL,,,
4772,IMGA,NULL,,,
4773,SND5,SPR5,,,
4774,TY08,NULL,,,
4775,TY07,NULL,,,
4776,TY07,NULL,,,
4777,IMGA,NULL,,,
4778,IMGA,NULL,,,
4779,IMGA,NULL,,,
4780,TXT3,NULL,,,
4781,TXT3,NULL,,,
4782,IMGA,NULL,,,
4783,IMGA,NULL,,,
4784,IMGA,NULL,,,
4785,IMGA,NULL,,,
4786,SND5,SPR5,,,
4787,TY08,NULL,,,
4788,TY07,NULL,,,
4789,TY07,NULL,,,
4790,IMG4,NULL,,,
4791,IMGA,NULL,,,
4792,TXT3,NULL,,,
4793,IMG4,NULL,,,
4794,TY08,NULL,,,
4795,TY07,NULL,,,
4796,TY07,NULL,,,
4797,IMG4,NULL,,,
4798,IMG4,NULL,,,
4799,IMG4,NULL,,,
4800,IMG4,NULL,,,
4801,IMG4,NULL,,,
4802,TXT3,NULL,,,
4803,TXT3,NULL,,,
4804,IMG4,NULL,,,
4805,IMGA,NULL,,,
4806,TXT3,NULL,,,
4807,IMGA,NULL,,,
4808,IMGA,NULL,,,
4809,IMGA,NULL,,,
4810,IMGA,NULL,,,
4811,IMGA,NULL,,,
4812,IMGA,NULL,,,
4813,IMGA,NULL,,,
4814,IMGA,NULL,,,
4815,IMGA,NULL,,,
4816,IMGA,NULL,,,
4817,IMGA,NULL,,,
4818,IMGA,NULL,,,
4819,IMGA,NULL,,,
4820,IMGA,NULL,,,
4821,IMGA,NULL,,,
4822,IMGA,NULL,,,
4823,IMGA,NULL,,,
4824,IMGA,NULL,,,
4825,IMGA,NULL,,,
4826,IMGA,NULL,,,
4827,IMGA,NULL,,,
4828,IMGA,NULL,,,
4829,IMGA,NULL,,,
4830,IMGA,NULL,,,
4831,IMGA,NULL,,,
4832,IMGA,NULL,,,
4833,IMGA,NULL,,,
4834,IMGA,NULL,,,
4835,TY08,NULL,,,
4836,TY07,NULL,,,
4837,TY07,NULL,,,
4838,IMGA,NULL,,,
4839,IMGA,NULL,,,
4840,IMGA,NULL,,,
4841,TXT3,NULL,,,
4842,TY07,NULL,,,
4843,IMG4,NULL,,,
4844,IMGA,NULL,,,
4845,IMGA,NULL,,,
4846,IMGA,NULL,,,
4847,TXT3,NULL,,,
4848,IMG4,NULL,,,
4849,TY08,NULL,,,
4850,TY07,NULL,,,
4851,TY07,NULL,,,
4852,IMGA,NULL,,,
4853,IMGA,NULL,,,
4854,IMGA,NULL,,,
4855,TXT3,NULL,,,
4856,IMGA,NULL,,,
4857,IMGA,NULL,,,
4858,IMGA,NULL,,,
4859,IMGA,NULL,,,
4860,IMGA,NULL,,,
4861,IMGA,NULL,,,
4862,IMGA,NULL,,,
4863,IMGA,NULL,,,
4864,IMGA,NULL,,,
4865,IMGA,NULL,,,
4866,IMGA,NULL,,,
4867,IMGA,NULL,,,
4868,IMGA,NULL,,,
4869,IMGA,NULL,,,
4870,IMGA,NULL,,,
4871,IMGA,NULL,,,
4872,IMGA,NULL,,,
4873,IMGA,NULL,,,
4874,IMGA,NULL,,,
4875,IMGA,NULL,,,
4876,IMGA,NULL,,,
4877,IMGA,NULL,,,
4878,IMGA,NULL,,,
4879,IMGA,NULL,,,
4880,IMGA,NULL,,,
4881,IMGA,NULL,,,
4882,IMGA,NULL,,,
4883,IMGA,NULL,,,
4884,IMGA,NULL,,,
4885,IMGA,NULL,,,
4886,IMGA,NULL,,,
4887,IMGA,NULL,,,
4888,IMGA,NULL,,,
4889,IMGA,NULL,,,
4890,IMGA,NULL,,,
4891,IMGA,NULL,,,
4892,IMGA,NULL,,,
4893,SND5,SPR5,,,
4894,SND5,SPR5,,,
4895,TY08,NULL,,,
4896,TY07,NULL,,,
4897,TY07,NULL,,,
4898,IMG4,NULL,,,
4899,IMG4,NULL,,,
4900,IMG4,NULL,,,
4901,TXT3,NULL,,,
